.\venv\Scripts\python.exe : Creating test database for alias 'default'...
En línea: 1 Carácter: 1
+ .\venv\Scripts\python.exe manage.py test tests.test_auth > test_outpu ...
+ ~~~~~~~~~~~~~~~~~~~~~~~~~~~~~~~~~~~~~~~~~~~~~~~~~~~~~~~~~~~~~~~~~~~~~
    + CategoryInfo          : NotSpecified: (Creating test d...as 'default'...:String) [], RemoteException
    + FullyQualifiedErrorId : NativeCommandError
 

Found 5 test(s).
System check identified no issues (0 silenced).
C:\Users\Vicente\Desktop\clinica_alba\venv\Lib\site-packages\django\core\handlers\base.py:61: UserWarning: No 
directory at: C:\Users\Vicente\Desktop\clinica_alba\staticfiles\
  mw_instance = middleware(adapted_handler)
EEEEE
======================================================================
ERROR: test_login_correcto (tests.test_auth.LoginTest.test_login_correcto)
Un usuario activo puede iniciar sesi¾n con credenciales correctas.
----------------------------------------------------------------------
Traceback (most recent call last):
  File "C:\Users\Vicente\Desktop\clinica_alba\venv\Lib\site-packages\django\core\handlers\exception.py", line 55, in 
inner
    response = get_response(request)
  File "C:\Users\Vicente\Desktop\clinica_alba\venv\Lib\site-packages\django\core\handlers\base.py", line 197, in 
_get_response
    response = wrapped_callback(request, *callback_args, **callback_kwargs)
  File "C:\Users\Vicente\Desktop\clinica_alba\venv\Lib\site-packages\django\views\generic\base.py", line 104, in view
    return self.dispatch(request, *args, **kwargs)
           ~~~~~~~~~~~~~^^^^^^^^^^^^^^^^^^^^^^^^^^
  File "C:\Users\Vicente\Desktop\clinica_alba\venv\Lib\site-packages\django\contrib\auth\mixins.py", line 73, in 
dispatch
    return super().dispatch(request, *args, **kwargs)
           ~~~~~~~~~~~~~~~~^^^^^^^^^^^^^^^^^^^^^^^^^^
  File "C:\Users\Vicente\Desktop\clinica_alba\venv\Lib\site-packages\django\views\generic\base.py", line 143, in 
dispatch
    return handler(request, *args, **kwargs)
  File "C:\Users\Vicente\Desktop\clinica_alba\apps\dashboard\views.py", line 17, in get
    return self.dashboard_admin(request)
           ~~~~~~~~~~~~~~~~~~~~^^^^^^^^^
  File "C:\Users\Vicente\Desktop\clinica_alba\apps\dashboard\views.py", line 151, in dashboard_admin
    return render(request, "dashboard/index.html", ctx)
  File "C:\Users\Vicente\Desktop\clinica_alba\venv\Lib\site-packages\django\shortcuts.py", line 25, in render
    content = loader.render_to_string(template_name, context, request, using=using)
  File "C:\Users\Vicente\Desktop\clinica_alba\venv\Lib\site-packages\django\template\loader.py", line 62, in 
render_to_string
    return template.render(context, request)
           ~~~~~~~~~~~~~~~^^^^^^^^^^^^^^^^^^
  File "C:\Users\Vicente\Desktop\clinica_alba\venv\Lib\site-packages\django\template\backends\django.py", line 61, in 
render
    return self.template.render(context)
           ~~~~~~~~~~~~~~~~~~~~^^^^^^^^^
  File "C:\Users\Vicente\Desktop\clinica_alba\venv\Lib\site-packages\django\template\base.py", line 171, in render
    return self._render(context)
           ~~~~~~~~~~~~^^^^^^^^^
  File "C:\Users\Vicente\Desktop\clinica_alba\venv\Lib\site-packages\django\test\utils.py", line 110, in 
instrumented_test_render
    template_rendered.send(sender=self, template=self, context=context)
    ~~~~~~~~~~~~~~~~~~~~~~^^^^^^^^^^^^^^^^^^^^^^^^^^^^^^^^^^^^^^^^^^^^^
  File "C:\Users\Vicente\Desktop\clinica_alba\venv\Lib\site-packages\django\dispatch\dispatcher.py", line 189, in send
    response = receiver(signal=self, sender=sender, **named)
  File "C:\Users\Vicente\Desktop\clinica_alba\venv\Lib\site-packages\django\test\client.py", line 275, in 
store_rendered_templates
    store["context"].append(copy(context))
                            ~~~~^^^^^^^^^
  File "C:\Program Files (x86)\Python314-32\Lib\copy.py", line 82, in copy
    return copier(x)
  File "C:\Users\Vicente\Desktop\clinica_alba\venv\Lib\site-packages\django\template\context.py", line 158, in __copy__
    duplicate = super().__copy__()
  File "C:\Users\Vicente\Desktop\clinica_alba\venv\Lib\site-packages\django\template\context.py", line 39, in __copy__
    duplicate.dicts = self.dicts[:]
    ^^^^^^^^^^^^^^^
AttributeError: 'super' object has no attribute 'dicts' and no __dict__ for setting new attributes

During handling of the above exception, another exception occurred:

Traceback (most recent call last):
  File "C:\Users\Vicente\Desktop\clinica_alba\venv\Lib\site-packages\django\core\handlers\exception.py", line 55, in 
inner
    response = get_response(request)
  File "C:\Users\Vicente\Desktop\clinica_alba\venv\Lib\site-packages\django\utils\deprecation.py", line 134, in 
__call__
    response = response or self.get_response(request)
                           ~~~~~~~~~~~~~~~~~^^^^^^^^^
  File "C:\Users\Vicente\Desktop\clinica_alba\venv\Lib\site-packages\django\core\handlers\exception.py", line 57, in 
inner
    response = response_for_exception(request, exc)
  File "C:\Users\Vicente\Desktop\clinica_alba\venv\Lib\site-packages\django\core\handlers\exception.py", line 143, in 
response_for_exception
    log_response(
    ~~~~~~~~~~~~^
        "%s: %s",
        ^^^^^^^^^
    ...<4 lines>...
        exception=exc,
        ^^^^^^^^^^^^^^
    )
    ^
  File "C:\Users\Vicente\Desktop\clinica_alba\venv\Lib\site-packages\django\utils\log.py", line 241, in log_response
    getattr(logger, level)(
    ~~~~~~~~~~~~~~~~~~~~~~^
        message,
        ^^^^^^^^
    ...<5 lines>...
        exc_info=exception,
        ^^^^^^^^^^^^^^^^^^^
    )
    ^
  File "C:\Program Files (x86)\Python314-32\Lib\logging\__init__.py", line 1549, in error
    self._log(ERROR, msg, args, **kwargs)
    ~~~~~~~~~^^^^^^^^^^^^^^^^^^^^^^^^^^^^
  File "C:\Program Files (x86)\Python314-32\Lib\logging\__init__.py", line 1665, in _log
    self.handle(record)
    ~~~~~~~~~~~^^^^^^^^
  File "C:\Program Files (x86)\Python314-32\Lib\logging\__init__.py", line 1681, in handle
    self.callHandlers(record)
    ~~~~~~~~~~~~~~~~~^^^^^^^^
  File "C:\Program Files (x86)\Python314-32\Lib\logging\__init__.py", line 1737, in callHandlers
    hdlr.handle(record)
    ~~~~~~~~~~~^^^^^^^^
  File "C:\Program Files (x86)\Python314-32\Lib\logging\__init__.py", line 1027, in handle
    self.emit(record)
    ~~~~~~~~~^^^^^^^^
  File "C:\Users\Vicente\Desktop\clinica_alba\venv\Lib\site-packages\django\utils\log.py", line 125, in emit
    reporter.get_traceback_text(),
    ~~~~~~~~~~~~~~~~~~~~~~~~~~~^^
  File "C:\Users\Vicente\Desktop\clinica_alba\venv\Lib\site-packages\django\views\debug.py", line 436, in 
get_traceback_text
    return t.render(c)
           ~~~~~~~~^^^
  File "C:\Users\Vicente\Desktop\clinica_alba\venv\Lib\site-packages\django\template\base.py", line 171, in render
    return self._render(context)
           ~~~~~~~~~~~~^^^^^^^^^
  File "C:\Users\Vicente\Desktop\clinica_alba\venv\Lib\site-packages\django\test\utils.py", line 110, in 
instrumented_test_render
    template_rendered.send(sender=self, template=self, context=context)
    ~~~~~~~~~~~~~~~~~~~~~~^^^^^^^^^^^^^^^^^^^^^^^^^^^^^^^^^^^^^^^^^^^^^
  File "C:\Users\Vicente\Desktop\clinica_alba\venv\Lib\site-packages\django\dispatch\dispatcher.py", line 189, in send
    response = receiver(signal=self, sender=sender, **named)
  File "C:\Users\Vicente\Desktop\clinica_alba\venv\Lib\site-packages\django\test\client.py", line 275, in 
store_rendered_templates
    store["context"].append(copy(context))
                            ~~~~^^^^^^^^^
  File "C:\Program Files (x86)\Python314-32\Lib\copy.py", line 82, in copy
    return copier(x)
  File "C:\Users\Vicente\Desktop\clinica_alba\venv\Lib\site-packages\django\template\context.py", line 158, in __copy__
    duplicate = super().__copy__()
  File "C:\Users\Vicente\Desktop\clinica_alba\venv\Lib\site-packages\django\template\context.py", line 39, in __copy__
    duplicate.dicts = self.dicts[:]
    ^^^^^^^^^^^^^^^
AttributeError: 'super' object has no attribute 'dicts' and no __dict__ for setting new attributes

During handling of the above exception, another exception occurred:

Traceback (most recent call last):
  File "C:\Users\Vicente\Desktop\clinica_alba\venv\Lib\site-packages\django\core\handlers\exception.py", line 55, in 
inner
    response = get_response(request)
  File "C:\Users\Vicente\Desktop\clinica_alba\venv\Lib\site-packages\django\utils\deprecation.py", line 134, in 
__call__
    response = response or self.get_response(request)
                           ~~~~~~~~~~~~~~~~~^^^^^^^^^
  File "C:\Users\Vicente\Desktop\clinica_alba\venv\Lib\site-packages\django\core\handlers\exception.py", line 57, in 
inner
    response = response_for_exception(request, exc)
  File "C:\Users\Vicente\Desktop\clinica_alba\venv\Lib\site-packages\django\core\handlers\exception.py", line 143, in 
response_for_exception
    log_response(
    ~~~~~~~~~~~~^
        "%s: %s",
        ^^^^^^^^^
    ...<4 lines>...
        exception=exc,
        ^^^^^^^^^^^^^^
    )
    ^
  File "C:\Users\Vicente\Desktop\clinica_alba\venv\Lib\site-packages\django\utils\log.py", line 241, in log_response
    getattr(logger, level)(
    ~~~~~~~~~~~~~~~~~~~~~~^
        message,
        ^^^^^^^^
    ...<5 lines>...
        exc_info=exception,
        ^^^^^^^^^^^^^^^^^^^
    )
    ^
  File "C:\Program Files (x86)\Python314-32\Lib\logging\__init__.py", line 1549, in error
    self._log(ERROR, msg, args, **kwargs)
    ~~~~~~~~~^^^^^^^^^^^^^^^^^^^^^^^^^^^^
  File "C:\Program Files (x86)\Python314-32\Lib\logging\__init__.py", line 1665, in _log
    self.handle(record)
    ~~~~~~~~~~~^^^^^^^^
  File "C:\Program Files (x86)\Python314-32\Lib\logging\__init__.py", line 1681, in handle
    self.callHandlers(record)
    ~~~~~~~~~~~~~~~~~^^^^^^^^
  File "C:\Program Files (x86)\Python314-32\Lib\logging\__init__.py", line 1737, in callHandlers
    hdlr.handle(record)
    ~~~~~~~~~~~^^^^^^^^
  File "C:\Program Files (x86)\Python314-32\Lib\logging\__init__.py", line 1027, in handle
    self.emit(record)
    ~~~~~~~~~^^^^^^^^
  File "C:\Users\Vicente\Desktop\clinica_alba\venv\Lib\site-packages\django\utils\log.py", line 125, in emit
    reporter.get_traceback_text(),
    ~~~~~~~~~~~~~~~~~~~~~~~~~~~^^
  File "C:\Users\Vicente\Desktop\clinica_alba\venv\Lib\site-packages\django\views\debug.py", line 436, in 
get_traceback_text
    return t.render(c)
           ~~~~~~~~^^^
  File "C:\Users\Vicente\Desktop\clinica_alba\venv\Lib\site-packages\django\template\base.py", line 171, in render
    return self._render(context)
           ~~~~~~~~~~~~^^^^^^^^^
  File "C:\Users\Vicente\Desktop\clinica_alba\venv\Lib\site-packages\django\test\utils.py", line 110, in 
instrumented_test_render
    template_rendered.send(sender=self, template=self, context=context)
    ~~~~~~~~~~~~~~~~~~~~~~^^^^^^^^^^^^^^^^^^^^^^^^^^^^^^^^^^^^^^^^^^^^^
  File "C:\Users\Vicente\Desktop\clinica_alba\venv\Lib\site-packages\django\dispatch\dispatcher.py", line 189, in send
    response = receiver(signal=self, sender=sender, **named)
  File "C:\Users\Vicente\Desktop\clinica_alba\venv\Lib\site-packages\django\test\client.py", line 275, in 
store_rendered_templates
    store["context"].append(copy(context))
                            ~~~~^^^^^^^^^
  File "C:\Program Files (x86)\Python314-32\Lib\copy.py", line 82, in copy
    return copier(x)
  File "C:\Users\Vicente\Desktop\clinica_alba\venv\Lib\site-packages\django\template\context.py", line 158, in __copy__
    duplicate = super().__copy__()
  File "C:\Users\Vicente\Desktop\clinica_alba\venv\Lib\site-packages\django\template\context.py", line 39, in __copy__
    duplicate.dicts = self.dicts[:]
    ^^^^^^^^^^^^^^^
AttributeError: 'super' object has no attribute 'dicts' and no __dict__ for setting new attributes

During handling of the above exception, another exception occurred:

Traceback (most recent call last):
  File "C:\Users\Vicente\Desktop\clinica_alba\venv\Lib\site-packages\django\core\handlers\exception.py", line 55, in 
inner
    response = get_response(request)
  File "C:\Users\Vicente\Desktop\clinica_alba\venv\Lib\site-packages\django\utils\deprecation.py", line 134, in 
__call__
    response = response or self.get_response(request)
                           ~~~~~~~~~~~~~~~~~^^^^^^^^^
  File "C:\Users\Vicente\Desktop\clinica_alba\venv\Lib\site-packages\django\core\handlers\exception.py", line 57, in 
inner
    response = response_for_exception(request, exc)
  File "C:\Users\Vicente\Desktop\clinica_alba\venv\Lib\site-packages\django\core\handlers\exception.py", line 143, in 
response_for_exception
    log_response(
    ~~~~~~~~~~~~^
        "%s: %s",
        ^^^^^^^^^
    ...<4 lines>...
        exception=exc,
        ^^^^^^^^^^^^^^
    )
    ^
  File "C:\Users\Vicente\Desktop\clinica_alba\venv\Lib\site-packages\django\utils\log.py", line 241, in log_response
    getattr(logger, level)(
    ~~~~~~~~~~~~~~~~~~~~~~^
        message,
        ^^^^^^^^
    ...<5 lines>...
        exc_info=exception,
        ^^^^^^^^^^^^^^^^^^^
    )
    ^
  File "C:\Program Files (x86)\Python314-32\Lib\logging\__init__.py", line 1549, in error
    self._log(ERROR, msg, args, **kwargs)
    ~~~~~~~~~^^^^^^^^^^^^^^^^^^^^^^^^^^^^
  File "C:\Program Files (x86)\Python314-32\Lib\logging\__init__.py", line 1665, in _log
    self.handle(record)
    ~~~~~~~~~~~^^^^^^^^
  File "C:\Program Files (x86)\Python314-32\Lib\logging\__init__.py", line 1681, in handle
    self.callHandlers(record)
    ~~~~~~~~~~~~~~~~~^^^^^^^^
  File "C:\Program Files (x86)\Python314-32\Lib\logging\__init__.py", line 1737, in callHandlers
    hdlr.handle(record)
    ~~~~~~~~~~~^^^^^^^^
  File "C:\Program Files (x86)\Python314-32\Lib\logging\__init__.py", line 1027, in handle
    self.emit(record)
    ~~~~~~~~~^^^^^^^^
  File "C:\Users\Vicente\Desktop\clinica_alba\venv\Lib\site-packages\django\utils\log.py", line 125, in emit
    reporter.get_traceback_text(),
    ~~~~~~~~~~~~~~~~~~~~~~~~~~~^^
  File "C:\Users\Vicente\Desktop\clinica_alba\venv\Lib\site-packages\django\views\debug.py", line 436, in 
get_traceback_text
    return t.render(c)
           ~~~~~~~~^^^
  File "C:\Users\Vicente\Desktop\clinica_alba\venv\Lib\site-packages\django\template\base.py", line 171, in render
    return self._render(context)
           ~~~~~~~~~~~~^^^^^^^^^
  File "C:\Users\Vicente\Desktop\clinica_alba\venv\Lib\site-packages\django\test\utils.py", line 110, in 
instrumented_test_render
    template_rendered.send(sender=self, template=self, context=context)
    ~~~~~~~~~~~~~~~~~~~~~~^^^^^^^^^^^^^^^^^^^^^^^^^^^^^^^^^^^^^^^^^^^^^
  File "C:\Users\Vicente\Desktop\clinica_alba\venv\Lib\site-packages\django\dispatch\dispatcher.py", line 189, in send
    response = receiver(signal=self, sender=sender, **named)
  File "C:\Users\Vicente\Desktop\clinica_alba\venv\Lib\site-packages\django\test\client.py", line 275, in 
store_rendered_templates
    store["context"].append(copy(context))
                            ~~~~^^^^^^^^^
  File "C:\Program Files (x86)\Python314-32\Lib\copy.py", line 82, in copy
    return copier(x)
  File "C:\Users\Vicente\Desktop\clinica_alba\venv\Lib\site-packages\django\template\context.py", line 158, in __copy__
    duplicate = super().__copy__()
  File "C:\Users\Vicente\Desktop\clinica_alba\venv\Lib\site-packages\django\template\context.py", line 39, in __copy__
    duplicate.dicts = self.dicts[:]
    ^^^^^^^^^^^^^^^
AttributeError: 'super' object has no attribute 'dicts' and no __dict__ for setting new attributes

During handling of the above exception, another exception occurred:

Traceback (most recent call last):
  File "C:\Users\Vicente\Desktop\clinica_alba\venv\Lib\site-packages\django\core\handlers\exception.py", line 55, in 
inner
    response = get_response(request)
  File "C:\Users\Vicente\Desktop\clinica_alba\venv\Lib\site-packages\django\utils\deprecation.py", line 134, in 
__call__
    response = response or self.get_response(request)
                           ~~~~~~~~~~~~~~~~~^^^^^^^^^
  File "C:\Users\Vicente\Desktop\clinica_alba\venv\Lib\site-packages\django\core\handlers\exception.py", line 57, in 
inner
    response = response_for_exception(request, exc)
  File "C:\Users\Vicente\Desktop\clinica_alba\venv\Lib\site-packages\django\core\handlers\exception.py", line 143, in 
response_for_exception
    log_response(
    ~~~~~~~~~~~~^
        "%s: %s",
        ^^^^^^^^^
    ...<4 lines>...
        exception=exc,
        ^^^^^^^^^^^^^^
    )
    ^
  File "C:\Users\Vicente\Desktop\clinica_alba\venv\Lib\site-packages\django\utils\log.py", line 241, in log_response
    getattr(logger, level)(
    ~~~~~~~~~~~~~~~~~~~~~~^
        message,
        ^^^^^^^^
    ...<5 lines>...
        exc_info=exception,
        ^^^^^^^^^^^^^^^^^^^
    )
    ^
  File "C:\Program Files (x86)\Python314-32\Lib\logging\__init__.py", line 1549, in error
    self._log(ERROR, msg, args, **kwargs)
    ~~~~~~~~~^^^^^^^^^^^^^^^^^^^^^^^^^^^^
  File "C:\Program Files (x86)\Python314-32\Lib\logging\__init__.py", line 1665, in _log
    self.handle(record)
    ~~~~~~~~~~~^^^^^^^^
  File "C:\Program Files (x86)\Python314-32\Lib\logging\__init__.py", line 1681, in handle
    self.callHandlers(record)
    ~~~~~~~~~~~~~~~~~^^^^^^^^
  File "C:\Program Files (x86)\Python314-32\Lib\logging\__init__.py", line 1737, in callHandlers
    hdlr.handle(record)
    ~~~~~~~~~~~^^^^^^^^
  File "C:\Program Files (x86)\Python314-32\Lib\logging\__init__.py", line 1027, in handle
    self.emit(record)
    ~~~~~~~~~^^^^^^^^
  File "C:\Users\Vicente\Desktop\clinica_alba\venv\Lib\site-packages\django\utils\log.py", line 125, in emit
    reporter.get_traceback_text(),
    ~~~~~~~~~~~~~~~~~~~~~~~~~~~^^
  File "C:\Users\Vicente\Desktop\clinica_alba\venv\Lib\site-packages\django\views\debug.py", line 436, in 
get_traceback_text
    return t.render(c)
           ~~~~~~~~^^^
  File "C:\Users\Vicente\Desktop\clinica_alba\venv\Lib\site-packages\django\template\base.py", line 171, in render
    return self._render(context)
           ~~~~~~~~~~~~^^^^^^^^^
  File "C:\Users\Vicente\Desktop\clinica_alba\venv\Lib\site-packages\django\test\utils.py", line 110, in 
instrumented_test_render
    template_rendered.send(sender=self, template=self, context=context)
    ~~~~~~~~~~~~~~~~~~~~~~^^^^^^^^^^^^^^^^^^^^^^^^^^^^^^^^^^^^^^^^^^^^^
  File "C:\Users\Vicente\Desktop\clinica_alba\venv\Lib\site-packages\django\dispatch\dispatcher.py", line 189, in send
    response = receiver(signal=self, sender=sender, **named)
  File "C:\Users\Vicente\Desktop\clinica_alba\venv\Lib\site-packages\django\test\client.py", line 275, in 
store_rendered_templates
    store["context"].append(copy(context))
                            ~~~~^^^^^^^^^
  File "C:\Program Files (x86)\Python314-32\Lib\copy.py", line 82, in copy
    return copier(x)
  File "C:\Users\Vicente\Desktop\clinica_alba\venv\Lib\site-packages\django\template\context.py", line 158, in __copy__
    duplicate = super().__copy__()
  File "C:\Users\Vicente\Desktop\clinica_alba\venv\Lib\site-packages\django\template\context.py", line 39, in __copy__
    duplicate.dicts = self.dicts[:]
    ^^^^^^^^^^^^^^^
AttributeError: 'super' object has no attribute 'dicts' and no __dict__ for setting new attributes

During handling of the above exception, another exception occurred:

Traceback (most recent call last):
  File "C:\Users\Vicente\Desktop\clinica_alba\venv\Lib\site-packages\django\core\handlers\exception.py", line 55, in 
inner
    response = get_response(request)
  File "C:\Users\Vicente\Desktop\clinica_alba\venv\Lib\site-packages\django\utils\deprecation.py", line 134, in 
__call__
    response = response or self.get_response(request)
                           ~~~~~~~~~~~~~~~~~^^^^^^^^^
  File "C:\Users\Vicente\Desktop\clinica_alba\venv\Lib\site-packages\django\core\handlers\exception.py", line 57, in 
inner
    response = response_for_exception(request, exc)
  File "C:\Users\Vicente\Desktop\clinica_alba\venv\Lib\site-packages\django\core\handlers\exception.py", line 143, in 
response_for_exception
    log_response(
    ~~~~~~~~~~~~^
        "%s: %s",
        ^^^^^^^^^
    ...<4 lines>...
        exception=exc,
        ^^^^^^^^^^^^^^
    )
    ^
  File "C:\Users\Vicente\Desktop\clinica_alba\venv\Lib\site-packages\django\utils\log.py", line 241, in log_response
    getattr(logger, level)(
    ~~~~~~~~~~~~~~~~~~~~~~^
        message,
        ^^^^^^^^
    ...<5 lines>...
        exc_info=exception,
        ^^^^^^^^^^^^^^^^^^^
    )
    ^
  File "C:\Program Files (x86)\Python314-32\Lib\logging\__init__.py", line 1549, in error
    self._log(ERROR, msg, args, **kwargs)
    ~~~~~~~~~^^^^^^^^^^^^^^^^^^^^^^^^^^^^
  File "C:\Program Files (x86)\Python314-32\Lib\logging\__init__.py", line 1665, in _log
    self.handle(record)
    ~~~~~~~~~~~^^^^^^^^
  File "C:\Program Files (x86)\Python314-32\Lib\logging\__init__.py", line 1681, in handle
    self.callHandlers(record)
    ~~~~~~~~~~~~~~~~~^^^^^^^^
  File "C:\Program Files (x86)\Python314-32\Lib\logging\__init__.py", line 1737, in callHandlers
    hdlr.handle(record)
    ~~~~~~~~~~~^^^^^^^^
  File "C:\Program Files (x86)\Python314-32\Lib\logging\__init__.py", line 1027, in handle
    self.emit(record)
    ~~~~~~~~~^^^^^^^^
  File "C:\Users\Vicente\Desktop\clinica_alba\venv\Lib\site-packages\django\utils\log.py", line 125, in emit
    reporter.get_traceback_text(),
    ~~~~~~~~~~~~~~~~~~~~~~~~~~~^^
  File "C:\Users\Vicente\Desktop\clinica_alba\venv\Lib\site-packages\django\views\debug.py", line 436, in 
get_traceback_text
    return t.render(c)
           ~~~~~~~~^^^
  File "C:\Users\Vicente\Desktop\clinica_alba\venv\Lib\site-packages\django\template\base.py", line 171, in render
    return self._render(context)
           ~~~~~~~~~~~~^^^^^^^^^
  File "C:\Users\Vicente\Desktop\clinica_alba\venv\Lib\site-packages\django\test\utils.py", line 110, in 
instrumented_test_render
    template_rendered.send(sender=self, template=self, context=context)
    ~~~~~~~~~~~~~~~~~~~~~~^^^^^^^^^^^^^^^^^^^^^^^^^^^^^^^^^^^^^^^^^^^^^
  File "C:\Users\Vicente\Desktop\clinica_alba\venv\Lib\site-packages\django\dispatch\dispatcher.py", line 189, in send
    response = receiver(signal=self, sender=sender, **named)
  File "C:\Users\Vicente\Desktop\clinica_alba\venv\Lib\site-packages\django\test\client.py", line 275, in 
store_rendered_templates
    store["context"].append(copy(context))
                            ~~~~^^^^^^^^^
  File "C:\Program Files (x86)\Python314-32\Lib\copy.py", line 82, in copy
    return copier(x)
  File "C:\Users\Vicente\Desktop\clinica_alba\venv\Lib\site-packages\django\template\context.py", line 158, in __copy__
    duplicate = super().__copy__()
  File "C:\Users\Vicente\Desktop\clinica_alba\venv\Lib\site-packages\django\template\context.py", line 39, in __copy__
    duplicate.dicts = self.dicts[:]
    ^^^^^^^^^^^^^^^
AttributeError: 'super' object has no attribute 'dicts' and no __dict__ for setting new attributes

During handling of the above exception, another exception occurred:

Traceback (most recent call last):
  File "C:\Users\Vicente\Desktop\clinica_alba\venv\Lib\site-packages\django\core\handlers\exception.py", line 55, in 
inner
    response = get_response(request)
  File "C:\Users\Vicente\Desktop\clinica_alba\venv\Lib\site-packages\django\utils\deprecation.py", line 134, in 
__call__
    response = response or self.get_response(request)
                           ~~~~~~~~~~~~~~~~~^^^^^^^^^
  File "C:\Users\Vicente\Desktop\clinica_alba\venv\Lib\site-packages\django\core\handlers\exception.py", line 57, in 
inner
    response = response_for_exception(request, exc)
  File "C:\Users\Vicente\Desktop\clinica_alba\venv\Lib\site-packages\django\core\handlers\exception.py", line 143, in 
response_for_exception
    log_response(
    ~~~~~~~~~~~~^
        "%s: %s",
        ^^^^^^^^^
    ...<4 lines>...
        exception=exc,
        ^^^^^^^^^^^^^^
    )
    ^
  File "C:\Users\Vicente\Desktop\clinica_alba\venv\Lib\site-packages\django\utils\log.py", line 241, in log_response
    getattr(logger, level)(
    ~~~~~~~~~~~~~~~~~~~~~~^
        message,
        ^^^^^^^^
    ...<5 lines>...
        exc_info=exception,
        ^^^^^^^^^^^^^^^^^^^
    )
    ^
  File "C:\Program Files (x86)\Python314-32\Lib\logging\__init__.py", line 1549, in error
    self._log(ERROR, msg, args, **kwargs)
    ~~~~~~~~~^^^^^^^^^^^^^^^^^^^^^^^^^^^^
  File "C:\Program Files (x86)\Python314-32\Lib\logging\__init__.py", line 1665, in _log
    self.handle(record)
    ~~~~~~~~~~~^^^^^^^^
  File "C:\Program Files (x86)\Python314-32\Lib\logging\__init__.py", line 1681, in handle
    self.callHandlers(record)
    ~~~~~~~~~~~~~~~~~^^^^^^^^
  File "C:\Program Files (x86)\Python314-32\Lib\logging\__init__.py", line 1737, in callHandlers
    hdlr.handle(record)
    ~~~~~~~~~~~^^^^^^^^
  File "C:\Program Files (x86)\Python314-32\Lib\logging\__init__.py", line 1027, in handle
    self.emit(record)
    ~~~~~~~~~^^^^^^^^
  File "C:\Users\Vicente\Desktop\clinica_alba\venv\Lib\site-packages\django\utils\log.py", line 125, in emit
    reporter.get_traceback_text(),
    ~~~~~~~~~~~~~~~~~~~~~~~~~~~^^
  File "C:\Users\Vicente\Desktop\clinica_alba\venv\Lib\site-packages\django\views\debug.py", line 436, in 
get_traceback_text
    return t.render(c)
           ~~~~~~~~^^^
  File "C:\Users\Vicente\Desktop\clinica_alba\venv\Lib\site-packages\django\template\base.py", line 171, in render
    return self._render(context)
           ~~~~~~~~~~~~^^^^^^^^^
  File "C:\Users\Vicente\Desktop\clinica_alba\venv\Lib\site-packages\django\test\utils.py", line 110, in 
instrumented_test_render
    template_rendered.send(sender=self, template=self, context=context)
    ~~~~~~~~~~~~~~~~~~~~~~^^^^^^^^^^^^^^^^^^^^^^^^^^^^^^^^^^^^^^^^^^^^^
  File "C:\Users\Vicente\Desktop\clinica_alba\venv\Lib\site-packages\django\dispatch\dispatcher.py", line 189, in send
    response = receiver(signal=self, sender=sender, **named)
  File "C:\Users\Vicente\Desktop\clinica_alba\venv\Lib\site-packages\django\test\client.py", line 275, in 
store_rendered_templates
    store["context"].append(copy(context))
                            ~~~~^^^^^^^^^
  File "C:\Program Files (x86)\Python314-32\Lib\copy.py", line 82, in copy
    return copier(x)
  File "C:\Users\Vicente\Desktop\clinica_alba\venv\Lib\site-packages\django\template\context.py", line 158, in __copy__
    duplicate = super().__copy__()
  File "C:\Users\Vicente\Desktop\clinica_alba\venv\Lib\site-packages\django\template\context.py", line 39, in __copy__
    duplicate.dicts = self.dicts[:]
    ^^^^^^^^^^^^^^^
AttributeError: 'super' object has no attribute 'dicts' and no __dict__ for setting new attributes

During handling of the above exception, another exception occurred:

Traceback (most recent call last):
  File "C:\Users\Vicente\Desktop\clinica_alba\venv\Lib\site-packages\django\core\handlers\exception.py", line 55, in 
inner
    response = get_response(request)
  File "C:\Users\Vicente\Desktop\clinica_alba\venv\Lib\site-packages\django\utils\deprecation.py", line 134, in 
__call__
    response = response or self.get_response(request)
                           ~~~~~~~~~~~~~~~~~^^^^^^^^^
  File "C:\Users\Vicente\Desktop\clinica_alba\venv\Lib\site-packages\django\core\handlers\exception.py", line 57, in 
inner
    response = response_for_exception(request, exc)
  File "C:\Users\Vicente\Desktop\clinica_alba\venv\Lib\site-packages\django\core\handlers\exception.py", line 143, in 
response_for_exception
    log_response(
    ~~~~~~~~~~~~^
        "%s: %s",
        ^^^^^^^^^
    ...<4 lines>...
        exception=exc,
        ^^^^^^^^^^^^^^
    )
    ^
  File "C:\Users\Vicente\Desktop\clinica_alba\venv\Lib\site-packages\django\utils\log.py", line 241, in log_response
    getattr(logger, level)(
    ~~~~~~~~~~~~~~~~~~~~~~^
        message,
        ^^^^^^^^
    ...<5 lines>...
        exc_info=exception,
        ^^^^^^^^^^^^^^^^^^^
    )
    ^
  File "C:\Program Files (x86)\Python314-32\Lib\logging\__init__.py", line 1549, in error
    self._log(ERROR, msg, args, **kwargs)
    ~~~~~~~~~^^^^^^^^^^^^^^^^^^^^^^^^^^^^
  File "C:\Program Files (x86)\Python314-32\Lib\logging\__init__.py", line 1665, in _log
    self.handle(record)
    ~~~~~~~~~~~^^^^^^^^
  File "C:\Program Files (x86)\Python314-32\Lib\logging\__init__.py", line 1681, in handle
    self.callHandlers(record)
    ~~~~~~~~~~~~~~~~~^^^^^^^^
  File "C:\Program Files (x86)\Python314-32\Lib\logging\__init__.py", line 1737, in callHandlers
    hdlr.handle(record)
    ~~~~~~~~~~~^^^^^^^^
  File "C:\Program Files (x86)\Python314-32\Lib\logging\__init__.py", line 1027, in handle
    self.emit(record)
    ~~~~~~~~~^^^^^^^^
  File "C:\Users\Vicente\Desktop\clinica_alba\venv\Lib\site-packages\django\utils\log.py", line 125, in emit
    reporter.get_traceback_text(),
    ~~~~~~~~~~~~~~~~~~~~~~~~~~~^^
  File "C:\Users\Vicente\Desktop\clinica_alba\venv\Lib\site-packages\django\views\debug.py", line 436, in 
get_traceback_text
    return t.render(c)
           ~~~~~~~~^^^
  File "C:\Users\Vicente\Desktop\clinica_alba\venv\Lib\site-packages\django\template\base.py", line 171, in render
    return self._render(context)
           ~~~~~~~~~~~~^^^^^^^^^
  File "C:\Users\Vicente\Desktop\clinica_alba\venv\Lib\site-packages\django\test\utils.py", line 110, in 
instrumented_test_render
    template_rendered.send(sender=self, template=self, context=context)
    ~~~~~~~~~~~~~~~~~~~~~~^^^^^^^^^^^^^^^^^^^^^^^^^^^^^^^^^^^^^^^^^^^^^
  File "C:\Users\Vicente\Desktop\clinica_alba\venv\Lib\site-packages\django\dispatch\dispatcher.py", line 189, in send
    response = receiver(signal=self, sender=sender, **named)
  File "C:\Users\Vicente\Desktop\clinica_alba\venv\Lib\site-packages\django\test\client.py", line 275, in 
store_rendered_templates
    store["context"].append(copy(context))
                            ~~~~^^^^^^^^^
  File "C:\Program Files (x86)\Python314-32\Lib\copy.py", line 82, in copy
    return copier(x)
  File "C:\Users\Vicente\Desktop\clinica_alba\venv\Lib\site-packages\django\template\context.py", line 158, in __copy__
    duplicate = super().__copy__()
  File "C:\Users\Vicente\Desktop\clinica_alba\venv\Lib\site-packages\django\template\context.py", line 39, in __copy__
    duplicate.dicts = self.dicts[:]
    ^^^^^^^^^^^^^^^
AttributeError: 'super' object has no attribute 'dicts' and no __dict__ for setting new attributes

During handling of the above exception, another exception occurred:

Traceback (most recent call last):
  File "C:\Users\Vicente\Desktop\clinica_alba\venv\Lib\site-packages\django\core\handlers\exception.py", line 55, in 
inner
    response = get_response(request)
  File "C:\Users\Vicente\Desktop\clinica_alba\venv\Lib\site-packages\whitenoise\middleware.py", line 124, in __call__
    return self.get_response(request)
           ~~~~~~~~~~~~~~~~~^^^^^^^^^
  File "C:\Users\Vicente\Desktop\clinica_alba\venv\Lib\site-packages\django\core\handlers\exception.py", line 57, in 
inner
    response = response_for_exception(request, exc)
  File "C:\Users\Vicente\Desktop\clinica_alba\venv\Lib\site-packages\django\core\handlers\exception.py", line 143, in 
response_for_exception
    log_response(
    ~~~~~~~~~~~~^
        "%s: %s",
        ^^^^^^^^^
    ...<4 lines>...
        exception=exc,
        ^^^^^^^^^^^^^^
    )
    ^
  File "C:\Users\Vicente\Desktop\clinica_alba\venv\Lib\site-packages\django\utils\log.py", line 241, in log_response
    getattr(logger, level)(
    ~~~~~~~~~~~~~~~~~~~~~~^
        message,
        ^^^^^^^^
    ...<5 lines>...
        exc_info=exception,
        ^^^^^^^^^^^^^^^^^^^
    )
    ^
  File "C:\Program Files (x86)\Python314-32\Lib\logging\__init__.py", line 1549, in error
    self._log(ERROR, msg, args, **kwargs)
    ~~~~~~~~~^^^^^^^^^^^^^^^^^^^^^^^^^^^^
  File "C:\Program Files (x86)\Python314-32\Lib\logging\__init__.py", line 1665, in _log
    self.handle(record)
    ~~~~~~~~~~~^^^^^^^^
  File "C:\Program Files (x86)\Python314-32\Lib\logging\__init__.py", line 1681, in handle
    self.callHandlers(record)
    ~~~~~~~~~~~~~~~~~^^^^^^^^
  File "C:\Program Files (x86)\Python314-32\Lib\logging\__init__.py", line 1737, in callHandlers
    hdlr.handle(record)
    ~~~~~~~~~~~^^^^^^^^
  File "C:\Program Files (x86)\Python314-32\Lib\logging\__init__.py", line 1027, in handle
    self.emit(record)
    ~~~~~~~~~^^^^^^^^
  File "C:\Users\Vicente\Desktop\clinica_alba\venv\Lib\site-packages\django\utils\log.py", line 125, in emit
    reporter.get_traceback_text(),
    ~~~~~~~~~~~~~~~~~~~~~~~~~~~^^
  File "C:\Users\Vicente\Desktop\clinica_alba\venv\Lib\site-packages\django\views\debug.py", line 436, in 
get_traceback_text
    return t.render(c)
           ~~~~~~~~^^^
  File "C:\Users\Vicente\Desktop\clinica_alba\venv\Lib\site-packages\django\template\base.py", line 171, in render
    return self._render(context)
           ~~~~~~~~~~~~^^^^^^^^^
  File "C:\Users\Vicente\Desktop\clinica_alba\venv\Lib\site-packages\django\test\utils.py", line 110, in 
instrumented_test_render
    template_rendered.send(sender=self, template=self, context=context)
    ~~~~~~~~~~~~~~~~~~~~~~^^^^^^^^^^^^^^^^^^^^^^^^^^^^^^^^^^^^^^^^^^^^^
  File "C:\Users\Vicente\Desktop\clinica_alba\venv\Lib\site-packages\django\dispatch\dispatcher.py", line 189, in send
    response = receiver(signal=self, sender=sender, **named)
  File "C:\Users\Vicente\Desktop\clinica_alba\venv\Lib\site-packages\django\test\client.py", line 275, in 
store_rendered_templates
    store["context"].append(copy(context))
                            ~~~~^^^^^^^^^
  File "C:\Program Files (x86)\Python314-32\Lib\copy.py", line 82, in copy
    return copier(x)
  File "C:\Users\Vicente\Desktop\clinica_alba\venv\Lib\site-packages\django\template\context.py", line 158, in __copy__
    duplicate = super().__copy__()
  File "C:\Users\Vicente\Desktop\clinica_alba\venv\Lib\site-packages\django\template\context.py", line 39, in __copy__
    duplicate.dicts = self.dicts[:]
    ^^^^^^^^^^^^^^^
AttributeError: 'super' object has no attribute 'dicts' and no __dict__ for setting new attributes

During handling of the above exception, another exception occurred:

Traceback (most recent call last):
  File "C:\Users\Vicente\Desktop\clinica_alba\venv\Lib\site-packages\django\core\handlers\exception.py", line 55, in 
inner
    response = get_response(request)
  File "C:\Users\Vicente\Desktop\clinica_alba\venv\Lib\site-packages\django\utils\deprecation.py", line 134, in 
__call__
    response = response or self.get_response(request)
                           ~~~~~~~~~~~~~~~~~^^^^^^^^^
  File "C:\Users\Vicente\Desktop\clinica_alba\venv\Lib\site-packages\django\core\handlers\exception.py", line 57, in 
inner
    response = response_for_exception(request, exc)
  File "C:\Users\Vicente\Desktop\clinica_alba\venv\Lib\site-packages\django\core\handlers\exception.py", line 143, in 
response_for_exception
    log_response(
    ~~~~~~~~~~~~^
        "%s: %s",
        ^^^^^^^^^
    ...<4 lines>...
        exception=exc,
        ^^^^^^^^^^^^^^
    )
    ^
  File "C:\Users\Vicente\Desktop\clinica_alba\venv\Lib\site-packages\django\utils\log.py", line 241, in log_response
    getattr(logger, level)(
    ~~~~~~~~~~~~~~~~~~~~~~^
        message,
        ^^^^^^^^
    ...<5 lines>...
        exc_info=exception,
        ^^^^^^^^^^^^^^^^^^^
    )
    ^
  File "C:\Program Files (x86)\Python314-32\Lib\logging\__init__.py", line 1549, in error
    self._log(ERROR, msg, args, **kwargs)
    ~~~~~~~~~^^^^^^^^^^^^^^^^^^^^^^^^^^^^
  File "C:\Program Files (x86)\Python314-32\Lib\logging\__init__.py", line 1665, in _log
    self.handle(record)
    ~~~~~~~~~~~^^^^^^^^
  File "C:\Program Files (x86)\Python314-32\Lib\logging\__init__.py", line 1681, in handle
    self.callHandlers(record)
    ~~~~~~~~~~~~~~~~~^^^^^^^^
  File "C:\Program Files (x86)\Python314-32\Lib\logging\__init__.py", line 1737, in callHandlers
    hdlr.handle(record)
    ~~~~~~~~~~~^^^^^^^^
  File "C:\Program Files (x86)\Python314-32\Lib\logging\__init__.py", line 1027, in handle
    self.emit(record)
    ~~~~~~~~~^^^^^^^^
  File "C:\Users\Vicente\Desktop\clinica_alba\venv\Lib\site-packages\django\utils\log.py", line 125, in emit
    reporter.get_traceback_text(),
    ~~~~~~~~~~~~~~~~~~~~~~~~~~~^^
  File "C:\Users\Vicente\Desktop\clinica_alba\venv\Lib\site-packages\django\views\debug.py", line 436, in 
get_traceback_text
    return t.render(c)
           ~~~~~~~~^^^
  File "C:\Users\Vicente\Desktop\clinica_alba\venv\Lib\site-packages\django\template\base.py", line 171, in render
    return self._render(context)
           ~~~~~~~~~~~~^^^^^^^^^
  File "C:\Users\Vicente\Desktop\clinica_alba\venv\Lib\site-packages\django\test\utils.py", line 110, in 
instrumented_test_render
    template_rendered.send(sender=self, template=self, context=context)
    ~~~~~~~~~~~~~~~~~~~~~~^^^^^^^^^^^^^^^^^^^^^^^^^^^^^^^^^^^^^^^^^^^^^
  File "C:\Users\Vicente\Desktop\clinica_alba\venv\Lib\site-packages\django\dispatch\dispatcher.py", line 189, in send
    response = receiver(signal=self, sender=sender, **named)
  File "C:\Users\Vicente\Desktop\clinica_alba\venv\Lib\site-packages\django\test\client.py", line 275, in 
store_rendered_templates
    store["context"].append(copy(context))
                            ~~~~^^^^^^^^^
  File "C:\Program Files (x86)\Python314-32\Lib\copy.py", line 82, in copy
    return copier(x)
  File "C:\Users\Vicente\Desktop\clinica_alba\venv\Lib\site-packages\django\template\context.py", line 158, in __copy__
    duplicate = super().__copy__()
  File "C:\Users\Vicente\Desktop\clinica_alba\venv\Lib\site-packages\django\template\context.py", line 39, in __copy__
    duplicate.dicts = self.dicts[:]
    ^^^^^^^^^^^^^^^
AttributeError: 'super' object has no attribute 'dicts' and no __dict__ for setting new attributes

During handling of the above exception, another exception occurred:

Traceback (most recent call last):
  File "C:\Users\Vicente\Desktop\clinica_alba\tests\test_auth.py", line 22, in test_login_correcto
    self.assertRedirects(resp, reverse("dashboard:index"))
    ~~~~~~~~~~~~~~~~~~~~^^^^^^^^^^^^^^^^^^^^^^^^^^^^^^^^^^
  File "C:\Users\Vicente\Desktop\clinica_alba\venv\Lib\site-packages\django\test\testcases.py", line 425, in 
assertRedirects
    redirect_response = response.client.get(
        path,
    ...<3 lines>...
        **extra,
    )
  File "C:\Users\Vicente\Desktop\clinica_alba\venv\Lib\site-packages\django\test\client.py", line 1049, in get
    response = super().get(path, data=data, secure=secure, headers=headers, **extra)
  File "C:\Users\Vicente\Desktop\clinica_alba\venv\Lib\site-packages\django\test\client.py", line 465, in get
    return self.generic(
           ~~~~~~~~~~~~^
        "GET",
        ^^^^^^
    ...<6 lines>...
        },
        ^^
    )
    ^
  File "C:\Users\Vicente\Desktop\clinica_alba\venv\Lib\site-packages\django\test\client.py", line 617, in generic
    return self.request(**r)
           ~~~~~~~~~~~~^^^^^
  File "C:\Users\Vicente\Desktop\clinica_alba\venv\Lib\site-packages\django\test\client.py", line 1008, in request
    response = self.handler(environ)
  File "C:\Users\Vicente\Desktop\clinica_alba\venv\Lib\site-packages\django\test\client.py", line 186, in __call__
    response = self.get_response(request)
  File "C:\Users\Vicente\Desktop\clinica_alba\venv\Lib\site-packages\django\core\handlers\base.py", line 140, in 
get_response
    response = self._middleware_chain(request)
  File "C:\Users\Vicente\Desktop\clinica_alba\venv\Lib\site-packages\django\core\handlers\exception.py", line 57, in 
inner
    response = response_for_exception(request, exc)
  File "C:\Users\Vicente\Desktop\clinica_alba\venv\Lib\site-packages\django\core\handlers\exception.py", line 143, in 
response_for_exception
    log_response(
    ~~~~~~~~~~~~^
        "%s: %s",
        ^^^^^^^^^
    ...<4 lines>...
        exception=exc,
        ^^^^^^^^^^^^^^
    )
    ^
  File "C:\Users\Vicente\Desktop\clinica_alba\venv\Lib\site-packages\django\utils\log.py", line 241, in log_response
    getattr(logger, level)(
    ~~~~~~~~~~~~~~~~~~~~~~^
        message,
        ^^^^^^^^
    ...<5 lines>...
        exc_info=exception,
        ^^^^^^^^^^^^^^^^^^^
    )
    ^
  File "C:\Program Files (x86)\Python314-32\Lib\logging\__init__.py", line 1549, in error
    self._log(ERROR, msg, args, **kwargs)
    ~~~~~~~~~^^^^^^^^^^^^^^^^^^^^^^^^^^^^
  File "C:\Program Files (x86)\Python314-32\Lib\logging\__init__.py", line 1665, in _log
    self.handle(record)
    ~~~~~~~~~~~^^^^^^^^
  File "C:\Program Files (x86)\Python314-32\Lib\logging\__init__.py", line 1681, in handle
    self.callHandlers(record)
    ~~~~~~~~~~~~~~~~~^^^^^^^^
  File "C:\Program Files (x86)\Python314-32\Lib\logging\__init__.py", line 1737, in callHandlers
    hdlr.handle(record)
    ~~~~~~~~~~~^^^^^^^^
  File "C:\Program Files (x86)\Python314-32\Lib\logging\__init__.py", line 1027, in handle
    self.emit(record)
    ~~~~~~~~~^^^^^^^^
  File "C:\Users\Vicente\Desktop\clinica_alba\venv\Lib\site-packages\django\utils\log.py", line 125, in emit
    reporter.get_traceback_text(),
    ~~~~~~~~~~~~~~~~~~~~~~~~~~~^^
  File "C:\Users\Vicente\Desktop\clinica_alba\venv\Lib\site-packages\django\views\debug.py", line 436, in 
get_traceback_text
    return t.render(c)
           ~~~~~~~~^^^
  File "C:\Users\Vicente\Desktop\clinica_alba\venv\Lib\site-packages\django\template\base.py", line 171, in render
    return self._render(context)
           ~~~~~~~~~~~~^^^^^^^^^
  File "C:\Users\Vicente\Desktop\clinica_alba\venv\Lib\site-packages\django\test\utils.py", line 110, in 
instrumented_test_render
    template_rendered.send(sender=self, template=self, context=context)
    ~~~~~~~~~~~~~~~~~~~~~~^^^^^^^^^^^^^^^^^^^^^^^^^^^^^^^^^^^^^^^^^^^^^
  File "C:\Users\Vicente\Desktop\clinica_alba\venv\Lib\site-packages\django\dispatch\dispatcher.py", line 189, in send
    response = receiver(signal=self, sender=sender, **named)
  File "C:\Users\Vicente\Desktop\clinica_alba\venv\Lib\site-packages\django\test\client.py", line 275, in 
store_rendered_templates
    store["context"].append(copy(context))
                            ~~~~^^^^^^^^^
  File "C:\Program Files (x86)\Python314-32\Lib\copy.py", line 82, in copy
    return copier(x)
  File "C:\Users\Vicente\Desktop\clinica_alba\venv\Lib\site-packages\django\template\context.py", line 158, in __copy__
    duplicate = super().__copy__()
  File "C:\Users\Vicente\Desktop\clinica_alba\venv\Lib\site-packages\django\template\context.py", line 39, in __copy__
    duplicate.dicts = self.dicts[:]
    ^^^^^^^^^^^^^^^
AttributeError: 'super' object has no attribute 'dicts' and no __dict__ for setting new attributes

======================================================================
ERROR: test_login_password_incorrecta (tests.test_auth.LoginTest.test_login_password_incorrecta)
Credenciales incorrectas no autentican al usuario.
----------------------------------------------------------------------
Traceback (most recent call last):
  File "C:\Users\Vicente\Desktop\clinica_alba\venv\Lib\site-packages\django\core\handlers\exception.py", line 55, in 
inner
    response = get_response(request)
  File "C:\Users\Vicente\Desktop\clinica_alba\venv\Lib\site-packages\django\core\handlers\base.py", line 197, in 
_get_response
    response = wrapped_callback(request, *callback_args, **callback_kwargs)
  File "C:\Users\Vicente\Desktop\clinica_alba\venv\Lib\site-packages\django\views\generic\base.py", line 104, in view
    return self.dispatch(request, *args, **kwargs)
           ~~~~~~~~~~~~~^^^^^^^^^^^^^^^^^^^^^^^^^^
  File "C:\Users\Vicente\Desktop\clinica_alba\venv\Lib\site-packages\django\views\generic\base.py", line 143, in 
dispatch
    return handler(request, *args, **kwargs)
  File "C:\Users\Vicente\Desktop\clinica_alba\apps\accounts\views.py", line 52, in post
    return render(request, self.template_name, {"form": form})
  File "C:\Users\Vicente\Desktop\clinica_alba\venv\Lib\site-packages\django\shortcuts.py", line 25, in render
    content = loader.render_to_string(template_name, context, request, using=using)
  File "C:\Users\Vicente\Desktop\clinica_alba\venv\Lib\site-packages\django\template\loader.py", line 62, in 
render_to_string
    return template.render(context, request)
           ~~~~~~~~~~~~~~~^^^^^^^^^^^^^^^^^^
  File "C:\Users\Vicente\Desktop\clinica_alba\venv\Lib\site-packages\django\template\backends\django.py", line 61, in 
render
    return self.template.render(context)
           ~~~~~~~~~~~~~~~~~~~~^^^^^^^^^
  File "C:\Users\Vicente\Desktop\clinica_alba\venv\Lib\site-packages\django\template\base.py", line 171, in render
    return self._render(context)
           ~~~~~~~~~~~~^^^^^^^^^
  File "C:\Users\Vicente\Desktop\clinica_alba\venv\Lib\site-packages\django\test\utils.py", line 110, in 
instrumented_test_render
    template_rendered.send(sender=self, template=self, context=context)
    ~~~~~~~~~~~~~~~~~~~~~~^^^^^^^^^^^^^^^^^^^^^^^^^^^^^^^^^^^^^^^^^^^^^
  File "C:\Users\Vicente\Desktop\clinica_alba\venv\Lib\site-packages\django\dispatch\dispatcher.py", line 189, in send
    response = receiver(signal=self, sender=sender, **named)
  File "C:\Users\Vicente\Desktop\clinica_alba\venv\Lib\site-packages\django\test\client.py", line 275, in 
store_rendered_templates
    store["context"].append(copy(context))
                            ~~~~^^^^^^^^^
  File "C:\Program Files (x86)\Python314-32\Lib\copy.py", line 82, in copy
    return copier(x)
  File "C:\Users\Vicente\Desktop\clinica_alba\venv\Lib\site-packages\django\template\context.py", line 158, in __copy__
    duplicate = super().__copy__()
  File "C:\Users\Vicente\Desktop\clinica_alba\venv\Lib\site-packages\django\template\context.py", line 39, in __copy__
    duplicate.dicts = self.dicts[:]
    ^^^^^^^^^^^^^^^
AttributeError: 'super' object has no attribute 'dicts' and no __dict__ for setting new attributes

During handling of the above exception, another exception occurred:

Traceback (most recent call last):
  File "C:\Users\Vicente\Desktop\clinica_alba\venv\Lib\site-packages\django\core\handlers\exception.py", line 55, in 
inner
    response = get_response(request)
  File "C:\Users\Vicente\Desktop\clinica_alba\venv\Lib\site-packages\django\utils\deprecation.py", line 134, in 
__call__
    response = response or self.get_response(request)
                           ~~~~~~~~~~~~~~~~~^^^^^^^^^
  File "C:\Users\Vicente\Desktop\clinica_alba\venv\Lib\site-packages\django\core\handlers\exception.py", line 57, in 
inner
    response = response_for_exception(request, exc)
  File "C:\Users\Vicente\Desktop\clinica_alba\venv\Lib\site-packages\django\core\handlers\exception.py", line 143, in 
response_for_exception
    log_response(
    ~~~~~~~~~~~~^
        "%s: %s",
        ^^^^^^^^^
    ...<4 lines>...
        exception=exc,
        ^^^^^^^^^^^^^^
    )
    ^
  File "C:\Users\Vicente\Desktop\clinica_alba\venv\Lib\site-packages\django\utils\log.py", line 241, in log_response
    getattr(logger, level)(
    ~~~~~~~~~~~~~~~~~~~~~~^
        message,
        ^^^^^^^^
    ...<5 lines>...
        exc_info=exception,
        ^^^^^^^^^^^^^^^^^^^
    )
    ^
  File "C:\Program Files (x86)\Python314-32\Lib\logging\__init__.py", line 1549, in error
    self._log(ERROR, msg, args, **kwargs)
    ~~~~~~~~~^^^^^^^^^^^^^^^^^^^^^^^^^^^^
  File "C:\Program Files (x86)\Python314-32\Lib\logging\__init__.py", line 1665, in _log
    self.handle(record)
    ~~~~~~~~~~~^^^^^^^^
  File "C:\Program Files (x86)\Python314-32\Lib\logging\__init__.py", line 1681, in handle
    self.callHandlers(record)
    ~~~~~~~~~~~~~~~~~^^^^^^^^
  File "C:\Program Files (x86)\Python314-32\Lib\logging\__init__.py", line 1737, in callHandlers
    hdlr.handle(record)
    ~~~~~~~~~~~^^^^^^^^
  File "C:\Program Files (x86)\Python314-32\Lib\logging\__init__.py", line 1027, in handle
    self.emit(record)
    ~~~~~~~~~^^^^^^^^
  File "C:\Users\Vicente\Desktop\clinica_alba\venv\Lib\site-packages\django\utils\log.py", line 125, in emit
    reporter.get_traceback_text(),
    ~~~~~~~~~~~~~~~~~~~~~~~~~~~^^
  File "C:\Users\Vicente\Desktop\clinica_alba\venv\Lib\site-packages\django\views\debug.py", line 436, in 
get_traceback_text
    return t.render(c)
           ~~~~~~~~^^^
  File "C:\Users\Vicente\Desktop\clinica_alba\venv\Lib\site-packages\django\template\base.py", line 171, in render
    return self._render(context)
           ~~~~~~~~~~~~^^^^^^^^^
  File "C:\Users\Vicente\Desktop\clinica_alba\venv\Lib\site-packages\django\test\utils.py", line 110, in 
instrumented_test_render
    template_rendered.send(sender=self, template=self, context=context)
    ~~~~~~~~~~~~~~~~~~~~~~^^^^^^^^^^^^^^^^^^^^^^^^^^^^^^^^^^^^^^^^^^^^^
  File "C:\Users\Vicente\Desktop\clinica_alba\venv\Lib\site-packages\django\dispatch\dispatcher.py", line 189, in send
    response = receiver(signal=self, sender=sender, **named)
  File "C:\Users\Vicente\Desktop\clinica_alba\venv\Lib\site-packages\django\test\client.py", line 275, in 
store_rendered_templates
    store["context"].append(copy(context))
                            ~~~~^^^^^^^^^
  File "C:\Program Files (x86)\Python314-32\Lib\copy.py", line 82, in copy
    return copier(x)
  File "C:\Users\Vicente\Desktop\clinica_alba\venv\Lib\site-packages\django\template\context.py", line 158, in __copy__
    duplicate = super().__copy__()
  File "C:\Users\Vicente\Desktop\clinica_alba\venv\Lib\site-packages\django\template\context.py", line 39, in __copy__
    duplicate.dicts = self.dicts[:]
    ^^^^^^^^^^^^^^^
AttributeError: 'super' object has no attribute 'dicts' and no __dict__ for setting new attributes

During handling of the above exception, another exception occurred:

Traceback (most recent call last):
  File "C:\Users\Vicente\Desktop\clinica_alba\venv\Lib\site-packages\django\core\handlers\exception.py", line 55, in 
inner
    response = get_response(request)
  File "C:\Users\Vicente\Desktop\clinica_alba\venv\Lib\site-packages\django\utils\deprecation.py", line 134, in 
__call__
    response = response or self.get_response(request)
                           ~~~~~~~~~~~~~~~~~^^^^^^^^^
  File "C:\Users\Vicente\Desktop\clinica_alba\venv\Lib\site-packages\django\core\handlers\exception.py", line 57, in 
inner
    response = response_for_exception(request, exc)
  File "C:\Users\Vicente\Desktop\clinica_alba\venv\Lib\site-packages\django\core\handlers\exception.py", line 143, in 
response_for_exception
    log_response(
    ~~~~~~~~~~~~^
        "%s: %s",
        ^^^^^^^^^
    ...<4 lines>...
        exception=exc,
        ^^^^^^^^^^^^^^
    )
    ^
  File "C:\Users\Vicente\Desktop\clinica_alba\venv\Lib\site-packages\django\utils\log.py", line 241, in log_response
    getattr(logger, level)(
    ~~~~~~~~~~~~~~~~~~~~~~^
        message,
        ^^^^^^^^
    ...<5 lines>...
        exc_info=exception,
        ^^^^^^^^^^^^^^^^^^^
    )
    ^
  File "C:\Program Files (x86)\Python314-32\Lib\logging\__init__.py", line 1549, in error
    self._log(ERROR, msg, args, **kwargs)
    ~~~~~~~~~^^^^^^^^^^^^^^^^^^^^^^^^^^^^
  File "C:\Program Files (x86)\Python314-32\Lib\logging\__init__.py", line 1665, in _log
    self.handle(record)
    ~~~~~~~~~~~^^^^^^^^
  File "C:\Program Files (x86)\Python314-32\Lib\logging\__init__.py", line 1681, in handle
    self.callHandlers(record)
    ~~~~~~~~~~~~~~~~~^^^^^^^^
  File "C:\Program Files (x86)\Python314-32\Lib\logging\__init__.py", line 1737, in callHandlers
    hdlr.handle(record)
    ~~~~~~~~~~~^^^^^^^^
  File "C:\Program Files (x86)\Python314-32\Lib\logging\__init__.py", line 1027, in handle
    self.emit(record)
    ~~~~~~~~~^^^^^^^^
  File "C:\Users\Vicente\Desktop\clinica_alba\venv\Lib\site-packages\django\utils\log.py", line 125, in emit
    reporter.get_traceback_text(),
    ~~~~~~~~~~~~~~~~~~~~~~~~~~~^^
  File "C:\Users\Vicente\Desktop\clinica_alba\venv\Lib\site-packages\django\views\debug.py", line 436, in 
get_traceback_text
    return t.render(c)
           ~~~~~~~~^^^
  File "C:\Users\Vicente\Desktop\clinica_alba\venv\Lib\site-packages\django\template\base.py", line 171, in render
    return self._render(context)
           ~~~~~~~~~~~~^^^^^^^^^
  File "C:\Users\Vicente\Desktop\clinica_alba\venv\Lib\site-packages\django\test\utils.py", line 110, in 
instrumented_test_render
    template_rendered.send(sender=self, template=self, context=context)
    ~~~~~~~~~~~~~~~~~~~~~~^^^^^^^^^^^^^^^^^^^^^^^^^^^^^^^^^^^^^^^^^^^^^
  File "C:\Users\Vicente\Desktop\clinica_alba\venv\Lib\site-packages\django\dispatch\dispatcher.py", line 189, in send
    response = receiver(signal=self, sender=sender, **named)
  File "C:\Users\Vicente\Desktop\clinica_alba\venv\Lib\site-packages\django\test\client.py", line 275, in 
store_rendered_templates
    store["context"].append(copy(context))
                            ~~~~^^^^^^^^^
  File "C:\Program Files (x86)\Python314-32\Lib\copy.py", line 82, in copy
    return copier(x)
  File "C:\Users\Vicente\Desktop\clinica_alba\venv\Lib\site-packages\django\template\context.py", line 158, in __copy__
    duplicate = super().__copy__()
  File "C:\Users\Vicente\Desktop\clinica_alba\venv\Lib\site-packages\django\template\context.py", line 39, in __copy__
    duplicate.dicts = self.dicts[:]
    ^^^^^^^^^^^^^^^
AttributeError: 'super' object has no attribute 'dicts' and no __dict__ for setting new attributes

During handling of the above exception, another exception occurred:

Traceback (most recent call last):
  File "C:\Users\Vicente\Desktop\clinica_alba\venv\Lib\site-packages\django\core\handlers\exception.py", line 55, in 
inner
    response = get_response(request)
  File "C:\Users\Vicente\Desktop\clinica_alba\venv\Lib\site-packages\django\utils\deprecation.py", line 134, in 
__call__
    response = response or self.get_response(request)
                           ~~~~~~~~~~~~~~~~~^^^^^^^^^
  File "C:\Users\Vicente\Desktop\clinica_alba\venv\Lib\site-packages\django\core\handlers\exception.py", line 57, in 
inner
    response = response_for_exception(request, exc)
  File "C:\Users\Vicente\Desktop\clinica_alba\venv\Lib\site-packages\django\core\handlers\exception.py", line 143, in 
response_for_exception
    log_response(
    ~~~~~~~~~~~~^
        "%s: %s",
        ^^^^^^^^^
    ...<4 lines>...
        exception=exc,
        ^^^^^^^^^^^^^^
    )
    ^
  File "C:\Users\Vicente\Desktop\clinica_alba\venv\Lib\site-packages\django\utils\log.py", line 241, in log_response
    getattr(logger, level)(
    ~~~~~~~~~~~~~~~~~~~~~~^
        message,
        ^^^^^^^^
    ...<5 lines>...
        exc_info=exception,
        ^^^^^^^^^^^^^^^^^^^
    )
    ^
  File "C:\Program Files (x86)\Python314-32\Lib\logging\__init__.py", line 1549, in error
    self._log(ERROR, msg, args, **kwargs)
    ~~~~~~~~~^^^^^^^^^^^^^^^^^^^^^^^^^^^^
  File "C:\Program Files (x86)\Python314-32\Lib\logging\__init__.py", line 1665, in _log
    self.handle(record)
    ~~~~~~~~~~~^^^^^^^^
  File "C:\Program Files (x86)\Python314-32\Lib\logging\__init__.py", line 1681, in handle
    self.callHandlers(record)
    ~~~~~~~~~~~~~~~~~^^^^^^^^
  File "C:\Program Files (x86)\Python314-32\Lib\logging\__init__.py", line 1737, in callHandlers
    hdlr.handle(record)
    ~~~~~~~~~~~^^^^^^^^
  File "C:\Program Files (x86)\Python314-32\Lib\logging\__init__.py", line 1027, in handle
    self.emit(record)
    ~~~~~~~~~^^^^^^^^
  File "C:\Users\Vicente\Desktop\clinica_alba\venv\Lib\site-packages\django\utils\log.py", line 125, in emit
    reporter.get_traceback_text(),
    ~~~~~~~~~~~~~~~~~~~~~~~~~~~^^
  File "C:\Users\Vicente\Desktop\clinica_alba\venv\Lib\site-packages\django\views\debug.py", line 436, in 
get_traceback_text
    return t.render(c)
           ~~~~~~~~^^^
  File "C:\Users\Vicente\Desktop\clinica_alba\venv\Lib\site-packages\django\template\base.py", line 171, in render
    return self._render(context)
           ~~~~~~~~~~~~^^^^^^^^^
  File "C:\Users\Vicente\Desktop\clinica_alba\venv\Lib\site-packages\django\test\utils.py", line 110, in 
instrumented_test_render
    template_rendered.send(sender=self, template=self, context=context)
    ~~~~~~~~~~~~~~~~~~~~~~^^^^^^^^^^^^^^^^^^^^^^^^^^^^^^^^^^^^^^^^^^^^^
  File "C:\Users\Vicente\Desktop\clinica_alba\venv\Lib\site-packages\django\dispatch\dispatcher.py", line 189, in send
    response = receiver(signal=self, sender=sender, **named)
  File "C:\Users\Vicente\Desktop\clinica_alba\venv\Lib\site-packages\django\test\client.py", line 275, in 
store_rendered_templates
    store["context"].append(copy(context))
                            ~~~~^^^^^^^^^
  File "C:\Program Files (x86)\Python314-32\Lib\copy.py", line 82, in copy
    return copier(x)
  File "C:\Users\Vicente\Desktop\clinica_alba\venv\Lib\site-packages\django\template\context.py", line 158, in __copy__
    duplicate = super().__copy__()
  File "C:\Users\Vicente\Desktop\clinica_alba\venv\Lib\site-packages\django\template\context.py", line 39, in __copy__
    duplicate.dicts = self.dicts[:]
    ^^^^^^^^^^^^^^^
AttributeError: 'super' object has no attribute 'dicts' and no __dict__ for setting new attributes

During handling of the above exception, another exception occurred:

Traceback (most recent call last):
  File "C:\Users\Vicente\Desktop\clinica_alba\venv\Lib\site-packages\django\core\handlers\exception.py", line 55, in 
inner
    response = get_response(request)
  File "C:\Users\Vicente\Desktop\clinica_alba\venv\Lib\site-packages\django\utils\deprecation.py", line 134, in 
__call__
    response = response or self.get_response(request)
                           ~~~~~~~~~~~~~~~~~^^^^^^^^^
  File "C:\Users\Vicente\Desktop\clinica_alba\venv\Lib\site-packages\django\core\handlers\exception.py", line 57, in 
inner
    response = response_for_exception(request, exc)
  File "C:\Users\Vicente\Desktop\clinica_alba\venv\Lib\site-packages\django\core\handlers\exception.py", line 143, in 
response_for_exception
    log_response(
    ~~~~~~~~~~~~^
        "%s: %s",
        ^^^^^^^^^
    ...<4 lines>...
        exception=exc,
        ^^^^^^^^^^^^^^
    )
    ^
  File "C:\Users\Vicente\Desktop\clinica_alba\venv\Lib\site-packages\django\utils\log.py", line 241, in log_response
    getattr(logger, level)(
    ~~~~~~~~~~~~~~~~~~~~~~^
        message,
        ^^^^^^^^
    ...<5 lines>...
        exc_info=exception,
        ^^^^^^^^^^^^^^^^^^^
    )
    ^
  File "C:\Program Files (x86)\Python314-32\Lib\logging\__init__.py", line 1549, in error
    self._log(ERROR, msg, args, **kwargs)
    ~~~~~~~~~^^^^^^^^^^^^^^^^^^^^^^^^^^^^
  File "C:\Program Files (x86)\Python314-32\Lib\logging\__init__.py", line 1665, in _log
    self.handle(record)
    ~~~~~~~~~~~^^^^^^^^
  File "C:\Program Files (x86)\Python314-32\Lib\logging\__init__.py", line 1681, in handle
    self.callHandlers(record)
    ~~~~~~~~~~~~~~~~~^^^^^^^^
  File "C:\Program Files (x86)\Python314-32\Lib\logging\__init__.py", line 1737, in callHandlers
    hdlr.handle(record)
    ~~~~~~~~~~~^^^^^^^^
  File "C:\Program Files (x86)\Python314-32\Lib\logging\__init__.py", line 1027, in handle
    self.emit(record)
    ~~~~~~~~~^^^^^^^^
  File "C:\Users\Vicente\Desktop\clinica_alba\venv\Lib\site-packages\django\utils\log.py", line 125, in emit
    reporter.get_traceback_text(),
    ~~~~~~~~~~~~~~~~~~~~~~~~~~~^^
  File "C:\Users\Vicente\Desktop\clinica_alba\venv\Lib\site-packages\django\views\debug.py", line 436, in 
get_traceback_text
    return t.render(c)
           ~~~~~~~~^^^
  File "C:\Users\Vicente\Desktop\clinica_alba\venv\Lib\site-packages\django\template\base.py", line 171, in render
    return self._render(context)
           ~~~~~~~~~~~~^^^^^^^^^
  File "C:\Users\Vicente\Desktop\clinica_alba\venv\Lib\site-packages\django\test\utils.py", line 110, in 
instrumented_test_render
    template_rendered.send(sender=self, template=self, context=context)
    ~~~~~~~~~~~~~~~~~~~~~~^^^^^^^^^^^^^^^^^^^^^^^^^^^^^^^^^^^^^^^^^^^^^
  File "C:\Users\Vicente\Desktop\clinica_alba\venv\Lib\site-packages\django\dispatch\dispatcher.py", line 189, in send
    response = receiver(signal=self, sender=sender, **named)
  File "C:\Users\Vicente\Desktop\clinica_alba\venv\Lib\site-packages\django\test\client.py", line 275, in 
store_rendered_templates
    store["context"].append(copy(context))
                            ~~~~^^^^^^^^^
  File "C:\Program Files (x86)\Python314-32\Lib\copy.py", line 82, in copy
    return copier(x)
  File "C:\Users\Vicente\Desktop\clinica_alba\venv\Lib\site-packages\django\template\context.py", line 158, in __copy__
    duplicate = super().__copy__()
  File "C:\Users\Vicente\Desktop\clinica_alba\venv\Lib\site-packages\django\template\context.py", line 39, in __copy__
    duplicate.dicts = self.dicts[:]
    ^^^^^^^^^^^^^^^
AttributeError: 'super' object has no attribute 'dicts' and no __dict__ for setting new attributes

During handling of the above exception, another exception occurred:

Traceback (most recent call last):
  File "C:\Users\Vicente\Desktop\clinica_alba\venv\Lib\site-packages\django\core\handlers\exception.py", line 55, in 
inner
    response = get_response(request)
  File "C:\Users\Vicente\Desktop\clinica_alba\venv\Lib\site-packages\django\utils\deprecation.py", line 134, in 
__call__
    response = response or self.get_response(request)
                           ~~~~~~~~~~~~~~~~~^^^^^^^^^
  File "C:\Users\Vicente\Desktop\clinica_alba\venv\Lib\site-packages\django\core\handlers\exception.py", line 57, in 
inner
    response = response_for_exception(request, exc)
  File "C:\Users\Vicente\Desktop\clinica_alba\venv\Lib\site-packages\django\core\handlers\exception.py", line 143, in 
response_for_exception
    log_response(
    ~~~~~~~~~~~~^
        "%s: %s",
        ^^^^^^^^^
    ...<4 lines>...
        exception=exc,
        ^^^^^^^^^^^^^^
    )
    ^
  File "C:\Users\Vicente\Desktop\clinica_alba\venv\Lib\site-packages\django\utils\log.py", line 241, in log_response
    getattr(logger, level)(
    ~~~~~~~~~~~~~~~~~~~~~~^
        message,
        ^^^^^^^^
    ...<5 lines>...
        exc_info=exception,
        ^^^^^^^^^^^^^^^^^^^
    )
    ^
  File "C:\Program Files (x86)\Python314-32\Lib\logging\__init__.py", line 1549, in error
    self._log(ERROR, msg, args, **kwargs)
    ~~~~~~~~~^^^^^^^^^^^^^^^^^^^^^^^^^^^^
  File "C:\Program Files (x86)\Python314-32\Lib\logging\__init__.py", line 1665, in _log
    self.handle(record)
    ~~~~~~~~~~~^^^^^^^^
  File "C:\Program Files (x86)\Python314-32\Lib\logging\__init__.py", line 1681, in handle
    self.callHandlers(record)
    ~~~~~~~~~~~~~~~~~^^^^^^^^
  File "C:\Program Files (x86)\Python314-32\Lib\logging\__init__.py", line 1737, in callHandlers
    hdlr.handle(record)
    ~~~~~~~~~~~^^^^^^^^
  File "C:\Program Files (x86)\Python314-32\Lib\logging\__init__.py", line 1027, in handle
    self.emit(record)
    ~~~~~~~~~^^^^^^^^
  File "C:\Users\Vicente\Desktop\clinica_alba\venv\Lib\site-packages\django\utils\log.py", line 125, in emit
    reporter.get_traceback_text(),
    ~~~~~~~~~~~~~~~~~~~~~~~~~~~^^
  File "C:\Users\Vicente\Desktop\clinica_alba\venv\Lib\site-packages\django\views\debug.py", line 436, in 
get_traceback_text
    return t.render(c)
           ~~~~~~~~^^^
  File "C:\Users\Vicente\Desktop\clinica_alba\venv\Lib\site-packages\django\template\base.py", line 171, in render
    return self._render(context)
           ~~~~~~~~~~~~^^^^^^^^^
  File "C:\Users\Vicente\Desktop\clinica_alba\venv\Lib\site-packages\django\test\utils.py", line 110, in 
instrumented_test_render
    template_rendered.send(sender=self, template=self, context=context)
    ~~~~~~~~~~~~~~~~~~~~~~^^^^^^^^^^^^^^^^^^^^^^^^^^^^^^^^^^^^^^^^^^^^^
  File "C:\Users\Vicente\Desktop\clinica_alba\venv\Lib\site-packages\django\dispatch\dispatcher.py", line 189, in send
    response = receiver(signal=self, sender=sender, **named)
  File "C:\Users\Vicente\Desktop\clinica_alba\venv\Lib\site-packages\django\test\client.py", line 275, in 
store_rendered_templates
    store["context"].append(copy(context))
                            ~~~~^^^^^^^^^
  File "C:\Program Files (x86)\Python314-32\Lib\copy.py", line 82, in copy
    return copier(x)
  File "C:\Users\Vicente\Desktop\clinica_alba\venv\Lib\site-packages\django\template\context.py", line 158, in __copy__
    duplicate = super().__copy__()
  File "C:\Users\Vicente\Desktop\clinica_alba\venv\Lib\site-packages\django\template\context.py", line 39, in __copy__
    duplicate.dicts = self.dicts[:]
    ^^^^^^^^^^^^^^^
AttributeError: 'super' object has no attribute 'dicts' and no __dict__ for setting new attributes

During handling of the above exception, another exception occurred:

Traceback (most recent call last):
  File "C:\Users\Vicente\Desktop\clinica_alba\venv\Lib\site-packages\django\core\handlers\exception.py", line 55, in 
inner
    response = get_response(request)
  File "C:\Users\Vicente\Desktop\clinica_alba\venv\Lib\site-packages\django\utils\deprecation.py", line 134, in 
__call__
    response = response or self.get_response(request)
                           ~~~~~~~~~~~~~~~~~^^^^^^^^^
  File "C:\Users\Vicente\Desktop\clinica_alba\venv\Lib\site-packages\django\core\handlers\exception.py", line 57, in 
inner
    response = response_for_exception(request, exc)
  File "C:\Users\Vicente\Desktop\clinica_alba\venv\Lib\site-packages\django\core\handlers\exception.py", line 143, in 
response_for_exception
    log_response(
    ~~~~~~~~~~~~^
        "%s: %s",
        ^^^^^^^^^
    ...<4 lines>...
        exception=exc,
        ^^^^^^^^^^^^^^
    )
    ^
  File "C:\Users\Vicente\Desktop\clinica_alba\venv\Lib\site-packages\django\utils\log.py", line 241, in log_response
    getattr(logger, level)(
    ~~~~~~~~~~~~~~~~~~~~~~^
        message,
        ^^^^^^^^
    ...<5 lines>...
        exc_info=exception,
        ^^^^^^^^^^^^^^^^^^^
    )
    ^
  File "C:\Program Files (x86)\Python314-32\Lib\logging\__init__.py", line 1549, in error
    self._log(ERROR, msg, args, **kwargs)
    ~~~~~~~~~^^^^^^^^^^^^^^^^^^^^^^^^^^^^
  File "C:\Program Files (x86)\Python314-32\Lib\logging\__init__.py", line 1665, in _log
    self.handle(record)
    ~~~~~~~~~~~^^^^^^^^
  File "C:\Program Files (x86)\Python314-32\Lib\logging\__init__.py", line 1681, in handle
    self.callHandlers(record)
    ~~~~~~~~~~~~~~~~~^^^^^^^^
  File "C:\Program Files (x86)\Python314-32\Lib\logging\__init__.py", line 1737, in callHandlers
    hdlr.handle(record)
    ~~~~~~~~~~~^^^^^^^^
  File "C:\Program Files (x86)\Python314-32\Lib\logging\__init__.py", line 1027, in handle
    self.emit(record)
    ~~~~~~~~~^^^^^^^^
  File "C:\Users\Vicente\Desktop\clinica_alba\venv\Lib\site-packages\django\utils\log.py", line 125, in emit
    reporter.get_traceback_text(),
    ~~~~~~~~~~~~~~~~~~~~~~~~~~~^^
  File "C:\Users\Vicente\Desktop\clinica_alba\venv\Lib\site-packages\django\views\debug.py", line 436, in 
get_traceback_text
    return t.render(c)
           ~~~~~~~~^^^
  File "C:\Users\Vicente\Desktop\clinica_alba\venv\Lib\site-packages\django\template\base.py", line 171, in render
    return self._render(context)
           ~~~~~~~~~~~~^^^^^^^^^
  File "C:\Users\Vicente\Desktop\clinica_alba\venv\Lib\site-packages\django\test\utils.py", line 110, in 
instrumented_test_render
    template_rendered.send(sender=self, template=self, context=context)
    ~~~~~~~~~~~~~~~~~~~~~~^^^^^^^^^^^^^^^^^^^^^^^^^^^^^^^^^^^^^^^^^^^^^
  File "C:\Users\Vicente\Desktop\clinica_alba\venv\Lib\site-packages\django\dispatch\dispatcher.py", line 189, in send
    response = receiver(signal=self, sender=sender, **named)
  File "C:\Users\Vicente\Desktop\clinica_alba\venv\Lib\site-packages\django\test\client.py", line 275, in 
store_rendered_templates
    store["context"].append(copy(context))
                            ~~~~^^^^^^^^^
  File "C:\Program Files (x86)\Python314-32\Lib\copy.py", line 82, in copy
    return copier(x)
  File "C:\Users\Vicente\Desktop\clinica_alba\venv\Lib\site-packages\django\template\context.py", line 158, in __copy__
    duplicate = super().__copy__()
  File "C:\Users\Vicente\Desktop\clinica_alba\venv\Lib\site-packages\django\template\context.py", line 39, in __copy__
    duplicate.dicts = self.dicts[:]
    ^^^^^^^^^^^^^^^
AttributeError: 'super' object has no attribute 'dicts' and no __dict__ for setting new attributes

During handling of the above exception, another exception occurred:

Traceback (most recent call last):
  File "C:\Users\Vicente\Desktop\clinica_alba\venv\Lib\site-packages\django\core\handlers\exception.py", line 55, in 
inner
    response = get_response(request)
  File "C:\Users\Vicente\Desktop\clinica_alba\venv\Lib\site-packages\django\utils\deprecation.py", line 134, in 
__call__
    response = response or self.get_response(request)
                           ~~~~~~~~~~~~~~~~~^^^^^^^^^
  File "C:\Users\Vicente\Desktop\clinica_alba\venv\Lib\site-packages\django\core\handlers\exception.py", line 57, in 
inner
    response = response_for_exception(request, exc)
  File "C:\Users\Vicente\Desktop\clinica_alba\venv\Lib\site-packages\django\core\handlers\exception.py", line 143, in 
response_for_exception
    log_response(
    ~~~~~~~~~~~~^
        "%s: %s",
        ^^^^^^^^^
    ...<4 lines>...
        exception=exc,
        ^^^^^^^^^^^^^^
    )
    ^
  File "C:\Users\Vicente\Desktop\clinica_alba\venv\Lib\site-packages\django\utils\log.py", line 241, in log_response
    getattr(logger, level)(
    ~~~~~~~~~~~~~~~~~~~~~~^
        message,
        ^^^^^^^^
    ...<5 lines>...
        exc_info=exception,
        ^^^^^^^^^^^^^^^^^^^
    )
    ^
  File "C:\Program Files (x86)\Python314-32\Lib\logging\__init__.py", line 1549, in error
    self._log(ERROR, msg, args, **kwargs)
    ~~~~~~~~~^^^^^^^^^^^^^^^^^^^^^^^^^^^^
  File "C:\Program Files (x86)\Python314-32\Lib\logging\__init__.py", line 1665, in _log
    self.handle(record)
    ~~~~~~~~~~~^^^^^^^^
  File "C:\Program Files (x86)\Python314-32\Lib\logging\__init__.py", line 1681, in handle
    self.callHandlers(record)
    ~~~~~~~~~~~~~~~~~^^^^^^^^
  File "C:\Program Files (x86)\Python314-32\Lib\logging\__init__.py", line 1737, in callHandlers
    hdlr.handle(record)
    ~~~~~~~~~~~^^^^^^^^
  File "C:\Program Files (x86)\Python314-32\Lib\logging\__init__.py", line 1027, in handle
    self.emit(record)
    ~~~~~~~~~^^^^^^^^
  File "C:\Users\Vicente\Desktop\clinica_alba\venv\Lib\site-packages\django\utils\log.py", line 125, in emit
    reporter.get_traceback_text(),
    ~~~~~~~~~~~~~~~~~~~~~~~~~~~^^
  File "C:\Users\Vicente\Desktop\clinica_alba\venv\Lib\site-packages\django\views\debug.py", line 436, in 
get_traceback_text
    return t.render(c)
           ~~~~~~~~^^^
  File "C:\Users\Vicente\Desktop\clinica_alba\venv\Lib\site-packages\django\template\base.py", line 171, in render
    return self._render(context)
           ~~~~~~~~~~~~^^^^^^^^^
  File "C:\Users\Vicente\Desktop\clinica_alba\venv\Lib\site-packages\django\test\utils.py", line 110, in 
instrumented_test_render
    template_rendered.send(sender=self, template=self, context=context)
    ~~~~~~~~~~~~~~~~~~~~~~^^^^^^^^^^^^^^^^^^^^^^^^^^^^^^^^^^^^^^^^^^^^^
  File "C:\Users\Vicente\Desktop\clinica_alba\venv\Lib\site-packages\django\dispatch\dispatcher.py", line 189, in send
    response = receiver(signal=self, sender=sender, **named)
  File "C:\Users\Vicente\Desktop\clinica_alba\venv\Lib\site-packages\django\test\client.py", line 275, in 
store_rendered_templates
    store["context"].append(copy(context))
                            ~~~~^^^^^^^^^
  File "C:\Program Files (x86)\Python314-32\Lib\copy.py", line 82, in copy
    return copier(x)
  File "C:\Users\Vicente\Desktop\clinica_alba\venv\Lib\site-packages\django\template\context.py", line 158, in __copy__
    duplicate = super().__copy__()
  File "C:\Users\Vicente\Desktop\clinica_alba\venv\Lib\site-packages\django\template\context.py", line 39, in __copy__
    duplicate.dicts = self.dicts[:]
    ^^^^^^^^^^^^^^^
AttributeError: 'super' object has no attribute 'dicts' and no __dict__ for setting new attributes

During handling of the above exception, another exception occurred:

Traceback (most recent call last):
  File "C:\Users\Vicente\Desktop\clinica_alba\venv\Lib\site-packages\django\core\handlers\exception.py", line 55, in 
inner
    response = get_response(request)
  File "C:\Users\Vicente\Desktop\clinica_alba\venv\Lib\site-packages\whitenoise\middleware.py", line 124, in __call__
    return self.get_response(request)
           ~~~~~~~~~~~~~~~~~^^^^^^^^^
  File "C:\Users\Vicente\Desktop\clinica_alba\venv\Lib\site-packages\django\core\handlers\exception.py", line 57, in 
inner
    response = response_for_exception(request, exc)
  File "C:\Users\Vicente\Desktop\clinica_alba\venv\Lib\site-packages\django\core\handlers\exception.py", line 143, in 
response_for_exception
    log_response(
    ~~~~~~~~~~~~^
        "%s: %s",
        ^^^^^^^^^
    ...<4 lines>...
        exception=exc,
        ^^^^^^^^^^^^^^
    )
    ^
  File "C:\Users\Vicente\Desktop\clinica_alba\venv\Lib\site-packages\django\utils\log.py", line 241, in log_response
    getattr(logger, level)(
    ~~~~~~~~~~~~~~~~~~~~~~^
        message,
        ^^^^^^^^
    ...<5 lines>...
        exc_info=exception,
        ^^^^^^^^^^^^^^^^^^^
    )
    ^
  File "C:\Program Files (x86)\Python314-32\Lib\logging\__init__.py", line 1549, in error
    self._log(ERROR, msg, args, **kwargs)
    ~~~~~~~~~^^^^^^^^^^^^^^^^^^^^^^^^^^^^
  File "C:\Program Files (x86)\Python314-32\Lib\logging\__init__.py", line 1665, in _log
    self.handle(record)
    ~~~~~~~~~~~^^^^^^^^
  File "C:\Program Files (x86)\Python314-32\Lib\logging\__init__.py", line 1681, in handle
    self.callHandlers(record)
    ~~~~~~~~~~~~~~~~~^^^^^^^^
  File "C:\Program Files (x86)\Python314-32\Lib\logging\__init__.py", line 1737, in callHandlers
    hdlr.handle(record)
    ~~~~~~~~~~~^^^^^^^^
  File "C:\Program Files (x86)\Python314-32\Lib\logging\__init__.py", line 1027, in handle
    self.emit(record)
    ~~~~~~~~~^^^^^^^^
  File "C:\Users\Vicente\Desktop\clinica_alba\venv\Lib\site-packages\django\utils\log.py", line 125, in emit
    reporter.get_traceback_text(),
    ~~~~~~~~~~~~~~~~~~~~~~~~~~~^^
  File "C:\Users\Vicente\Desktop\clinica_alba\venv\Lib\site-packages\django\views\debug.py", line 436, in 
get_traceback_text
    return t.render(c)
           ~~~~~~~~^^^
  File "C:\Users\Vicente\Desktop\clinica_alba\venv\Lib\site-packages\django\template\base.py", line 171, in render
    return self._render(context)
           ~~~~~~~~~~~~^^^^^^^^^
  File "C:\Users\Vicente\Desktop\clinica_alba\venv\Lib\site-packages\django\test\utils.py", line 110, in 
instrumented_test_render
    template_rendered.send(sender=self, template=self, context=context)
    ~~~~~~~~~~~~~~~~~~~~~~^^^^^^^^^^^^^^^^^^^^^^^^^^^^^^^^^^^^^^^^^^^^^
  File "C:\Users\Vicente\Desktop\clinica_alba\venv\Lib\site-packages\django\dispatch\dispatcher.py", line 189, in send
    response = receiver(signal=self, sender=sender, **named)
  File "C:\Users\Vicente\Desktop\clinica_alba\venv\Lib\site-packages\django\test\client.py", line 275, in 
store_rendered_templates
    store["context"].append(copy(context))
                            ~~~~^^^^^^^^^
  File "C:\Program Files (x86)\Python314-32\Lib\copy.py", line 82, in copy
    return copier(x)
  File "C:\Users\Vicente\Desktop\clinica_alba\venv\Lib\site-packages\django\template\context.py", line 158, in __copy__
    duplicate = super().__copy__()
  File "C:\Users\Vicente\Desktop\clinica_alba\venv\Lib\site-packages\django\template\context.py", line 39, in __copy__
    duplicate.dicts = self.dicts[:]
    ^^^^^^^^^^^^^^^
AttributeError: 'super' object has no attribute 'dicts' and no __dict__ for setting new attributes

During handling of the above exception, another exception occurred:

Traceback (most recent call last):
  File "C:\Users\Vicente\Desktop\clinica_alba\venv\Lib\site-packages\django\core\handlers\exception.py", line 55, in 
inner
    response = get_response(request)
  File "C:\Users\Vicente\Desktop\clinica_alba\venv\Lib\site-packages\django\utils\deprecation.py", line 134, in 
__call__
    response = response or self.get_response(request)
                           ~~~~~~~~~~~~~~~~~^^^^^^^^^
  File "C:\Users\Vicente\Desktop\clinica_alba\venv\Lib\site-packages\django\core\handlers\exception.py", line 57, in 
inner
    response = response_for_exception(request, exc)
  File "C:\Users\Vicente\Desktop\clinica_alba\venv\Lib\site-packages\django\core\handlers\exception.py", line 143, in 
response_for_exception
    log_response(
    ~~~~~~~~~~~~^
        "%s: %s",
        ^^^^^^^^^
    ...<4 lines>...
        exception=exc,
        ^^^^^^^^^^^^^^
    )
    ^
  File "C:\Users\Vicente\Desktop\clinica_alba\venv\Lib\site-packages\django\utils\log.py", line 241, in log_response
    getattr(logger, level)(
    ~~~~~~~~~~~~~~~~~~~~~~^
        message,
        ^^^^^^^^
    ...<5 lines>...
        exc_info=exception,
        ^^^^^^^^^^^^^^^^^^^
    )
    ^
  File "C:\Program Files (x86)\Python314-32\Lib\logging\__init__.py", line 1549, in error
    self._log(ERROR, msg, args, **kwargs)
    ~~~~~~~~~^^^^^^^^^^^^^^^^^^^^^^^^^^^^
  File "C:\Program Files (x86)\Python314-32\Lib\logging\__init__.py", line 1665, in _log
    self.handle(record)
    ~~~~~~~~~~~^^^^^^^^
  File "C:\Program Files (x86)\Python314-32\Lib\logging\__init__.py", line 1681, in handle
    self.callHandlers(record)
    ~~~~~~~~~~~~~~~~~^^^^^^^^
  File "C:\Program Files (x86)\Python314-32\Lib\logging\__init__.py", line 1737, in callHandlers
    hdlr.handle(record)
    ~~~~~~~~~~~^^^^^^^^
  File "C:\Program Files (x86)\Python314-32\Lib\logging\__init__.py", line 1027, in handle
    self.emit(record)
    ~~~~~~~~~^^^^^^^^
  File "C:\Users\Vicente\Desktop\clinica_alba\venv\Lib\site-packages\django\utils\log.py", line 125, in emit
    reporter.get_traceback_text(),
    ~~~~~~~~~~~~~~~~~~~~~~~~~~~^^
  File "C:\Users\Vicente\Desktop\clinica_alba\venv\Lib\site-packages\django\views\debug.py", line 436, in 
get_traceback_text
    return t.render(c)
           ~~~~~~~~^^^
  File "C:\Users\Vicente\Desktop\clinica_alba\venv\Lib\site-packages\django\template\base.py", line 171, in render
    return self._render(context)
           ~~~~~~~~~~~~^^^^^^^^^
  File "C:\Users\Vicente\Desktop\clinica_alba\venv\Lib\site-packages\django\test\utils.py", line 110, in 
instrumented_test_render
    template_rendered.send(sender=self, template=self, context=context)
    ~~~~~~~~~~~~~~~~~~~~~~^^^^^^^^^^^^^^^^^^^^^^^^^^^^^^^^^^^^^^^^^^^^^
  File "C:\Users\Vicente\Desktop\clinica_alba\venv\Lib\site-packages\django\dispatch\dispatcher.py", line 189, in send
    response = receiver(signal=self, sender=sender, **named)
  File "C:\Users\Vicente\Desktop\clinica_alba\venv\Lib\site-packages\django\test\client.py", line 275, in 
store_rendered_templates
    store["context"].append(copy(context))
                            ~~~~^^^^^^^^^
  File "C:\Program Files (x86)\Python314-32\Lib\copy.py", line 82, in copy
    return copier(x)
  File "C:\Users\Vicente\Desktop\clinica_alba\venv\Lib\site-packages\django\template\context.py", line 158, in __copy__
    duplicate = super().__copy__()
  File "C:\Users\Vicente\Desktop\clinica_alba\venv\Lib\site-packages\django\template\context.py", line 39, in __copy__
    duplicate.dicts = self.dicts[:]
    ^^^^^^^^^^^^^^^
AttributeError: 'super' object has no attribute 'dicts' and no __dict__ for setting new attributes

During handling of the above exception, another exception occurred:

Traceback (most recent call last):
  File "C:\Users\Vicente\Desktop\clinica_alba\tests\test_auth.py", line 27, in test_login_password_incorrecta
    resp = self.client.post(self.url_login, {
        "username": "admin_test",
        "password": "WrongPassword",
    })
  File "C:\Users\Vicente\Desktop\clinica_alba\venv\Lib\site-packages\django\test\client.py", line 1070, in post
    response = super().post(
        path,
    ...<4 lines>...
        **extra,
    )
  File "C:\Users\Vicente\Desktop\clinica_alba\venv\Lib\site-packages\django\test\client.py", line 490, in post
    return self.generic(
           ~~~~~~~~~~~~^
        "POST",
        ^^^^^^^
    ...<5 lines>...
        **extra,
        ^^^^^^^^
    )
    ^
  File "C:\Users\Vicente\Desktop\clinica_alba\venv\Lib\site-packages\django\test\client.py", line 617, in generic
    return self.request(**r)
           ~~~~~~~~~~~~^^^^^
  File "C:\Users\Vicente\Desktop\clinica_alba\venv\Lib\site-packages\django\test\client.py", line 1008, in request
    response = self.handler(environ)
  File "C:\Users\Vicente\Desktop\clinica_alba\venv\Lib\site-packages\django\test\client.py", line 186, in __call__
    response = self.get_response(request)
  File "C:\Users\Vicente\Desktop\clinica_alba\venv\Lib\site-packages\django\core\handlers\base.py", line 140, in 
get_response
    response = self._middleware_chain(request)
  File "C:\Users\Vicente\Desktop\clinica_alba\venv\Lib\site-packages\django\core\handlers\exception.py", line 57, in 
inner
    response = response_for_exception(request, exc)
  File "C:\Users\Vicente\Desktop\clinica_alba\venv\Lib\site-packages\django\core\handlers\exception.py", line 143, in 
response_for_exception
    log_response(
    ~~~~~~~~~~~~^
        "%s: %s",
        ^^^^^^^^^
    ...<4 lines>...
        exception=exc,
        ^^^^^^^^^^^^^^
    )
    ^
  File "C:\Users\Vicente\Desktop\clinica_alba\venv\Lib\site-packages\django\utils\log.py", line 241, in log_response
    getattr(logger, level)(
    ~~~~~~~~~~~~~~~~~~~~~~^
        message,
        ^^^^^^^^
    ...<5 lines>...
        exc_info=exception,
        ^^^^^^^^^^^^^^^^^^^
    )
    ^
  File "C:\Program Files (x86)\Python314-32\Lib\logging\__init__.py", line 1549, in error
    self._log(ERROR, msg, args, **kwargs)
    ~~~~~~~~~^^^^^^^^^^^^^^^^^^^^^^^^^^^^
  File "C:\Program Files (x86)\Python314-32\Lib\logging\__init__.py", line 1665, in _log
    self.handle(record)
    ~~~~~~~~~~~^^^^^^^^
  File "C:\Program Files (x86)\Python314-32\Lib\logging\__init__.py", line 1681, in handle
    self.callHandlers(record)
    ~~~~~~~~~~~~~~~~~^^^^^^^^
  File "C:\Program Files (x86)\Python314-32\Lib\logging\__init__.py", line 1737, in callHandlers
    hdlr.handle(record)
    ~~~~~~~~~~~^^^^^^^^
  File "C:\Program Files (x86)\Python314-32\Lib\logging\__init__.py", line 1027, in handle
    self.emit(record)
    ~~~~~~~~~^^^^^^^^
  File "C:\Users\Vicente\Desktop\clinica_alba\venv\Lib\site-packages\django\utils\log.py", line 125, in emit
    reporter.get_traceback_text(),
    ~~~~~~~~~~~~~~~~~~~~~~~~~~~^^
  File "C:\Users\Vicente\Desktop\clinica_alba\venv\Lib\site-packages\django\views\debug.py", line 436, in 
get_traceback_text
    return t.render(c)
           ~~~~~~~~^^^
  File "C:\Users\Vicente\Desktop\clinica_alba\venv\Lib\site-packages\django\template\base.py", line 171, in render
    return self._render(context)
           ~~~~~~~~~~~~^^^^^^^^^
  File "C:\Users\Vicente\Desktop\clinica_alba\venv\Lib\site-packages\django\test\utils.py", line 110, in 
instrumented_test_render
    template_rendered.send(sender=self, template=self, context=context)
    ~~~~~~~~~~~~~~~~~~~~~~^^^^^^^^^^^^^^^^^^^^^^^^^^^^^^^^^^^^^^^^^^^^^
  File "C:\Users\Vicente\Desktop\clinica_alba\venv\Lib\site-packages\django\dispatch\dispatcher.py", line 189, in send
    response = receiver(signal=self, sender=sender, **named)
  File "C:\Users\Vicente\Desktop\clinica_alba\venv\Lib\site-packages\django\test\client.py", line 275, in 
store_rendered_templates
    store["context"].append(copy(context))
                            ~~~~^^^^^^^^^
  File "C:\Program Files (x86)\Python314-32\Lib\copy.py", line 82, in copy
    return copier(x)
  File "C:\Users\Vicente\Desktop\clinica_alba\venv\Lib\site-packages\django\template\context.py", line 158, in __copy__
    duplicate = super().__copy__()
  File "C:\Users\Vicente\Desktop\clinica_alba\venv\Lib\site-packages\django\template\context.py", line 39, in __copy__
    duplicate.dicts = self.dicts[:]
    ^^^^^^^^^^^^^^^
AttributeError: 'super' object has no attribute 'dicts' and no __dict__ for setting new attributes

======================================================================
ERROR: test_login_usuario_bloqueado (tests.test_auth.LoginTest.test_login_usuario_bloqueado)
Un usuario bloqueado no puede iniciar sesi¾n.
----------------------------------------------------------------------
Traceback (most recent call last):
  File "C:\Users\Vicente\Desktop\clinica_alba\venv\Lib\site-packages\django\core\handlers\exception.py", line 55, in 
inner
    response = get_response(request)
  File "C:\Users\Vicente\Desktop\clinica_alba\venv\Lib\site-packages\django\core\handlers\base.py", line 197, in 
_get_response
    response = wrapped_callback(request, *callback_args, **callback_kwargs)
  File "C:\Users\Vicente\Desktop\clinica_alba\venv\Lib\site-packages\django\views\generic\base.py", line 104, in view
    return self.dispatch(request, *args, **kwargs)
           ~~~~~~~~~~~~~^^^^^^^^^^^^^^^^^^^^^^^^^^
  File "C:\Users\Vicente\Desktop\clinica_alba\venv\Lib\site-packages\django\views\generic\base.py", line 143, in 
dispatch
    return handler(request, *args, **kwargs)
  File "C:\Users\Vicente\Desktop\clinica_alba\apps\accounts\views.py", line 52, in post
    return render(request, self.template_name, {"form": form})
  File "C:\Users\Vicente\Desktop\clinica_alba\venv\Lib\site-packages\django\shortcuts.py", line 25, in render
    content = loader.render_to_string(template_name, context, request, using=using)
  File "C:\Users\Vicente\Desktop\clinica_alba\venv\Lib\site-packages\django\template\loader.py", line 62, in 
render_to_string
    return template.render(context, request)
           ~~~~~~~~~~~~~~~^^^^^^^^^^^^^^^^^^
  File "C:\Users\Vicente\Desktop\clinica_alba\venv\Lib\site-packages\django\template\backends\django.py", line 61, in 
render
    return self.template.render(context)
           ~~~~~~~~~~~~~~~~~~~~^^^^^^^^^
  File "C:\Users\Vicente\Desktop\clinica_alba\venv\Lib\site-packages\django\template\base.py", line 171, in render
    return self._render(context)
           ~~~~~~~~~~~~^^^^^^^^^
  File "C:\Users\Vicente\Desktop\clinica_alba\venv\Lib\site-packages\django\test\utils.py", line 110, in 
instrumented_test_render
    template_rendered.send(sender=self, template=self, context=context)
    ~~~~~~~~~~~~~~~~~~~~~~^^^^^^^^^^^^^^^^^^^^^^^^^^^^^^^^^^^^^^^^^^^^^
  File "C:\Users\Vicente\Desktop\clinica_alba\venv\Lib\site-packages\django\dispatch\dispatcher.py", line 189, in send
    response = receiver(signal=self, sender=sender, **named)
  File "C:\Users\Vicente\Desktop\clinica_alba\venv\Lib\site-packages\django\test\client.py", line 275, in 
store_rendered_templates
    store["context"].append(copy(context))
                            ~~~~^^^^^^^^^
  File "C:\Program Files (x86)\Python314-32\Lib\copy.py", line 82, in copy
    return copier(x)
  File "C:\Users\Vicente\Desktop\clinica_alba\venv\Lib\site-packages\django\template\context.py", line 158, in __copy__
    duplicate = super().__copy__()
  File "C:\Users\Vicente\Desktop\clinica_alba\venv\Lib\site-packages\django\template\context.py", line 39, in __copy__
    duplicate.dicts = self.dicts[:]
    ^^^^^^^^^^^^^^^
AttributeError: 'super' object has no attribute 'dicts' and no __dict__ for setting new attributes

During handling of the above exception, another exception occurred:

Traceback (most recent call last):
  File "C:\Users\Vicente\Desktop\clinica_alba\venv\Lib\site-packages\django\core\handlers\exception.py", line 55, in 
inner
    response = get_response(request)
  File "C:\Users\Vicente\Desktop\clinica_alba\venv\Lib\site-packages\django\utils\deprecation.py", line 134, in 
__call__
    response = response or self.get_response(request)
                           ~~~~~~~~~~~~~~~~~^^^^^^^^^
  File "C:\Users\Vicente\Desktop\clinica_alba\venv\Lib\site-packages\django\core\handlers\exception.py", line 57, in 
inner
    response = response_for_exception(request, exc)
  File "C:\Users\Vicente\Desktop\clinica_alba\venv\Lib\site-packages\django\core\handlers\exception.py", line 143, in 
response_for_exception
    log_response(
    ~~~~~~~~~~~~^
        "%s: %s",
        ^^^^^^^^^
    ...<4 lines>...
        exception=exc,
        ^^^^^^^^^^^^^^
    )
    ^
  File "C:\Users\Vicente\Desktop\clinica_alba\venv\Lib\site-packages\django\utils\log.py", line 241, in log_response
    getattr(logger, level)(
    ~~~~~~~~~~~~~~~~~~~~~~^
        message,
        ^^^^^^^^
    ...<5 lines>...
        exc_info=exception,
        ^^^^^^^^^^^^^^^^^^^
    )
    ^
  File "C:\Program Files (x86)\Python314-32\Lib\logging\__init__.py", line 1549, in error
    self._log(ERROR, msg, args, **kwargs)
    ~~~~~~~~~^^^^^^^^^^^^^^^^^^^^^^^^^^^^
  File "C:\Program Files (x86)\Python314-32\Lib\logging\__init__.py", line 1665, in _log
    self.handle(record)
    ~~~~~~~~~~~^^^^^^^^
  File "C:\Program Files (x86)\Python314-32\Lib\logging\__init__.py", line 1681, in handle
    self.callHandlers(record)
    ~~~~~~~~~~~~~~~~~^^^^^^^^
  File "C:\Program Files (x86)\Python314-32\Lib\logging\__init__.py", line 1737, in callHandlers
    hdlr.handle(record)
    ~~~~~~~~~~~^^^^^^^^
  File "C:\Program Files (x86)\Python314-32\Lib\logging\__init__.py", line 1027, in handle
    self.emit(record)
    ~~~~~~~~~^^^^^^^^
  File "C:\Users\Vicente\Desktop\clinica_alba\venv\Lib\site-packages\django\utils\log.py", line 125, in emit
    reporter.get_traceback_text(),
    ~~~~~~~~~~~~~~~~~~~~~~~~~~~^^
  File "C:\Users\Vicente\Desktop\clinica_alba\venv\Lib\site-packages\django\views\debug.py", line 436, in 
get_traceback_text
    return t.render(c)
           ~~~~~~~~^^^
  File "C:\Users\Vicente\Desktop\clinica_alba\venv\Lib\site-packages\django\template\base.py", line 171, in render
    return self._render(context)
           ~~~~~~~~~~~~^^^^^^^^^
  File "C:\Users\Vicente\Desktop\clinica_alba\venv\Lib\site-packages\django\test\utils.py", line 110, in 
instrumented_test_render
    template_rendered.send(sender=self, template=self, context=context)
    ~~~~~~~~~~~~~~~~~~~~~~^^^^^^^^^^^^^^^^^^^^^^^^^^^^^^^^^^^^^^^^^^^^^
  File "C:\Users\Vicente\Desktop\clinica_alba\venv\Lib\site-packages\django\dispatch\dispatcher.py", line 189, in send
    response = receiver(signal=self, sender=sender, **named)
  File "C:\Users\Vicente\Desktop\clinica_alba\venv\Lib\site-packages\django\test\client.py", line 275, in 
store_rendered_templates
    store["context"].append(copy(context))
                            ~~~~^^^^^^^^^
  File "C:\Program Files (x86)\Python314-32\Lib\copy.py", line 82, in copy
    return copier(x)
  File "C:\Users\Vicente\Desktop\clinica_alba\venv\Lib\site-packages\django\template\context.py", line 158, in __copy__
    duplicate = super().__copy__()
  File "C:\Users\Vicente\Desktop\clinica_alba\venv\Lib\site-packages\django\template\context.py", line 39, in __copy__
    duplicate.dicts = self.dicts[:]
    ^^^^^^^^^^^^^^^
AttributeError: 'super' object has no attribute 'dicts' and no __dict__ for setting new attributes

During handling of the above exception, another exception occurred:

Traceback (most recent call last):
  File "C:\Users\Vicente\Desktop\clinica_alba\venv\Lib\site-packages\django\core\handlers\exception.py", line 55, in 
inner
    response = get_response(request)
  File "C:\Users\Vicente\Desktop\clinica_alba\venv\Lib\site-packages\django\utils\deprecation.py", line 134, in 
__call__
    response = response or self.get_response(request)
                           ~~~~~~~~~~~~~~~~~^^^^^^^^^
  File "C:\Users\Vicente\Desktop\clinica_alba\venv\Lib\site-packages\django\core\handlers\exception.py", line 57, in 
inner
    response = response_for_exception(request, exc)
  File "C:\Users\Vicente\Desktop\clinica_alba\venv\Lib\site-packages\django\core\handlers\exception.py", line 143, in 
response_for_exception
    log_response(
    ~~~~~~~~~~~~^
        "%s: %s",
        ^^^^^^^^^
    ...<4 lines>...
        exception=exc,
        ^^^^^^^^^^^^^^
    )
    ^
  File "C:\Users\Vicente\Desktop\clinica_alba\venv\Lib\site-packages\django\utils\log.py", line 241, in log_response
    getattr(logger, level)(
    ~~~~~~~~~~~~~~~~~~~~~~^
        message,
        ^^^^^^^^
    ...<5 lines>...
        exc_info=exception,
        ^^^^^^^^^^^^^^^^^^^
    )
    ^
  File "C:\Program Files (x86)\Python314-32\Lib\logging\__init__.py", line 1549, in error
    self._log(ERROR, msg, args, **kwargs)
    ~~~~~~~~~^^^^^^^^^^^^^^^^^^^^^^^^^^^^
  File "C:\Program Files (x86)\Python314-32\Lib\logging\__init__.py", line 1665, in _log
    self.handle(record)
    ~~~~~~~~~~~^^^^^^^^
  File "C:\Program Files (x86)\Python314-32\Lib\logging\__init__.py", line 1681, in handle
    self.callHandlers(record)
    ~~~~~~~~~~~~~~~~~^^^^^^^^
  File "C:\Program Files (x86)\Python314-32\Lib\logging\__init__.py", line 1737, in callHandlers
    hdlr.handle(record)
    ~~~~~~~~~~~^^^^^^^^
  File "C:\Program Files (x86)\Python314-32\Lib\logging\__init__.py", line 1027, in handle
    self.emit(record)
    ~~~~~~~~~^^^^^^^^
  File "C:\Users\Vicente\Desktop\clinica_alba\venv\Lib\site-packages\django\utils\log.py", line 125, in emit
    reporter.get_traceback_text(),
    ~~~~~~~~~~~~~~~~~~~~~~~~~~~^^
  File "C:\Users\Vicente\Desktop\clinica_alba\venv\Lib\site-packages\django\views\debug.py", line 436, in 
get_traceback_text
    return t.render(c)
           ~~~~~~~~^^^
  File "C:\Users\Vicente\Desktop\clinica_alba\venv\Lib\site-packages\django\template\base.py", line 171, in render
    return self._render(context)
           ~~~~~~~~~~~~^^^^^^^^^
  File "C:\Users\Vicente\Desktop\clinica_alba\venv\Lib\site-packages\django\test\utils.py", line 110, in 
instrumented_test_render
    template_rendered.send(sender=self, template=self, context=context)
    ~~~~~~~~~~~~~~~~~~~~~~^^^^^^^^^^^^^^^^^^^^^^^^^^^^^^^^^^^^^^^^^^^^^
  File "C:\Users\Vicente\Desktop\clinica_alba\venv\Lib\site-packages\django\dispatch\dispatcher.py", line 189, in send
    response = receiver(signal=self, sender=sender, **named)
  File "C:\Users\Vicente\Desktop\clinica_alba\venv\Lib\site-packages\django\test\client.py", line 275, in 
store_rendered_templates
    store["context"].append(copy(context))
                            ~~~~^^^^^^^^^
  File "C:\Program Files (x86)\Python314-32\Lib\copy.py", line 82, in copy
    return copier(x)
  File "C:\Users\Vicente\Desktop\clinica_alba\venv\Lib\site-packages\django\template\context.py", line 158, in __copy__
    duplicate = super().__copy__()
  File "C:\Users\Vicente\Desktop\clinica_alba\venv\Lib\site-packages\django\template\context.py", line 39, in __copy__
    duplicate.dicts = self.dicts[:]
    ^^^^^^^^^^^^^^^
AttributeError: 'super' object has no attribute 'dicts' and no __dict__ for setting new attributes

During handling of the above exception, another exception occurred:

Traceback (most recent call last):
  File "C:\Users\Vicente\Desktop\clinica_alba\venv\Lib\site-packages\django\core\handlers\exception.py", line 55, in 
inner
    response = get_response(request)
  File "C:\Users\Vicente\Desktop\clinica_alba\venv\Lib\site-packages\django\utils\deprecation.py", line 134, in 
__call__
    response = response or self.get_response(request)
                           ~~~~~~~~~~~~~~~~~^^^^^^^^^
  File "C:\Users\Vicente\Desktop\clinica_alba\venv\Lib\site-packages\django\core\handlers\exception.py", line 57, in 
inner
    response = response_for_exception(request, exc)
  File "C:\Users\Vicente\Desktop\clinica_alba\venv\Lib\site-packages\django\core\handlers\exception.py", line 143, in 
response_for_exception
    log_response(
    ~~~~~~~~~~~~^
        "%s: %s",
        ^^^^^^^^^
    ...<4 lines>...
        exception=exc,
        ^^^^^^^^^^^^^^
    )
    ^
  File "C:\Users\Vicente\Desktop\clinica_alba\venv\Lib\site-packages\django\utils\log.py", line 241, in log_response
    getattr(logger, level)(
    ~~~~~~~~~~~~~~~~~~~~~~^
        message,
        ^^^^^^^^
    ...<5 lines>...
        exc_info=exception,
        ^^^^^^^^^^^^^^^^^^^
    )
    ^
  File "C:\Program Files (x86)\Python314-32\Lib\logging\__init__.py", line 1549, in error
    self._log(ERROR, msg, args, **kwargs)
    ~~~~~~~~~^^^^^^^^^^^^^^^^^^^^^^^^^^^^
  File "C:\Program Files (x86)\Python314-32\Lib\logging\__init__.py", line 1665, in _log
    self.handle(record)
    ~~~~~~~~~~~^^^^^^^^
  File "C:\Program Files (x86)\Python314-32\Lib\logging\__init__.py", line 1681, in handle
    self.callHandlers(record)
    ~~~~~~~~~~~~~~~~~^^^^^^^^
  File "C:\Program Files (x86)\Python314-32\Lib\logging\__init__.py", line 1737, in callHandlers
    hdlr.handle(record)
    ~~~~~~~~~~~^^^^^^^^
  File "C:\Program Files (x86)\Python314-32\Lib\logging\__init__.py", line 1027, in handle
    self.emit(record)
    ~~~~~~~~~^^^^^^^^
  File "C:\Users\Vicente\Desktop\clinica_alba\venv\Lib\site-packages\django\utils\log.py", line 125, in emit
    reporter.get_traceback_text(),
    ~~~~~~~~~~~~~~~~~~~~~~~~~~~^^
  File "C:\Users\Vicente\Desktop\clinica_alba\venv\Lib\site-packages\django\views\debug.py", line 436, in 
get_traceback_text
    return t.render(c)
           ~~~~~~~~^^^
  File "C:\Users\Vicente\Desktop\clinica_alba\venv\Lib\site-packages\django\template\base.py", line 171, in render
    return self._render(context)
           ~~~~~~~~~~~~^^^^^^^^^
  File "C:\Users\Vicente\Desktop\clinica_alba\venv\Lib\site-packages\django\test\utils.py", line 110, in 
instrumented_test_render
    template_rendered.send(sender=self, template=self, context=context)
    ~~~~~~~~~~~~~~~~~~~~~~^^^^^^^^^^^^^^^^^^^^^^^^^^^^^^^^^^^^^^^^^^^^^
  File "C:\Users\Vicente\Desktop\clinica_alba\venv\Lib\site-packages\django\dispatch\dispatcher.py", line 189, in send
    response = receiver(signal=self, sender=sender, **named)
  File "C:\Users\Vicente\Desktop\clinica_alba\venv\Lib\site-packages\django\test\client.py", line 275, in 
store_rendered_templates
    store["context"].append(copy(context))
                            ~~~~^^^^^^^^^
  File "C:\Program Files (x86)\Python314-32\Lib\copy.py", line 82, in copy
    return copier(x)
  File "C:\Users\Vicente\Desktop\clinica_alba\venv\Lib\site-packages\django\template\context.py", line 158, in __copy__
    duplicate = super().__copy__()
  File "C:\Users\Vicente\Desktop\clinica_alba\venv\Lib\site-packages\django\template\context.py", line 39, in __copy__
    duplicate.dicts = self.dicts[:]
    ^^^^^^^^^^^^^^^
AttributeError: 'super' object has no attribute 'dicts' and no __dict__ for setting new attributes

During handling of the above exception, another exception occurred:

Traceback (most recent call last):
  File "C:\Users\Vicente\Desktop\clinica_alba\venv\Lib\site-packages\django\core\handlers\exception.py", line 55, in 
inner
    response = get_response(request)
  File "C:\Users\Vicente\Desktop\clinica_alba\venv\Lib\site-packages\django\utils\deprecation.py", line 134, in 
__call__
    response = response or self.get_response(request)
                           ~~~~~~~~~~~~~~~~~^^^^^^^^^
  File "C:\Users\Vicente\Desktop\clinica_alba\venv\Lib\site-packages\django\core\handlers\exception.py", line 57, in 
inner
    response = response_for_exception(request, exc)
  File "C:\Users\Vicente\Desktop\clinica_alba\venv\Lib\site-packages\django\core\handlers\exception.py", line 143, in 
response_for_exception
    log_response(
    ~~~~~~~~~~~~^
        "%s: %s",
        ^^^^^^^^^
    ...<4 lines>...
        exception=exc,
        ^^^^^^^^^^^^^^
    )
    ^
  File "C:\Users\Vicente\Desktop\clinica_alba\venv\Lib\site-packages\django\utils\log.py", line 241, in log_response
    getattr(logger, level)(
    ~~~~~~~~~~~~~~~~~~~~~~^
        message,
        ^^^^^^^^
    ...<5 lines>...
        exc_info=exception,
        ^^^^^^^^^^^^^^^^^^^
    )
    ^
  File "C:\Program Files (x86)\Python314-32\Lib\logging\__init__.py", line 1549, in error
    self._log(ERROR, msg, args, **kwargs)
    ~~~~~~~~~^^^^^^^^^^^^^^^^^^^^^^^^^^^^
  File "C:\Program Files (x86)\Python314-32\Lib\logging\__init__.py", line 1665, in _log
    self.handle(record)
    ~~~~~~~~~~~^^^^^^^^
  File "C:\Program Files (x86)\Python314-32\Lib\logging\__init__.py", line 1681, in handle
    self.callHandlers(record)
    ~~~~~~~~~~~~~~~~~^^^^^^^^
  File "C:\Program Files (x86)\Python314-32\Lib\logging\__init__.py", line 1737, in callHandlers
    hdlr.handle(record)
    ~~~~~~~~~~~^^^^^^^^
  File "C:\Program Files (x86)\Python314-32\Lib\logging\__init__.py", line 1027, in handle
    self.emit(record)
    ~~~~~~~~~^^^^^^^^
  File "C:\Users\Vicente\Desktop\clinica_alba\venv\Lib\site-packages\django\utils\log.py", line 125, in emit
    reporter.get_traceback_text(),
    ~~~~~~~~~~~~~~~~~~~~~~~~~~~^^
  File "C:\Users\Vicente\Desktop\clinica_alba\venv\Lib\site-packages\django\views\debug.py", line 436, in 
get_traceback_text
    return t.render(c)
           ~~~~~~~~^^^
  File "C:\Users\Vicente\Desktop\clinica_alba\venv\Lib\site-packages\django\template\base.py", line 171, in render
    return self._render(context)
           ~~~~~~~~~~~~^^^^^^^^^
  File "C:\Users\Vicente\Desktop\clinica_alba\venv\Lib\site-packages\django\test\utils.py", line 110, in 
instrumented_test_render
    template_rendered.send(sender=self, template=self, context=context)
    ~~~~~~~~~~~~~~~~~~~~~~^^^^^^^^^^^^^^^^^^^^^^^^^^^^^^^^^^^^^^^^^^^^^
  File "C:\Users\Vicente\Desktop\clinica_alba\venv\Lib\site-packages\django\dispatch\dispatcher.py", line 189, in send
    response = receiver(signal=self, sender=sender, **named)
  File "C:\Users\Vicente\Desktop\clinica_alba\venv\Lib\site-packages\django\test\client.py", line 275, in 
store_rendered_templates
    store["context"].append(copy(context))
                            ~~~~^^^^^^^^^
  File "C:\Program Files (x86)\Python314-32\Lib\copy.py", line 82, in copy
    return copier(x)
  File "C:\Users\Vicente\Desktop\clinica_alba\venv\Lib\site-packages\django\template\context.py", line 158, in __copy__
    duplicate = super().__copy__()
  File "C:\Users\Vicente\Desktop\clinica_alba\venv\Lib\site-packages\django\template\context.py", line 39, in __copy__
    duplicate.dicts = self.dicts[:]
    ^^^^^^^^^^^^^^^
AttributeError: 'super' object has no attribute 'dicts' and no __dict__ for setting new attributes

During handling of the above exception, another exception occurred:

Traceback (most recent call last):
  File "C:\Users\Vicente\Desktop\clinica_alba\venv\Lib\site-packages\django\core\handlers\exception.py", line 55, in 
inner
    response = get_response(request)
  File "C:\Users\Vicente\Desktop\clinica_alba\venv\Lib\site-packages\django\utils\deprecation.py", line 134, in 
__call__
    response = response or self.get_response(request)
                           ~~~~~~~~~~~~~~~~~^^^^^^^^^
  File "C:\Users\Vicente\Desktop\clinica_alba\venv\Lib\site-packages\django\core\handlers\exception.py", line 57, in 
inner
    response = response_for_exception(request, exc)
  File "C:\Users\Vicente\Desktop\clinica_alba\venv\Lib\site-packages\django\core\handlers\exception.py", line 143, in 
response_for_exception
    log_response(
    ~~~~~~~~~~~~^
        "%s: %s",
        ^^^^^^^^^
    ...<4 lines>...
        exception=exc,
        ^^^^^^^^^^^^^^
    )
    ^
  File "C:\Users\Vicente\Desktop\clinica_alba\venv\Lib\site-packages\django\utils\log.py", line 241, in log_response
    getattr(logger, level)(
    ~~~~~~~~~~~~~~~~~~~~~~^
        message,
        ^^^^^^^^
    ...<5 lines>...
        exc_info=exception,
        ^^^^^^^^^^^^^^^^^^^
    )
    ^
  File "C:\Program Files (x86)\Python314-32\Lib\logging\__init__.py", line 1549, in error
    self._log(ERROR, msg, args, **kwargs)
    ~~~~~~~~~^^^^^^^^^^^^^^^^^^^^^^^^^^^^
  File "C:\Program Files (x86)\Python314-32\Lib\logging\__init__.py", line 1665, in _log
    self.handle(record)
    ~~~~~~~~~~~^^^^^^^^
  File "C:\Program Files (x86)\Python314-32\Lib\logging\__init__.py", line 1681, in handle
    self.callHandlers(record)
    ~~~~~~~~~~~~~~~~~^^^^^^^^
  File "C:\Program Files (x86)\Python314-32\Lib\logging\__init__.py", line 1737, in callHandlers
    hdlr.handle(record)
    ~~~~~~~~~~~^^^^^^^^
  File "C:\Program Files (x86)\Python314-32\Lib\logging\__init__.py", line 1027, in handle
    self.emit(record)
    ~~~~~~~~~^^^^^^^^
  File "C:\Users\Vicente\Desktop\clinica_alba\venv\Lib\site-packages\django\utils\log.py", line 125, in emit
    reporter.get_traceback_text(),
    ~~~~~~~~~~~~~~~~~~~~~~~~~~~^^
  File "C:\Users\Vicente\Desktop\clinica_alba\venv\Lib\site-packages\django\views\debug.py", line 436, in 
get_traceback_text
    return t.render(c)
           ~~~~~~~~^^^
  File "C:\Users\Vicente\Desktop\clinica_alba\venv\Lib\site-packages\django\template\base.py", line 171, in render
    return self._render(context)
           ~~~~~~~~~~~~^^^^^^^^^
  File "C:\Users\Vicente\Desktop\clinica_alba\venv\Lib\site-packages\django\test\utils.py", line 110, in 
instrumented_test_render
    template_rendered.send(sender=self, template=self, context=context)
    ~~~~~~~~~~~~~~~~~~~~~~^^^^^^^^^^^^^^^^^^^^^^^^^^^^^^^^^^^^^^^^^^^^^
  File "C:\Users\Vicente\Desktop\clinica_alba\venv\Lib\site-packages\django\dispatch\dispatcher.py", line 189, in send
    response = receiver(signal=self, sender=sender, **named)
  File "C:\Users\Vicente\Desktop\clinica_alba\venv\Lib\site-packages\django\test\client.py", line 275, in 
store_rendered_templates
    store["context"].append(copy(context))
                            ~~~~^^^^^^^^^
  File "C:\Program Files (x86)\Python314-32\Lib\copy.py", line 82, in copy
    return copier(x)
  File "C:\Users\Vicente\Desktop\clinica_alba\venv\Lib\site-packages\django\template\context.py", line 158, in __copy__
    duplicate = super().__copy__()
  File "C:\Users\Vicente\Desktop\clinica_alba\venv\Lib\site-packages\django\template\context.py", line 39, in __copy__
    duplicate.dicts = self.dicts[:]
    ^^^^^^^^^^^^^^^
AttributeError: 'super' object has no attribute 'dicts' and no __dict__ for setting new attributes

During handling of the above exception, another exception occurred:

Traceback (most recent call last):
  File "C:\Users\Vicente\Desktop\clinica_alba\venv\Lib\site-packages\django\core\handlers\exception.py", line 55, in 
inner
    response = get_response(request)
  File "C:\Users\Vicente\Desktop\clinica_alba\venv\Lib\site-packages\django\utils\deprecation.py", line 134, in 
__call__
    response = response or self.get_response(request)
                           ~~~~~~~~~~~~~~~~~^^^^^^^^^
  File "C:\Users\Vicente\Desktop\clinica_alba\venv\Lib\site-packages\django\core\handlers\exception.py", line 57, in 
inner
    response = response_for_exception(request, exc)
  File "C:\Users\Vicente\Desktop\clinica_alba\venv\Lib\site-packages\django\core\handlers\exception.py", line 143, in 
response_for_exception
    log_response(
    ~~~~~~~~~~~~^
        "%s: %s",
        ^^^^^^^^^
    ...<4 lines>...
        exception=exc,
        ^^^^^^^^^^^^^^
    )
    ^
  File "C:\Users\Vicente\Desktop\clinica_alba\venv\Lib\site-packages\django\utils\log.py", line 241, in log_response
    getattr(logger, level)(
    ~~~~~~~~~~~~~~~~~~~~~~^
        message,
        ^^^^^^^^
    ...<5 lines>...
        exc_info=exception,
        ^^^^^^^^^^^^^^^^^^^
    )
    ^
  File "C:\Program Files (x86)\Python314-32\Lib\logging\__init__.py", line 1549, in error
    self._log(ERROR, msg, args, **kwargs)
    ~~~~~~~~~^^^^^^^^^^^^^^^^^^^^^^^^^^^^
  File "C:\Program Files (x86)\Python314-32\Lib\logging\__init__.py", line 1665, in _log
    self.handle(record)
    ~~~~~~~~~~~^^^^^^^^
  File "C:\Program Files (x86)\Python314-32\Lib\logging\__init__.py", line 1681, in handle
    self.callHandlers(record)
    ~~~~~~~~~~~~~~~~~^^^^^^^^
  File "C:\Program Files (x86)\Python314-32\Lib\logging\__init__.py", line 1737, in callHandlers
    hdlr.handle(record)
    ~~~~~~~~~~~^^^^^^^^
  File "C:\Program Files (x86)\Python314-32\Lib\logging\__init__.py", line 1027, in handle
    self.emit(record)
    ~~~~~~~~~^^^^^^^^
  File "C:\Users\Vicente\Desktop\clinica_alba\venv\Lib\site-packages\django\utils\log.py", line 125, in emit
    reporter.get_traceback_text(),
    ~~~~~~~~~~~~~~~~~~~~~~~~~~~^^
  File "C:\Users\Vicente\Desktop\clinica_alba\venv\Lib\site-packages\django\views\debug.py", line 436, in 
get_traceback_text
    return t.render(c)
           ~~~~~~~~^^^
  File "C:\Users\Vicente\Desktop\clinica_alba\venv\Lib\site-packages\django\template\base.py", line 171, in render
    return self._render(context)
           ~~~~~~~~~~~~^^^^^^^^^
  File "C:\Users\Vicente\Desktop\clinica_alba\venv\Lib\site-packages\django\test\utils.py", line 110, in 
instrumented_test_render
    template_rendered.send(sender=self, template=self, context=context)
    ~~~~~~~~~~~~~~~~~~~~~~^^^^^^^^^^^^^^^^^^^^^^^^^^^^^^^^^^^^^^^^^^^^^
  File "C:\Users\Vicente\Desktop\clinica_alba\venv\Lib\site-packages\django\dispatch\dispatcher.py", line 189, in send
    response = receiver(signal=self, sender=sender, **named)
  File "C:\Users\Vicente\Desktop\clinica_alba\venv\Lib\site-packages\django\test\client.py", line 275, in 
store_rendered_templates
    store["context"].append(copy(context))
                            ~~~~^^^^^^^^^
  File "C:\Program Files (x86)\Python314-32\Lib\copy.py", line 82, in copy
    return copier(x)
  File "C:\Users\Vicente\Desktop\clinica_alba\venv\Lib\site-packages\django\template\context.py", line 158, in __copy__
    duplicate = super().__copy__()
  File "C:\Users\Vicente\Desktop\clinica_alba\venv\Lib\site-packages\django\template\context.py", line 39, in __copy__
    duplicate.dicts = self.dicts[:]
    ^^^^^^^^^^^^^^^
AttributeError: 'super' object has no attribute 'dicts' and no __dict__ for setting new attributes

During handling of the above exception, another exception occurred:

Traceback (most recent call last):
  File "C:\Users\Vicente\Desktop\clinica_alba\venv\Lib\site-packages\django\core\handlers\exception.py", line 55, in 
inner
    response = get_response(request)
  File "C:\Users\Vicente\Desktop\clinica_alba\venv\Lib\site-packages\django\utils\deprecation.py", line 134, in 
__call__
    response = response or self.get_response(request)
                           ~~~~~~~~~~~~~~~~~^^^^^^^^^
  File "C:\Users\Vicente\Desktop\clinica_alba\venv\Lib\site-packages\django\core\handlers\exception.py", line 57, in 
inner
    response = response_for_exception(request, exc)
  File "C:\Users\Vicente\Desktop\clinica_alba\venv\Lib\site-packages\django\core\handlers\exception.py", line 143, in 
response_for_exception
    log_response(
    ~~~~~~~~~~~~^
        "%s: %s",
        ^^^^^^^^^
    ...<4 lines>...
        exception=exc,
        ^^^^^^^^^^^^^^
    )
    ^
  File "C:\Users\Vicente\Desktop\clinica_alba\venv\Lib\site-packages\django\utils\log.py", line 241, in log_response
    getattr(logger, level)(
    ~~~~~~~~~~~~~~~~~~~~~~^
        message,
        ^^^^^^^^
    ...<5 lines>...
        exc_info=exception,
        ^^^^^^^^^^^^^^^^^^^
    )
    ^
  File "C:\Program Files (x86)\Python314-32\Lib\logging\__init__.py", line 1549, in error
    self._log(ERROR, msg, args, **kwargs)
    ~~~~~~~~~^^^^^^^^^^^^^^^^^^^^^^^^^^^^
  File "C:\Program Files (x86)\Python314-32\Lib\logging\__init__.py", line 1665, in _log
    self.handle(record)
    ~~~~~~~~~~~^^^^^^^^
  File "C:\Program Files (x86)\Python314-32\Lib\logging\__init__.py", line 1681, in handle
    self.callHandlers(record)
    ~~~~~~~~~~~~~~~~~^^^^^^^^
  File "C:\Program Files (x86)\Python314-32\Lib\logging\__init__.py", line 1737, in callHandlers
    hdlr.handle(record)
    ~~~~~~~~~~~^^^^^^^^
  File "C:\Program Files (x86)\Python314-32\Lib\logging\__init__.py", line 1027, in handle
    self.emit(record)
    ~~~~~~~~~^^^^^^^^
  File "C:\Users\Vicente\Desktop\clinica_alba\venv\Lib\site-packages\django\utils\log.py", line 125, in emit
    reporter.get_traceback_text(),
    ~~~~~~~~~~~~~~~~~~~~~~~~~~~^^
  File "C:\Users\Vicente\Desktop\clinica_alba\venv\Lib\site-packages\django\views\debug.py", line 436, in 
get_traceback_text
    return t.render(c)
           ~~~~~~~~^^^
  File "C:\Users\Vicente\Desktop\clinica_alba\venv\Lib\site-packages\django\template\base.py", line 171, in render
    return self._render(context)
           ~~~~~~~~~~~~^^^^^^^^^
  File "C:\Users\Vicente\Desktop\clinica_alba\venv\Lib\site-packages\django\test\utils.py", line 110, in 
instrumented_test_render
    template_rendered.send(sender=self, template=self, context=context)
    ~~~~~~~~~~~~~~~~~~~~~~^^^^^^^^^^^^^^^^^^^^^^^^^^^^^^^^^^^^^^^^^^^^^
  File "C:\Users\Vicente\Desktop\clinica_alba\venv\Lib\site-packages\django\dispatch\dispatcher.py", line 189, in send
    response = receiver(signal=self, sender=sender, **named)
  File "C:\Users\Vicente\Desktop\clinica_alba\venv\Lib\site-packages\django\test\client.py", line 275, in 
store_rendered_templates
    store["context"].append(copy(context))
                            ~~~~^^^^^^^^^
  File "C:\Program Files (x86)\Python314-32\Lib\copy.py", line 82, in copy
    return copier(x)
  File "C:\Users\Vicente\Desktop\clinica_alba\venv\Lib\site-packages\django\template\context.py", line 158, in __copy__
    duplicate = super().__copy__()
  File "C:\Users\Vicente\Desktop\clinica_alba\venv\Lib\site-packages\django\template\context.py", line 39, in __copy__
    duplicate.dicts = self.dicts[:]
    ^^^^^^^^^^^^^^^
AttributeError: 'super' object has no attribute 'dicts' and no __dict__ for setting new attributes

During handling of the above exception, another exception occurred:

Traceback (most recent call last):
  File "C:\Users\Vicente\Desktop\clinica_alba\venv\Lib\site-packages\django\core\handlers\exception.py", line 55, in 
inner
    response = get_response(request)
  File "C:\Users\Vicente\Desktop\clinica_alba\venv\Lib\site-packages\whitenoise\middleware.py", line 124, in __call__
    return self.get_response(request)
           ~~~~~~~~~~~~~~~~~^^^^^^^^^
  File "C:\Users\Vicente\Desktop\clinica_alba\venv\Lib\site-packages\django\core\handlers\exception.py", line 57, in 
inner
    response = response_for_exception(request, exc)
  File "C:\Users\Vicente\Desktop\clinica_alba\venv\Lib\site-packages\django\core\handlers\exception.py", line 143, in 
response_for_exception
    log_response(
    ~~~~~~~~~~~~^
        "%s: %s",
        ^^^^^^^^^
    ...<4 lines>...
        exception=exc,
        ^^^^^^^^^^^^^^
    )
    ^
  File "C:\Users\Vicente\Desktop\clinica_alba\venv\Lib\site-packages\django\utils\log.py", line 241, in log_response
    getattr(logger, level)(
    ~~~~~~~~~~~~~~~~~~~~~~^
        message,
        ^^^^^^^^
    ...<5 lines>...
        exc_info=exception,
        ^^^^^^^^^^^^^^^^^^^
    )
    ^
  File "C:\Program Files (x86)\Python314-32\Lib\logging\__init__.py", line 1549, in error
    self._log(ERROR, msg, args, **kwargs)
    ~~~~~~~~~^^^^^^^^^^^^^^^^^^^^^^^^^^^^
  File "C:\Program Files (x86)\Python314-32\Lib\logging\__init__.py", line 1665, in _log
    self.handle(record)
    ~~~~~~~~~~~^^^^^^^^
  File "C:\Program Files (x86)\Python314-32\Lib\logging\__init__.py", line 1681, in handle
    self.callHandlers(record)
    ~~~~~~~~~~~~~~~~~^^^^^^^^
  File "C:\Program Files (x86)\Python314-32\Lib\logging\__init__.py", line 1737, in callHandlers
    hdlr.handle(record)
    ~~~~~~~~~~~^^^^^^^^
  File "C:\Program Files (x86)\Python314-32\Lib\logging\__init__.py", line 1027, in handle
    self.emit(record)
    ~~~~~~~~~^^^^^^^^
  File "C:\Users\Vicente\Desktop\clinica_alba\venv\Lib\site-packages\django\utils\log.py", line 125, in emit
    reporter.get_traceback_text(),
    ~~~~~~~~~~~~~~~~~~~~~~~~~~~^^
  File "C:\Users\Vicente\Desktop\clinica_alba\venv\Lib\site-packages\django\views\debug.py", line 436, in 
get_traceback_text
    return t.render(c)
           ~~~~~~~~^^^
  File "C:\Users\Vicente\Desktop\clinica_alba\venv\Lib\site-packages\django\template\base.py", line 171, in render
    return self._render(context)
           ~~~~~~~~~~~~^^^^^^^^^
  File "C:\Users\Vicente\Desktop\clinica_alba\venv\Lib\site-packages\django\test\utils.py", line 110, in 
instrumented_test_render
    template_rendered.send(sender=self, template=self, context=context)
    ~~~~~~~~~~~~~~~~~~~~~~^^^^^^^^^^^^^^^^^^^^^^^^^^^^^^^^^^^^^^^^^^^^^
  File "C:\Users\Vicente\Desktop\clinica_alba\venv\Lib\site-packages\django\dispatch\dispatcher.py", line 189, in send
    response = receiver(signal=self, sender=sender, **named)
  File "C:\Users\Vicente\Desktop\clinica_alba\venv\Lib\site-packages\django\test\client.py", line 275, in 
store_rendered_templates
    store["context"].append(copy(context))
                            ~~~~^^^^^^^^^
  File "C:\Program Files (x86)\Python314-32\Lib\copy.py", line 82, in copy
    return copier(x)
  File "C:\Users\Vicente\Desktop\clinica_alba\venv\Lib\site-packages\django\template\context.py", line 158, in __copy__
    duplicate = super().__copy__()
  File "C:\Users\Vicente\Desktop\clinica_alba\venv\Lib\site-packages\django\template\context.py", line 39, in __copy__
    duplicate.dicts = self.dicts[:]
    ^^^^^^^^^^^^^^^
AttributeError: 'super' object has no attribute 'dicts' and no __dict__ for setting new attributes

During handling of the above exception, another exception occurred:

Traceback (most recent call last):
  File "C:\Users\Vicente\Desktop\clinica_alba\venv\Lib\site-packages\django\core\handlers\exception.py", line 55, in 
inner
    response = get_response(request)
  File "C:\Users\Vicente\Desktop\clinica_alba\venv\Lib\site-packages\django\utils\deprecation.py", line 134, in 
__call__
    response = response or self.get_response(request)
                           ~~~~~~~~~~~~~~~~~^^^^^^^^^
  File "C:\Users\Vicente\Desktop\clinica_alba\venv\Lib\site-packages\django\core\handlers\exception.py", line 57, in 
inner
    response = response_for_exception(request, exc)
  File "C:\Users\Vicente\Desktop\clinica_alba\venv\Lib\site-packages\django\core\handlers\exception.py", line 143, in 
response_for_exception
    log_response(
    ~~~~~~~~~~~~^
        "%s: %s",
        ^^^^^^^^^
    ...<4 lines>...
        exception=exc,
        ^^^^^^^^^^^^^^
    )
    ^
  File "C:\Users\Vicente\Desktop\clinica_alba\venv\Lib\site-packages\django\utils\log.py", line 241, in log_response
    getattr(logger, level)(
    ~~~~~~~~~~~~~~~~~~~~~~^
        message,
        ^^^^^^^^
    ...<5 lines>...
        exc_info=exception,
        ^^^^^^^^^^^^^^^^^^^
    )
    ^
  File "C:\Program Files (x86)\Python314-32\Lib\logging\__init__.py", line 1549, in error
    self._log(ERROR, msg, args, **kwargs)
    ~~~~~~~~~^^^^^^^^^^^^^^^^^^^^^^^^^^^^
  File "C:\Program Files (x86)\Python314-32\Lib\logging\__init__.py", line 1665, in _log
    self.handle(record)
    ~~~~~~~~~~~^^^^^^^^
  File "C:\Program Files (x86)\Python314-32\Lib\logging\__init__.py", line 1681, in handle
    self.callHandlers(record)
    ~~~~~~~~~~~~~~~~~^^^^^^^^
  File "C:\Program Files (x86)\Python314-32\Lib\logging\__init__.py", line 1737, in callHandlers
    hdlr.handle(record)
    ~~~~~~~~~~~^^^^^^^^
  File "C:\Program Files (x86)\Python314-32\Lib\logging\__init__.py", line 1027, in handle
    self.emit(record)
    ~~~~~~~~~^^^^^^^^
  File "C:\Users\Vicente\Desktop\clinica_alba\venv\Lib\site-packages\django\utils\log.py", line 125, in emit
    reporter.get_traceback_text(),
    ~~~~~~~~~~~~~~~~~~~~~~~~~~~^^
  File "C:\Users\Vicente\Desktop\clinica_alba\venv\Lib\site-packages\django\views\debug.py", line 436, in 
get_traceback_text
    return t.render(c)
           ~~~~~~~~^^^
  File "C:\Users\Vicente\Desktop\clinica_alba\venv\Lib\site-packages\django\template\base.py", line 171, in render
    return self._render(context)
           ~~~~~~~~~~~~^^^^^^^^^
  File "C:\Users\Vicente\Desktop\clinica_alba\venv\Lib\site-packages\django\test\utils.py", line 110, in 
instrumented_test_render
    template_rendered.send(sender=self, template=self, context=context)
    ~~~~~~~~~~~~~~~~~~~~~~^^^^^^^^^^^^^^^^^^^^^^^^^^^^^^^^^^^^^^^^^^^^^
  File "C:\Users\Vicente\Desktop\clinica_alba\venv\Lib\site-packages\django\dispatch\dispatcher.py", line 189, in send
    response = receiver(signal=self, sender=sender, **named)
  File "C:\Users\Vicente\Desktop\clinica_alba\venv\Lib\site-packages\django\test\client.py", line 275, in 
store_rendered_templates
    store["context"].append(copy(context))
                            ~~~~^^^^^^^^^
  File "C:\Program Files (x86)\Python314-32\Lib\copy.py", line 82, in copy
    return copier(x)
  File "C:\Users\Vicente\Desktop\clinica_alba\venv\Lib\site-packages\django\template\context.py", line 158, in __copy__
    duplicate = super().__copy__()
  File "C:\Users\Vicente\Desktop\clinica_alba\venv\Lib\site-packages\django\template\context.py", line 39, in __copy__
    duplicate.dicts = self.dicts[:]
    ^^^^^^^^^^^^^^^
AttributeError: 'super' object has no attribute 'dicts' and no __dict__ for setting new attributes

During handling of the above exception, another exception occurred:

Traceback (most recent call last):
  File "C:\Users\Vicente\Desktop\clinica_alba\tests\test_auth.py", line 38, in test_login_usuario_bloqueado
    resp = self.client.post(self.url_login, {
        "username": "admin_test",
        "password": "Admin1234!",
    })
  File "C:\Users\Vicente\Desktop\clinica_alba\venv\Lib\site-packages\django\test\client.py", line 1070, in post
    response = super().post(
        path,
    ...<4 lines>...
        **extra,
    )
  File "C:\Users\Vicente\Desktop\clinica_alba\venv\Lib\site-packages\django\test\client.py", line 490, in post
    return self.generic(
           ~~~~~~~~~~~~^
        "POST",
        ^^^^^^^
    ...<5 lines>...
        **extra,
        ^^^^^^^^
    )
    ^
  File "C:\Users\Vicente\Desktop\clinica_alba\venv\Lib\site-packages\django\test\client.py", line 617, in generic
    return self.request(**r)
           ~~~~~~~~~~~~^^^^^
  File "C:\Users\Vicente\Desktop\clinica_alba\venv\Lib\site-packages\django\test\client.py", line 1008, in request
    response = self.handler(environ)
  File "C:\Users\Vicente\Desktop\clinica_alba\venv\Lib\site-packages\django\test\client.py", line 186, in __call__
    response = self.get_response(request)
  File "C:\Users\Vicente\Desktop\clinica_alba\venv\Lib\site-packages\django\core\handlers\base.py", line 140, in 
get_response
    response = self._middleware_chain(request)
  File "C:\Users\Vicente\Desktop\clinica_alba\venv\Lib\site-packages\django\core\handlers\exception.py", line 57, in 
inner
    response = response_for_exception(request, exc)
  File "C:\Users\Vicente\Desktop\clinica_alba\venv\Lib\site-packages\django\core\handlers\exception.py", line 143, in 
response_for_exception
    log_response(
    ~~~~~~~~~~~~^
        "%s: %s",
        ^^^^^^^^^
    ...<4 lines>...
        exception=exc,
        ^^^^^^^^^^^^^^
    )
    ^
  File "C:\Users\Vicente\Desktop\clinica_alba\venv\Lib\site-packages\django\utils\log.py", line 241, in log_response
    getattr(logger, level)(
    ~~~~~~~~~~~~~~~~~~~~~~^
        message,
        ^^^^^^^^
    ...<5 lines>...
        exc_info=exception,
        ^^^^^^^^^^^^^^^^^^^
    )
    ^
  File "C:\Program Files (x86)\Python314-32\Lib\logging\__init__.py", line 1549, in error
    self._log(ERROR, msg, args, **kwargs)
    ~~~~~~~~~^^^^^^^^^^^^^^^^^^^^^^^^^^^^
  File "C:\Program Files (x86)\Python314-32\Lib\logging\__init__.py", line 1665, in _log
    self.handle(record)
    ~~~~~~~~~~~^^^^^^^^
  File "C:\Program Files (x86)\Python314-32\Lib\logging\__init__.py", line 1681, in handle
    self.callHandlers(record)
    ~~~~~~~~~~~~~~~~~^^^^^^^^
  File "C:\Program Files (x86)\Python314-32\Lib\logging\__init__.py", line 1737, in callHandlers
    hdlr.handle(record)
    ~~~~~~~~~~~^^^^^^^^
  File "C:\Program Files (x86)\Python314-32\Lib\logging\__init__.py", line 1027, in handle
    self.emit(record)
    ~~~~~~~~~^^^^^^^^
  File "C:\Users\Vicente\Desktop\clinica_alba\venv\Lib\site-packages\django\utils\log.py", line 125, in emit
    reporter.get_traceback_text(),
    ~~~~~~~~~~~~~~~~~~~~~~~~~~~^^
  File "C:\Users\Vicente\Desktop\clinica_alba\venv\Lib\site-packages\django\views\debug.py", line 436, in 
get_traceback_text
    return t.render(c)
           ~~~~~~~~^^^
  File "C:\Users\Vicente\Desktop\clinica_alba\venv\Lib\site-packages\django\template\base.py", line 171, in render
    return self._render(context)
           ~~~~~~~~~~~~^^^^^^^^^
  File "C:\Users\Vicente\Desktop\clinica_alba\venv\Lib\site-packages\django\test\utils.py", line 110, in 
instrumented_test_render
    template_rendered.send(sender=self, template=self, context=context)
    ~~~~~~~~~~~~~~~~~~~~~~^^^^^^^^^^^^^^^^^^^^^^^^^^^^^^^^^^^^^^^^^^^^^
  File "C:\Users\Vicente\Desktop\clinica_alba\venv\Lib\site-packages\django\dispatch\dispatcher.py", line 189, in send
    response = receiver(signal=self, sender=sender, **named)
  File "C:\Users\Vicente\Desktop\clinica_alba\venv\Lib\site-packages\django\test\client.py", line 275, in 
store_rendered_templates
    store["context"].append(copy(context))
                            ~~~~^^^^^^^^^
  File "C:\Program Files (x86)\Python314-32\Lib\copy.py", line 82, in copy
    return copier(x)
  File "C:\Users\Vicente\Desktop\clinica_alba\venv\Lib\site-packages\django\template\context.py", line 158, in __copy__
    duplicate = super().__copy__()
  File "C:\Users\Vicente\Desktop\clinica_alba\venv\Lib\site-packages\django\template\context.py", line 39, in __copy__
    duplicate.dicts = self.dicts[:]
    ^^^^^^^^^^^^^^^
AttributeError: 'super' object has no attribute 'dicts' and no __dict__ for setting new attributes

======================================================================
ERROR: test_logout (tests.test_auth.LoginTest.test_logout)
El usuario puede cerrar sesi¾n.
----------------------------------------------------------------------
Traceback (most recent call last):
  File "C:\Users\Vicente\Desktop\clinica_alba\venv\Lib\site-packages\django\core\handlers\exception.py", line 55, in 
inner
    response = get_response(request)
  File "C:\Users\Vicente\Desktop\clinica_alba\venv\Lib\site-packages\django\core\handlers\base.py", line 197, in 
_get_response
    response = wrapped_callback(request, *callback_args, **callback_kwargs)
  File "C:\Users\Vicente\Desktop\clinica_alba\venv\Lib\site-packages\django\views\generic\base.py", line 104, in view
    return self.dispatch(request, *args, **kwargs)
           ~~~~~~~~~~~~~^^^^^^^^^^^^^^^^^^^^^^^^^^
  File "C:\Users\Vicente\Desktop\clinica_alba\venv\Lib\site-packages\django\views\generic\base.py", line 143, in 
dispatch
    return handler(request, *args, **kwargs)
  File "C:\Users\Vicente\Desktop\clinica_alba\apps\accounts\views.py", line 32, in get
    return render(request, self.template_name, {"form": form})
  File "C:\Users\Vicente\Desktop\clinica_alba\venv\Lib\site-packages\django\shortcuts.py", line 25, in render
    content = loader.render_to_string(template_name, context, request, using=using)
  File "C:\Users\Vicente\Desktop\clinica_alba\venv\Lib\site-packages\django\template\loader.py", line 62, in 
render_to_string
    return template.render(context, request)
           ~~~~~~~~~~~~~~~^^^^^^^^^^^^^^^^^^
  File "C:\Users\Vicente\Desktop\clinica_alba\venv\Lib\site-packages\django\template\backends\django.py", line 61, in 
render
    return self.template.render(context)
           ~~~~~~~~~~~~~~~~~~~~^^^^^^^^^
  File "C:\Users\Vicente\Desktop\clinica_alba\venv\Lib\site-packages\django\template\base.py", line 171, in render
    return self._render(context)
           ~~~~~~~~~~~~^^^^^^^^^
  File "C:\Users\Vicente\Desktop\clinica_alba\venv\Lib\site-packages\django\test\utils.py", line 110, in 
instrumented_test_render
    template_rendered.send(sender=self, template=self, context=context)
    ~~~~~~~~~~~~~~~~~~~~~~^^^^^^^^^^^^^^^^^^^^^^^^^^^^^^^^^^^^^^^^^^^^^
  File "C:\Users\Vicente\Desktop\clinica_alba\venv\Lib\site-packages\django\dispatch\dispatcher.py", line 189, in send
    response = receiver(signal=self, sender=sender, **named)
  File "C:\Users\Vicente\Desktop\clinica_alba\venv\Lib\site-packages\django\test\client.py", line 275, in 
store_rendered_templates
    store["context"].append(copy(context))
                            ~~~~^^^^^^^^^
  File "C:\Program Files (x86)\Python314-32\Lib\copy.py", line 82, in copy
    return copier(x)
  File "C:\Users\Vicente\Desktop\clinica_alba\venv\Lib\site-packages\django\template\context.py", line 158, in __copy__
    duplicate = super().__copy__()
  File "C:\Users\Vicente\Desktop\clinica_alba\venv\Lib\site-packages\django\template\context.py", line 39, in __copy__
    duplicate.dicts = self.dicts[:]
    ^^^^^^^^^^^^^^^
AttributeError: 'super' object has no attribute 'dicts' and no __dict__ for setting new attributes

During handling of the above exception, another exception occurred:

Traceback (most recent call last):
  File "C:\Users\Vicente\Desktop\clinica_alba\venv\Lib\site-packages\django\core\handlers\exception.py", line 55, in 
inner
    response = get_response(request)
  File "C:\Users\Vicente\Desktop\clinica_alba\venv\Lib\site-packages\django\utils\deprecation.py", line 134, in 
__call__
    response = response or self.get_response(request)
                           ~~~~~~~~~~~~~~~~~^^^^^^^^^
  File "C:\Users\Vicente\Desktop\clinica_alba\venv\Lib\site-packages\django\core\handlers\exception.py", line 57, in 
inner
    response = response_for_exception(request, exc)
  File "C:\Users\Vicente\Desktop\clinica_alba\venv\Lib\site-packages\django\core\handlers\exception.py", line 143, in 
response_for_exception
    log_response(
    ~~~~~~~~~~~~^
        "%s: %s",
        ^^^^^^^^^
    ...<4 lines>...
        exception=exc,
        ^^^^^^^^^^^^^^
    )
    ^
  File "C:\Users\Vicente\Desktop\clinica_alba\venv\Lib\site-packages\django\utils\log.py", line 241, in log_response
    getattr(logger, level)(
    ~~~~~~~~~~~~~~~~~~~~~~^
        message,
        ^^^^^^^^
    ...<5 lines>...
        exc_info=exception,
        ^^^^^^^^^^^^^^^^^^^
    )
    ^
  File "C:\Program Files (x86)\Python314-32\Lib\logging\__init__.py", line 1549, in error
    self._log(ERROR, msg, args, **kwargs)
    ~~~~~~~~~^^^^^^^^^^^^^^^^^^^^^^^^^^^^
  File "C:\Program Files (x86)\Python314-32\Lib\logging\__init__.py", line 1665, in _log
    self.handle(record)
    ~~~~~~~~~~~^^^^^^^^
  File "C:\Program Files (x86)\Python314-32\Lib\logging\__init__.py", line 1681, in handle
    self.callHandlers(record)
    ~~~~~~~~~~~~~~~~~^^^^^^^^
  File "C:\Program Files (x86)\Python314-32\Lib\logging\__init__.py", line 1737, in callHandlers
    hdlr.handle(record)
    ~~~~~~~~~~~^^^^^^^^
  File "C:\Program Files (x86)\Python314-32\Lib\logging\__init__.py", line 1027, in handle
    self.emit(record)
    ~~~~~~~~~^^^^^^^^
  File "C:\Users\Vicente\Desktop\clinica_alba\venv\Lib\site-packages\django\utils\log.py", line 125, in emit
    reporter.get_traceback_text(),
    ~~~~~~~~~~~~~~~~~~~~~~~~~~~^^
  File "C:\Users\Vicente\Desktop\clinica_alba\venv\Lib\site-packages\django\views\debug.py", line 436, in 
get_traceback_text
    return t.render(c)
           ~~~~~~~~^^^
  File "C:\Users\Vicente\Desktop\clinica_alba\venv\Lib\site-packages\django\template\base.py", line 171, in render
    return self._render(context)
           ~~~~~~~~~~~~^^^^^^^^^
  File "C:\Users\Vicente\Desktop\clinica_alba\venv\Lib\site-packages\django\test\utils.py", line 110, in 
instrumented_test_render
    template_rendered.send(sender=self, template=self, context=context)
    ~~~~~~~~~~~~~~~~~~~~~~^^^^^^^^^^^^^^^^^^^^^^^^^^^^^^^^^^^^^^^^^^^^^
  File "C:\Users\Vicente\Desktop\clinica_alba\venv\Lib\site-packages\django\dispatch\dispatcher.py", line 189, in send
    response = receiver(signal=self, sender=sender, **named)
  File "C:\Users\Vicente\Desktop\clinica_alba\venv\Lib\site-packages\django\test\client.py", line 275, in 
store_rendered_templates
    store["context"].append(copy(context))
                            ~~~~^^^^^^^^^
  File "C:\Program Files (x86)\Python314-32\Lib\copy.py", line 82, in copy
    return copier(x)
  File "C:\Users\Vicente\Desktop\clinica_alba\venv\Lib\site-packages\django\template\context.py", line 158, in __copy__
    duplicate = super().__copy__()
  File "C:\Users\Vicente\Desktop\clinica_alba\venv\Lib\site-packages\django\template\context.py", line 39, in __copy__
    duplicate.dicts = self.dicts[:]
    ^^^^^^^^^^^^^^^
AttributeError: 'super' object has no attribute 'dicts' and no __dict__ for setting new attributes

During handling of the above exception, another exception occurred:

Traceback (most recent call last):
  File "C:\Users\Vicente\Desktop\clinica_alba\venv\Lib\site-packages\django\core\handlers\exception.py", line 55, in 
inner
    response = get_response(request)
  File "C:\Users\Vicente\Desktop\clinica_alba\venv\Lib\site-packages\django\utils\deprecation.py", line 134, in 
__call__
    response = response or self.get_response(request)
                           ~~~~~~~~~~~~~~~~~^^^^^^^^^
  File "C:\Users\Vicente\Desktop\clinica_alba\venv\Lib\site-packages\django\core\handlers\exception.py", line 57, in 
inner
    response = response_for_exception(request, exc)
  File "C:\Users\Vicente\Desktop\clinica_alba\venv\Lib\site-packages\django\core\handlers\exception.py", line 143, in 
response_for_exception
    log_response(
    ~~~~~~~~~~~~^
        "%s: %s",
        ^^^^^^^^^
    ...<4 lines>...
        exception=exc,
        ^^^^^^^^^^^^^^
    )
    ^
  File "C:\Users\Vicente\Desktop\clinica_alba\venv\Lib\site-packages\django\utils\log.py", line 241, in log_response
    getattr(logger, level)(
    ~~~~~~~~~~~~~~~~~~~~~~^
        message,
        ^^^^^^^^
    ...<5 lines>...
        exc_info=exception,
        ^^^^^^^^^^^^^^^^^^^
    )
    ^
  File "C:\Program Files (x86)\Python314-32\Lib\logging\__init__.py", line 1549, in error
    self._log(ERROR, msg, args, **kwargs)
    ~~~~~~~~~^^^^^^^^^^^^^^^^^^^^^^^^^^^^
  File "C:\Program Files (x86)\Python314-32\Lib\logging\__init__.py", line 1665, in _log
    self.handle(record)
    ~~~~~~~~~~~^^^^^^^^
  File "C:\Program Files (x86)\Python314-32\Lib\logging\__init__.py", line 1681, in handle
    self.callHandlers(record)
    ~~~~~~~~~~~~~~~~~^^^^^^^^
  File "C:\Program Files (x86)\Python314-32\Lib\logging\__init__.py", line 1737, in callHandlers
    hdlr.handle(record)
    ~~~~~~~~~~~^^^^^^^^
  File "C:\Program Files (x86)\Python314-32\Lib\logging\__init__.py", line 1027, in handle
    self.emit(record)
    ~~~~~~~~~^^^^^^^^
  File "C:\Users\Vicente\Desktop\clinica_alba\venv\Lib\site-packages\django\utils\log.py", line 125, in emit
    reporter.get_traceback_text(),
    ~~~~~~~~~~~~~~~~~~~~~~~~~~~^^
  File "C:\Users\Vicente\Desktop\clinica_alba\venv\Lib\site-packages\django\views\debug.py", line 436, in 
get_traceback_text
    return t.render(c)
           ~~~~~~~~^^^
  File "C:\Users\Vicente\Desktop\clinica_alba\venv\Lib\site-packages\django\template\base.py", line 171, in render
    return self._render(context)
           ~~~~~~~~~~~~^^^^^^^^^
  File "C:\Users\Vicente\Desktop\clinica_alba\venv\Lib\site-packages\django\test\utils.py", line 110, in 
instrumented_test_render
    template_rendered.send(sender=self, template=self, context=context)
    ~~~~~~~~~~~~~~~~~~~~~~^^^^^^^^^^^^^^^^^^^^^^^^^^^^^^^^^^^^^^^^^^^^^
  File "C:\Users\Vicente\Desktop\clinica_alba\venv\Lib\site-packages\django\dispatch\dispatcher.py", line 189, in send
    response = receiver(signal=self, sender=sender, **named)
  File "C:\Users\Vicente\Desktop\clinica_alba\venv\Lib\site-packages\django\test\client.py", line 275, in 
store_rendered_templates
    store["context"].append(copy(context))
                            ~~~~^^^^^^^^^
  File "C:\Program Files (x86)\Python314-32\Lib\copy.py", line 82, in copy
    return copier(x)
  File "C:\Users\Vicente\Desktop\clinica_alba\venv\Lib\site-packages\django\template\context.py", line 158, in __copy__
    duplicate = super().__copy__()
  File "C:\Users\Vicente\Desktop\clinica_alba\venv\Lib\site-packages\django\template\context.py", line 39, in __copy__
    duplicate.dicts = self.dicts[:]
    ^^^^^^^^^^^^^^^
AttributeError: 'super' object has no attribute 'dicts' and no __dict__ for setting new attributes

During handling of the above exception, another exception occurred:

Traceback (most recent call last):
  File "C:\Users\Vicente\Desktop\clinica_alba\venv\Lib\site-packages\django\core\handlers\exception.py", line 55, in 
inner
    response = get_response(request)
  File "C:\Users\Vicente\Desktop\clinica_alba\venv\Lib\site-packages\django\utils\deprecation.py", line 134, in 
__call__
    response = response or self.get_response(request)
                           ~~~~~~~~~~~~~~~~~^^^^^^^^^
  File "C:\Users\Vicente\Desktop\clinica_alba\venv\Lib\site-packages\django\core\handlers\exception.py", line 57, in 
inner
    response = response_for_exception(request, exc)
  File "C:\Users\Vicente\Desktop\clinica_alba\venv\Lib\site-packages\django\core\handlers\exception.py", line 143, in 
response_for_exception
    log_response(
    ~~~~~~~~~~~~^
        "%s: %s",
        ^^^^^^^^^
    ...<4 lines>...
        exception=exc,
        ^^^^^^^^^^^^^^
    )
    ^
  File "C:\Users\Vicente\Desktop\clinica_alba\venv\Lib\site-packages\django\utils\log.py", line 241, in log_response
    getattr(logger, level)(
    ~~~~~~~~~~~~~~~~~~~~~~^
        message,
        ^^^^^^^^
    ...<5 lines>...
        exc_info=exception,
        ^^^^^^^^^^^^^^^^^^^
    )
    ^
  File "C:\Program Files (x86)\Python314-32\Lib\logging\__init__.py", line 1549, in error
    self._log(ERROR, msg, args, **kwargs)
    ~~~~~~~~~^^^^^^^^^^^^^^^^^^^^^^^^^^^^
  File "C:\Program Files (x86)\Python314-32\Lib\logging\__init__.py", line 1665, in _log
    self.handle(record)
    ~~~~~~~~~~~^^^^^^^^
  File "C:\Program Files (x86)\Python314-32\Lib\logging\__init__.py", line 1681, in handle
    self.callHandlers(record)
    ~~~~~~~~~~~~~~~~~^^^^^^^^
  File "C:\Program Files (x86)\Python314-32\Lib\logging\__init__.py", line 1737, in callHandlers
    hdlr.handle(record)
    ~~~~~~~~~~~^^^^^^^^
  File "C:\Program Files (x86)\Python314-32\Lib\logging\__init__.py", line 1027, in handle
    self.emit(record)
    ~~~~~~~~~^^^^^^^^
  File "C:\Users\Vicente\Desktop\clinica_alba\venv\Lib\site-packages\django\utils\log.py", line 125, in emit
    reporter.get_traceback_text(),
    ~~~~~~~~~~~~~~~~~~~~~~~~~~~^^
  File "C:\Users\Vicente\Desktop\clinica_alba\venv\Lib\site-packages\django\views\debug.py", line 436, in 
get_traceback_text
    return t.render(c)
           ~~~~~~~~^^^
  File "C:\Users\Vicente\Desktop\clinica_alba\venv\Lib\site-packages\django\template\base.py", line 171, in render
    return self._render(context)
           ~~~~~~~~~~~~^^^^^^^^^
  File "C:\Users\Vicente\Desktop\clinica_alba\venv\Lib\site-packages\django\test\utils.py", line 110, in 
instrumented_test_render
    template_rendered.send(sender=self, template=self, context=context)
    ~~~~~~~~~~~~~~~~~~~~~~^^^^^^^^^^^^^^^^^^^^^^^^^^^^^^^^^^^^^^^^^^^^^
  File "C:\Users\Vicente\Desktop\clinica_alba\venv\Lib\site-packages\django\dispatch\dispatcher.py", line 189, in send
    response = receiver(signal=self, sender=sender, **named)
  File "C:\Users\Vicente\Desktop\clinica_alba\venv\Lib\site-packages\django\test\client.py", line 275, in 
store_rendered_templates
    store["context"].append(copy(context))
                            ~~~~^^^^^^^^^
  File "C:\Program Files (x86)\Python314-32\Lib\copy.py", line 82, in copy
    return copier(x)
  File "C:\Users\Vicente\Desktop\clinica_alba\venv\Lib\site-packages\django\template\context.py", line 158, in __copy__
    duplicate = super().__copy__()
  File "C:\Users\Vicente\Desktop\clinica_alba\venv\Lib\site-packages\django\template\context.py", line 39, in __copy__
    duplicate.dicts = self.dicts[:]
    ^^^^^^^^^^^^^^^
AttributeError: 'super' object has no attribute 'dicts' and no __dict__ for setting new attributes

During handling of the above exception, another exception occurred:

Traceback (most recent call last):
  File "C:\Users\Vicente\Desktop\clinica_alba\venv\Lib\site-packages\django\core\handlers\exception.py", line 55, in 
inner
    response = get_response(request)
  File "C:\Users\Vicente\Desktop\clinica_alba\venv\Lib\site-packages\django\utils\deprecation.py", line 134, in 
__call__
    response = response or self.get_response(request)
                           ~~~~~~~~~~~~~~~~~^^^^^^^^^
  File "C:\Users\Vicente\Desktop\clinica_alba\venv\Lib\site-packages\django\core\handlers\exception.py", line 57, in 
inner
    response = response_for_exception(request, exc)
  File "C:\Users\Vicente\Desktop\clinica_alba\venv\Lib\site-packages\django\core\handlers\exception.py", line 143, in 
response_for_exception
    log_response(
    ~~~~~~~~~~~~^
        "%s: %s",
        ^^^^^^^^^
    ...<4 lines>...
        exception=exc,
        ^^^^^^^^^^^^^^
    )
    ^
  File "C:\Users\Vicente\Desktop\clinica_alba\venv\Lib\site-packages\django\utils\log.py", line 241, in log_response
    getattr(logger, level)(
    ~~~~~~~~~~~~~~~~~~~~~~^
        message,
        ^^^^^^^^
    ...<5 lines>...
        exc_info=exception,
        ^^^^^^^^^^^^^^^^^^^
    )
    ^
  File "C:\Program Files (x86)\Python314-32\Lib\logging\__init__.py", line 1549, in error
    self._log(ERROR, msg, args, **kwargs)
    ~~~~~~~~~^^^^^^^^^^^^^^^^^^^^^^^^^^^^
  File "C:\Program Files (x86)\Python314-32\Lib\logging\__init__.py", line 1665, in _log
    self.handle(record)
    ~~~~~~~~~~~^^^^^^^^
  File "C:\Program Files (x86)\Python314-32\Lib\logging\__init__.py", line 1681, in handle
    self.callHandlers(record)
    ~~~~~~~~~~~~~~~~~^^^^^^^^
  File "C:\Program Files (x86)\Python314-32\Lib\logging\__init__.py", line 1737, in callHandlers
    hdlr.handle(record)
    ~~~~~~~~~~~^^^^^^^^
  File "C:\Program Files (x86)\Python314-32\Lib\logging\__init__.py", line 1027, in handle
    self.emit(record)
    ~~~~~~~~~^^^^^^^^
  File "C:\Users\Vicente\Desktop\clinica_alba\venv\Lib\site-packages\django\utils\log.py", line 125, in emit
    reporter.get_traceback_text(),
    ~~~~~~~~~~~~~~~~~~~~~~~~~~~^^
  File "C:\Users\Vicente\Desktop\clinica_alba\venv\Lib\site-packages\django\views\debug.py", line 436, in 
get_traceback_text
    return t.render(c)
           ~~~~~~~~^^^
  File "C:\Users\Vicente\Desktop\clinica_alba\venv\Lib\site-packages\django\template\base.py", line 171, in render
    return self._render(context)
           ~~~~~~~~~~~~^^^^^^^^^
  File "C:\Users\Vicente\Desktop\clinica_alba\venv\Lib\site-packages\django\test\utils.py", line 110, in 
instrumented_test_render
    template_rendered.send(sender=self, template=self, context=context)
    ~~~~~~~~~~~~~~~~~~~~~~^^^^^^^^^^^^^^^^^^^^^^^^^^^^^^^^^^^^^^^^^^^^^
  File "C:\Users\Vicente\Desktop\clinica_alba\venv\Lib\site-packages\django\dispatch\dispatcher.py", line 189, in send
    response = receiver(signal=self, sender=sender, **named)
  File "C:\Users\Vicente\Desktop\clinica_alba\venv\Lib\site-packages\django\test\client.py", line 275, in 
store_rendered_templates
    store["context"].append(copy(context))
                            ~~~~^^^^^^^^^
  File "C:\Program Files (x86)\Python314-32\Lib\copy.py", line 82, in copy
    return copier(x)
  File "C:\Users\Vicente\Desktop\clinica_alba\venv\Lib\site-packages\django\template\context.py", line 158, in __copy__
    duplicate = super().__copy__()
  File "C:\Users\Vicente\Desktop\clinica_alba\venv\Lib\site-packages\django\template\context.py", line 39, in __copy__
    duplicate.dicts = self.dicts[:]
    ^^^^^^^^^^^^^^^
AttributeError: 'super' object has no attribute 'dicts' and no __dict__ for setting new attributes

During handling of the above exception, another exception occurred:

Traceback (most recent call last):
  File "C:\Users\Vicente\Desktop\clinica_alba\venv\Lib\site-packages\django\core\handlers\exception.py", line 55, in 
inner
    response = get_response(request)
  File "C:\Users\Vicente\Desktop\clinica_alba\venv\Lib\site-packages\django\utils\deprecation.py", line 134, in 
__call__
    response = response or self.get_response(request)
                           ~~~~~~~~~~~~~~~~~^^^^^^^^^
  File "C:\Users\Vicente\Desktop\clinica_alba\venv\Lib\site-packages\django\core\handlers\exception.py", line 57, in 
inner
    response = response_for_exception(request, exc)
  File "C:\Users\Vicente\Desktop\clinica_alba\venv\Lib\site-packages\django\core\handlers\exception.py", line 143, in 
response_for_exception
    log_response(
    ~~~~~~~~~~~~^
        "%s: %s",
        ^^^^^^^^^
    ...<4 lines>...
        exception=exc,
        ^^^^^^^^^^^^^^
    )
    ^
  File "C:\Users\Vicente\Desktop\clinica_alba\venv\Lib\site-packages\django\utils\log.py", line 241, in log_response
    getattr(logger, level)(
    ~~~~~~~~~~~~~~~~~~~~~~^
        message,
        ^^^^^^^^
    ...<5 lines>...
        exc_info=exception,
        ^^^^^^^^^^^^^^^^^^^
    )
    ^
  File "C:\Program Files (x86)\Python314-32\Lib\logging\__init__.py", line 1549, in error
    self._log(ERROR, msg, args, **kwargs)
    ~~~~~~~~~^^^^^^^^^^^^^^^^^^^^^^^^^^^^
  File "C:\Program Files (x86)\Python314-32\Lib\logging\__init__.py", line 1665, in _log
    self.handle(record)
    ~~~~~~~~~~~^^^^^^^^
  File "C:\Program Files (x86)\Python314-32\Lib\logging\__init__.py", line 1681, in handle
    self.callHandlers(record)
    ~~~~~~~~~~~~~~~~~^^^^^^^^
  File "C:\Program Files (x86)\Python314-32\Lib\logging\__init__.py", line 1737, in callHandlers
    hdlr.handle(record)
    ~~~~~~~~~~~^^^^^^^^
  File "C:\Program Files (x86)\Python314-32\Lib\logging\__init__.py", line 1027, in handle
    self.emit(record)
    ~~~~~~~~~^^^^^^^^
  File "C:\Users\Vicente\Desktop\clinica_alba\venv\Lib\site-packages\django\utils\log.py", line 125, in emit
    reporter.get_traceback_text(),
    ~~~~~~~~~~~~~~~~~~~~~~~~~~~^^
  File "C:\Users\Vicente\Desktop\clinica_alba\venv\Lib\site-packages\django\views\debug.py", line 436, in 
get_traceback_text
    return t.render(c)
           ~~~~~~~~^^^
  File "C:\Users\Vicente\Desktop\clinica_alba\venv\Lib\site-packages\django\template\base.py", line 171, in render
    return self._render(context)
           ~~~~~~~~~~~~^^^^^^^^^
  File "C:\Users\Vicente\Desktop\clinica_alba\venv\Lib\site-packages\django\test\utils.py", line 110, in 
instrumented_test_render
    template_rendered.send(sender=self, template=self, context=context)
    ~~~~~~~~~~~~~~~~~~~~~~^^^^^^^^^^^^^^^^^^^^^^^^^^^^^^^^^^^^^^^^^^^^^
  File "C:\Users\Vicente\Desktop\clinica_alba\venv\Lib\site-packages\django\dispatch\dispatcher.py", line 189, in send
    response = receiver(signal=self, sender=sender, **named)
  File "C:\Users\Vicente\Desktop\clinica_alba\venv\Lib\site-packages\django\test\client.py", line 275, in 
store_rendered_templates
    store["context"].append(copy(context))
                            ~~~~^^^^^^^^^
  File "C:\Program Files (x86)\Python314-32\Lib\copy.py", line 82, in copy
    return copier(x)
  File "C:\Users\Vicente\Desktop\clinica_alba\venv\Lib\site-packages\django\template\context.py", line 158, in __copy__
    duplicate = super().__copy__()
  File "C:\Users\Vicente\Desktop\clinica_alba\venv\Lib\site-packages\django\template\context.py", line 39, in __copy__
    duplicate.dicts = self.dicts[:]
    ^^^^^^^^^^^^^^^
AttributeError: 'super' object has no attribute 'dicts' and no __dict__ for setting new attributes

During handling of the above exception, another exception occurred:

Traceback (most recent call last):
  File "C:\Users\Vicente\Desktop\clinica_alba\venv\Lib\site-packages\django\core\handlers\exception.py", line 55, in 
inner
    response = get_response(request)
  File "C:\Users\Vicente\Desktop\clinica_alba\venv\Lib\site-packages\django\utils\deprecation.py", line 134, in 
__call__
    response = response or self.get_response(request)
                           ~~~~~~~~~~~~~~~~~^^^^^^^^^
  File "C:\Users\Vicente\Desktop\clinica_alba\venv\Lib\site-packages\django\core\handlers\exception.py", line 57, in 
inner
    response = response_for_exception(request, exc)
  File "C:\Users\Vicente\Desktop\clinica_alba\venv\Lib\site-packages\django\core\handlers\exception.py", line 143, in 
response_for_exception
    log_response(
    ~~~~~~~~~~~~^
        "%s: %s",
        ^^^^^^^^^
    ...<4 lines>...
        exception=exc,
        ^^^^^^^^^^^^^^
    )
    ^
  File "C:\Users\Vicente\Desktop\clinica_alba\venv\Lib\site-packages\django\utils\log.py", line 241, in log_response
    getattr(logger, level)(
    ~~~~~~~~~~~~~~~~~~~~~~^
        message,
        ^^^^^^^^
    ...<5 lines>...
        exc_info=exception,
        ^^^^^^^^^^^^^^^^^^^
    )
    ^
  File "C:\Program Files (x86)\Python314-32\Lib\logging\__init__.py", line 1549, in error
    self._log(ERROR, msg, args, **kwargs)
    ~~~~~~~~~^^^^^^^^^^^^^^^^^^^^^^^^^^^^
  File "C:\Program Files (x86)\Python314-32\Lib\logging\__init__.py", line 1665, in _log
    self.handle(record)
    ~~~~~~~~~~~^^^^^^^^
  File "C:\Program Files (x86)\Python314-32\Lib\logging\__init__.py", line 1681, in handle
    self.callHandlers(record)
    ~~~~~~~~~~~~~~~~~^^^^^^^^
  File "C:\Program Files (x86)\Python314-32\Lib\logging\__init__.py", line 1737, in callHandlers
    hdlr.handle(record)
    ~~~~~~~~~~~^^^^^^^^
  File "C:\Program Files (x86)\Python314-32\Lib\logging\__init__.py", line 1027, in handle
    self.emit(record)
    ~~~~~~~~~^^^^^^^^
  File "C:\Users\Vicente\Desktop\clinica_alba\venv\Lib\site-packages\django\utils\log.py", line 125, in emit
    reporter.get_traceback_text(),
    ~~~~~~~~~~~~~~~~~~~~~~~~~~~^^
  File "C:\Users\Vicente\Desktop\clinica_alba\venv\Lib\site-packages\django\views\debug.py", line 436, in 
get_traceback_text
    return t.render(c)
           ~~~~~~~~^^^
  File "C:\Users\Vicente\Desktop\clinica_alba\venv\Lib\site-packages\django\template\base.py", line 171, in render
    return self._render(context)
           ~~~~~~~~~~~~^^^^^^^^^
  File "C:\Users\Vicente\Desktop\clinica_alba\venv\Lib\site-packages\django\test\utils.py", line 110, in 
instrumented_test_render
    template_rendered.send(sender=self, template=self, context=context)
    ~~~~~~~~~~~~~~~~~~~~~~^^^^^^^^^^^^^^^^^^^^^^^^^^^^^^^^^^^^^^^^^^^^^
  File "C:\Users\Vicente\Desktop\clinica_alba\venv\Lib\site-packages\django\dispatch\dispatcher.py", line 189, in send
    response = receiver(signal=self, sender=sender, **named)
  File "C:\Users\Vicente\Desktop\clinica_alba\venv\Lib\site-packages\django\test\client.py", line 275, in 
store_rendered_templates
    store["context"].append(copy(context))
                            ~~~~^^^^^^^^^
  File "C:\Program Files (x86)\Python314-32\Lib\copy.py", line 82, in copy
    return copier(x)
  File "C:\Users\Vicente\Desktop\clinica_alba\venv\Lib\site-packages\django\template\context.py", line 158, in __copy__
    duplicate = super().__copy__()
  File "C:\Users\Vicente\Desktop\clinica_alba\venv\Lib\site-packages\django\template\context.py", line 39, in __copy__
    duplicate.dicts = self.dicts[:]
    ^^^^^^^^^^^^^^^
AttributeError: 'super' object has no attribute 'dicts' and no __dict__ for setting new attributes

During handling of the above exception, another exception occurred:

Traceback (most recent call last):
  File "C:\Users\Vicente\Desktop\clinica_alba\venv\Lib\site-packages\django\core\handlers\exception.py", line 55, in 
inner
    response = get_response(request)
  File "C:\Users\Vicente\Desktop\clinica_alba\venv\Lib\site-packages\django\utils\deprecation.py", line 134, in 
__call__
    response = response or self.get_response(request)
                           ~~~~~~~~~~~~~~~~~^^^^^^^^^
  File "C:\Users\Vicente\Desktop\clinica_alba\venv\Lib\site-packages\django\core\handlers\exception.py", line 57, in 
inner
    response = response_for_exception(request, exc)
  File "C:\Users\Vicente\Desktop\clinica_alba\venv\Lib\site-packages\django\core\handlers\exception.py", line 143, in 
response_for_exception
    log_response(
    ~~~~~~~~~~~~^
        "%s: %s",
        ^^^^^^^^^
    ...<4 lines>...
        exception=exc,
        ^^^^^^^^^^^^^^
    )
    ^
  File "C:\Users\Vicente\Desktop\clinica_alba\venv\Lib\site-packages\django\utils\log.py", line 241, in log_response
    getattr(logger, level)(
    ~~~~~~~~~~~~~~~~~~~~~~^
        message,
        ^^^^^^^^
    ...<5 lines>...
        exc_info=exception,
        ^^^^^^^^^^^^^^^^^^^
    )
    ^
  File "C:\Program Files (x86)\Python314-32\Lib\logging\__init__.py", line 1549, in error
    self._log(ERROR, msg, args, **kwargs)
    ~~~~~~~~~^^^^^^^^^^^^^^^^^^^^^^^^^^^^
  File "C:\Program Files (x86)\Python314-32\Lib\logging\__init__.py", line 1665, in _log
    self.handle(record)
    ~~~~~~~~~~~^^^^^^^^
  File "C:\Program Files (x86)\Python314-32\Lib\logging\__init__.py", line 1681, in handle
    self.callHandlers(record)
    ~~~~~~~~~~~~~~~~~^^^^^^^^
  File "C:\Program Files (x86)\Python314-32\Lib\logging\__init__.py", line 1737, in callHandlers
    hdlr.handle(record)
    ~~~~~~~~~~~^^^^^^^^
  File "C:\Program Files (x86)\Python314-32\Lib\logging\__init__.py", line 1027, in handle
    self.emit(record)
    ~~~~~~~~~^^^^^^^^
  File "C:\Users\Vicente\Desktop\clinica_alba\venv\Lib\site-packages\django\utils\log.py", line 125, in emit
    reporter.get_traceback_text(),
    ~~~~~~~~~~~~~~~~~~~~~~~~~~~^^
  File "C:\Users\Vicente\Desktop\clinica_alba\venv\Lib\site-packages\django\views\debug.py", line 436, in 
get_traceback_text
    return t.render(c)
           ~~~~~~~~^^^
  File "C:\Users\Vicente\Desktop\clinica_alba\venv\Lib\site-packages\django\template\base.py", line 171, in render
    return self._render(context)
           ~~~~~~~~~~~~^^^^^^^^^
  File "C:\Users\Vicente\Desktop\clinica_alba\venv\Lib\site-packages\django\test\utils.py", line 110, in 
instrumented_test_render
    template_rendered.send(sender=self, template=self, context=context)
    ~~~~~~~~~~~~~~~~~~~~~~^^^^^^^^^^^^^^^^^^^^^^^^^^^^^^^^^^^^^^^^^^^^^
  File "C:\Users\Vicente\Desktop\clinica_alba\venv\Lib\site-packages\django\dispatch\dispatcher.py", line 189, in send
    response = receiver(signal=self, sender=sender, **named)
  File "C:\Users\Vicente\Desktop\clinica_alba\venv\Lib\site-packages\django\test\client.py", line 275, in 
store_rendered_templates
    store["context"].append(copy(context))
                            ~~~~^^^^^^^^^
  File "C:\Program Files (x86)\Python314-32\Lib\copy.py", line 82, in copy
    return copier(x)
  File "C:\Users\Vicente\Desktop\clinica_alba\venv\Lib\site-packages\django\template\context.py", line 158, in __copy__
    duplicate = super().__copy__()
  File "C:\Users\Vicente\Desktop\clinica_alba\venv\Lib\site-packages\django\template\context.py", line 39, in __copy__
    duplicate.dicts = self.dicts[:]
    ^^^^^^^^^^^^^^^
AttributeError: 'super' object has no attribute 'dicts' and no __dict__ for setting new attributes

During handling of the above exception, another exception occurred:

Traceback (most recent call last):
  File "C:\Users\Vicente\Desktop\clinica_alba\venv\Lib\site-packages\django\core\handlers\exception.py", line 55, in 
inner
    response = get_response(request)
  File "C:\Users\Vicente\Desktop\clinica_alba\venv\Lib\site-packages\whitenoise\middleware.py", line 124, in __call__
    return self.get_response(request)
           ~~~~~~~~~~~~~~~~~^^^^^^^^^
  File "C:\Users\Vicente\Desktop\clinica_alba\venv\Lib\site-packages\django\core\handlers\exception.py", line 57, in 
inner
    response = response_for_exception(request, exc)
  File "C:\Users\Vicente\Desktop\clinica_alba\venv\Lib\site-packages\django\core\handlers\exception.py", line 143, in 
response_for_exception
    log_response(
    ~~~~~~~~~~~~^
        "%s: %s",
        ^^^^^^^^^
    ...<4 lines>...
        exception=exc,
        ^^^^^^^^^^^^^^
    )
    ^
  File "C:\Users\Vicente\Desktop\clinica_alba\venv\Lib\site-packages\django\utils\log.py", line 241, in log_response
    getattr(logger, level)(
    ~~~~~~~~~~~~~~~~~~~~~~^
        message,
        ^^^^^^^^
    ...<5 lines>...
        exc_info=exception,
        ^^^^^^^^^^^^^^^^^^^
    )
    ^
  File "C:\Program Files (x86)\Python314-32\Lib\logging\__init__.py", line 1549, in error
    self._log(ERROR, msg, args, **kwargs)
    ~~~~~~~~~^^^^^^^^^^^^^^^^^^^^^^^^^^^^
  File "C:\Program Files (x86)\Python314-32\Lib\logging\__init__.py", line 1665, in _log
    self.handle(record)
    ~~~~~~~~~~~^^^^^^^^
  File "C:\Program Files (x86)\Python314-32\Lib\logging\__init__.py", line 1681, in handle
    self.callHandlers(record)
    ~~~~~~~~~~~~~~~~~^^^^^^^^
  File "C:\Program Files (x86)\Python314-32\Lib\logging\__init__.py", line 1737, in callHandlers
    hdlr.handle(record)
    ~~~~~~~~~~~^^^^^^^^
  File "C:\Program Files (x86)\Python314-32\Lib\logging\__init__.py", line 1027, in handle
    self.emit(record)
    ~~~~~~~~~^^^^^^^^
  File "C:\Users\Vicente\Desktop\clinica_alba\venv\Lib\site-packages\django\utils\log.py", line 125, in emit
    reporter.get_traceback_text(),
    ~~~~~~~~~~~~~~~~~~~~~~~~~~~^^
  File "C:\Users\Vicente\Desktop\clinica_alba\venv\Lib\site-packages\django\views\debug.py", line 436, in 
get_traceback_text
    return t.render(c)
           ~~~~~~~~^^^
  File "C:\Users\Vicente\Desktop\clinica_alba\venv\Lib\site-packages\django\template\base.py", line 171, in render
    return self._render(context)
           ~~~~~~~~~~~~^^^^^^^^^
  File "C:\Users\Vicente\Desktop\clinica_alba\venv\Lib\site-packages\django\test\utils.py", line 110, in 
instrumented_test_render
    template_rendered.send(sender=self, template=self, context=context)
    ~~~~~~~~~~~~~~~~~~~~~~^^^^^^^^^^^^^^^^^^^^^^^^^^^^^^^^^^^^^^^^^^^^^
  File "C:\Users\Vicente\Desktop\clinica_alba\venv\Lib\site-packages\django\dispatch\dispatcher.py", line 189, in send
    response = receiver(signal=self, sender=sender, **named)
  File "C:\Users\Vicente\Desktop\clinica_alba\venv\Lib\site-packages\django\test\client.py", line 275, in 
store_rendered_templates
    store["context"].append(copy(context))
                            ~~~~^^^^^^^^^
  File "C:\Program Files (x86)\Python314-32\Lib\copy.py", line 82, in copy
    return copier(x)
  File "C:\Users\Vicente\Desktop\clinica_alba\venv\Lib\site-packages\django\template\context.py", line 158, in __copy__
    duplicate = super().__copy__()
  File "C:\Users\Vicente\Desktop\clinica_alba\venv\Lib\site-packages\django\template\context.py", line 39, in __copy__
    duplicate.dicts = self.dicts[:]
    ^^^^^^^^^^^^^^^
AttributeError: 'super' object has no attribute 'dicts' and no __dict__ for setting new attributes

During handling of the above exception, another exception occurred:

Traceback (most recent call last):
  File "C:\Users\Vicente\Desktop\clinica_alba\venv\Lib\site-packages\django\core\handlers\exception.py", line 55, in 
inner
    response = get_response(request)
  File "C:\Users\Vicente\Desktop\clinica_alba\venv\Lib\site-packages\django\utils\deprecation.py", line 134, in 
__call__
    response = response or self.get_response(request)
                           ~~~~~~~~~~~~~~~~~^^^^^^^^^
  File "C:\Users\Vicente\Desktop\clinica_alba\venv\Lib\site-packages\django\core\handlers\exception.py", line 57, in 
inner
    response = response_for_exception(request, exc)
  File "C:\Users\Vicente\Desktop\clinica_alba\venv\Lib\site-packages\django\core\handlers\exception.py", line 143, in 
response_for_exception
    log_response(
    ~~~~~~~~~~~~^
        "%s: %s",
        ^^^^^^^^^
    ...<4 lines>...
        exception=exc,
        ^^^^^^^^^^^^^^
    )
    ^
  File "C:\Users\Vicente\Desktop\clinica_alba\venv\Lib\site-packages\django\utils\log.py", line 241, in log_response
    getattr(logger, level)(
    ~~~~~~~~~~~~~~~~~~~~~~^
        message,
        ^^^^^^^^
    ...<5 lines>...
        exc_info=exception,
        ^^^^^^^^^^^^^^^^^^^
    )
    ^
  File "C:\Program Files (x86)\Python314-32\Lib\logging\__init__.py", line 1549, in error
    self._log(ERROR, msg, args, **kwargs)
    ~~~~~~~~~^^^^^^^^^^^^^^^^^^^^^^^^^^^^
  File "C:\Program Files (x86)\Python314-32\Lib\logging\__init__.py", line 1665, in _log
    self.handle(record)
    ~~~~~~~~~~~^^^^^^^^
  File "C:\Program Files (x86)\Python314-32\Lib\logging\__init__.py", line 1681, in handle
    self.callHandlers(record)
    ~~~~~~~~~~~~~~~~~^^^^^^^^
  File "C:\Program Files (x86)\Python314-32\Lib\logging\__init__.py", line 1737, in callHandlers
    hdlr.handle(record)
    ~~~~~~~~~~~^^^^^^^^
  File "C:\Program Files (x86)\Python314-32\Lib\logging\__init__.py", line 1027, in handle
    self.emit(record)
    ~~~~~~~~~^^^^^^^^
  File "C:\Users\Vicente\Desktop\clinica_alba\venv\Lib\site-packages\django\utils\log.py", line 125, in emit
    reporter.get_traceback_text(),
    ~~~~~~~~~~~~~~~~~~~~~~~~~~~^^
  File "C:\Users\Vicente\Desktop\clinica_alba\venv\Lib\site-packages\django\views\debug.py", line 436, in 
get_traceback_text
    return t.render(c)
           ~~~~~~~~^^^
  File "C:\Users\Vicente\Desktop\clinica_alba\venv\Lib\site-packages\django\template\base.py", line 171, in render
    return self._render(context)
           ~~~~~~~~~~~~^^^^^^^^^
  File "C:\Users\Vicente\Desktop\clinica_alba\venv\Lib\site-packages\django\test\utils.py", line 110, in 
instrumented_test_render
    template_rendered.send(sender=self, template=self, context=context)
    ~~~~~~~~~~~~~~~~~~~~~~^^^^^^^^^^^^^^^^^^^^^^^^^^^^^^^^^^^^^^^^^^^^^
  File "C:\Users\Vicente\Desktop\clinica_alba\venv\Lib\site-packages\django\dispatch\dispatcher.py", line 189, in send
    response = receiver(signal=self, sender=sender, **named)
  File "C:\Users\Vicente\Desktop\clinica_alba\venv\Lib\site-packages\django\test\client.py", line 275, in 
store_rendered_templates
    store["context"].append(copy(context))
                            ~~~~^^^^^^^^^
  File "C:\Program Files (x86)\Python314-32\Lib\copy.py", line 82, in copy
    return copier(x)
  File "C:\Users\Vicente\Desktop\clinica_alba\venv\Lib\site-packages\django\template\context.py", line 158, in __copy__
    duplicate = super().__copy__()
  File "C:\Users\Vicente\Desktop\clinica_alba\venv\Lib\site-packages\django\template\context.py", line 39, in __copy__
    duplicate.dicts = self.dicts[:]
    ^^^^^^^^^^^^^^^
AttributeError: 'super' object has no attribute 'dicts' and no __dict__ for setting new attributes

During handling of the above exception, another exception occurred:

Traceback (most recent call last):
  File "C:\Users\Vicente\Desktop\clinica_alba\tests\test_auth.py", line 49, in test_logout
    self.assertRedirects(resp, self.url_login)
    ~~~~~~~~~~~~~~~~~~~~^^^^^^^^^^^^^^^^^^^^^^
  File "C:\Users\Vicente\Desktop\clinica_alba\venv\Lib\site-packages\django\test\testcases.py", line 425, in 
assertRedirects
    redirect_response = response.client.get(
        path,
    ...<3 lines>...
        **extra,
    )
  File "C:\Users\Vicente\Desktop\clinica_alba\venv\Lib\site-packages\django\test\client.py", line 1049, in get
    response = super().get(path, data=data, secure=secure, headers=headers, **extra)
  File "C:\Users\Vicente\Desktop\clinica_alba\venv\Lib\site-packages\django\test\client.py", line 465, in get
    return self.generic(
           ~~~~~~~~~~~~^
        "GET",
        ^^^^^^
    ...<6 lines>...
        },
        ^^
    )
    ^
  File "C:\Users\Vicente\Desktop\clinica_alba\venv\Lib\site-packages\django\test\client.py", line 617, in generic
    return self.request(**r)
           ~~~~~~~~~~~~^^^^^
  File "C:\Users\Vicente\Desktop\clinica_alba\venv\Lib\site-packages\django\test\client.py", line 1008, in request
    response = self.handler(environ)
  File "C:\Users\Vicente\Desktop\clinica_alba\venv\Lib\site-packages\django\test\client.py", line 186, in __call__
    response = self.get_response(request)
  File "C:\Users\Vicente\Desktop\clinica_alba\venv\Lib\site-packages\django\core\handlers\base.py", line 140, in 
get_response
    response = self._middleware_chain(request)
  File "C:\Users\Vicente\Desktop\clinica_alba\venv\Lib\site-packages\django\core\handlers\exception.py", line 57, in 
inner
    response = response_for_exception(request, exc)
  File "C:\Users\Vicente\Desktop\clinica_alba\venv\Lib\site-packages\django\core\handlers\exception.py", line 143, in 
response_for_exception
    log_response(
    ~~~~~~~~~~~~^
        "%s: %s",
        ^^^^^^^^^
    ...<4 lines>...
        exception=exc,
        ^^^^^^^^^^^^^^
    )
    ^
  File "C:\Users\Vicente\Desktop\clinica_alba\venv\Lib\site-packages\django\utils\log.py", line 241, in log_response
    getattr(logger, level)(
    ~~~~~~~~~~~~~~~~~~~~~~^
        message,
        ^^^^^^^^
    ...<5 lines>...
        exc_info=exception,
        ^^^^^^^^^^^^^^^^^^^
    )
    ^
  File "C:\Program Files (x86)\Python314-32\Lib\logging\__init__.py", line 1549, in error
    self._log(ERROR, msg, args, **kwargs)
    ~~~~~~~~~^^^^^^^^^^^^^^^^^^^^^^^^^^^^
  File "C:\Program Files (x86)\Python314-32\Lib\logging\__init__.py", line 1665, in _log
    self.handle(record)
    ~~~~~~~~~~~^^^^^^^^
  File "C:\Program Files (x86)\Python314-32\Lib\logging\__init__.py", line 1681, in handle
    self.callHandlers(record)
    ~~~~~~~~~~~~~~~~~^^^^^^^^
  File "C:\Program Files (x86)\Python314-32\Lib\logging\__init__.py", line 1737, in callHandlers
    hdlr.handle(record)
    ~~~~~~~~~~~^^^^^^^^
  File "C:\Program Files (x86)\Python314-32\Lib\logging\__init__.py", line 1027, in handle
    self.emit(record)
    ~~~~~~~~~^^^^^^^^
  File "C:\Users\Vicente\Desktop\clinica_alba\venv\Lib\site-packages\django\utils\log.py", line 125, in emit
    reporter.get_traceback_text(),
    ~~~~~~~~~~~~~~~~~~~~~~~~~~~^^
  File "C:\Users\Vicente\Desktop\clinica_alba\venv\Lib\site-packages\django\views\debug.py", line 436, in 
get_traceback_text
    return t.render(c)
           ~~~~~~~~^^^
  File "C:\Users\Vicente\Desktop\clinica_alba\venv\Lib\site-packages\django\template\base.py", line 171, in render
    return self._render(context)
           ~~~~~~~~~~~~^^^^^^^^^
  File "C:\Users\Vicente\Desktop\clinica_alba\venv\Lib\site-packages\django\test\utils.py", line 110, in 
instrumented_test_render
    template_rendered.send(sender=self, template=self, context=context)
    ~~~~~~~~~~~~~~~~~~~~~~^^^^^^^^^^^^^^^^^^^^^^^^^^^^^^^^^^^^^^^^^^^^^
  File "C:\Users\Vicente\Desktop\clinica_alba\venv\Lib\site-packages\django\dispatch\dispatcher.py", line 189, in send
    response = receiver(signal=self, sender=sender, **named)
  File "C:\Users\Vicente\Desktop\clinica_alba\venv\Lib\site-packages\django\test\client.py", line 275, in 
store_rendered_templates
    store["context"].append(copy(context))
                            ~~~~^^^^^^^^^
  File "C:\Program Files (x86)\Python314-32\Lib\copy.py", line 82, in copy
    return copier(x)
  File "C:\Users\Vicente\Desktop\clinica_alba\venv\Lib\site-packages\django\template\context.py", line 158, in __copy__
    duplicate = super().__copy__()
  File "C:\Users\Vicente\Desktop\clinica_alba\venv\Lib\site-packages\django\template\context.py", line 39, in __copy__
    duplicate.dicts = self.dicts[:]
    ^^^^^^^^^^^^^^^
AttributeError: 'super' object has no attribute 'dicts' and no __dict__ for setting new attributes

======================================================================
ERROR: test_redireccion_sin_login (tests.test_auth.LoginTest.test_redireccion_sin_login)
Las pßginas protegidas redirigen al login si no hay sesi¾n.
----------------------------------------------------------------------
Traceback (most recent call last):
  File "C:\Users\Vicente\Desktop\clinica_alba\venv\Lib\site-packages\django\core\handlers\exception.py", line 55, in 
inner
    response = get_response(request)
  File "C:\Users\Vicente\Desktop\clinica_alba\venv\Lib\site-packages\django\core\handlers\base.py", line 197, in 
_get_response
    response = wrapped_callback(request, *callback_args, **callback_kwargs)
  File "C:\Users\Vicente\Desktop\clinica_alba\venv\Lib\site-packages\django\views\generic\base.py", line 104, in view
    return self.dispatch(request, *args, **kwargs)
           ~~~~~~~~~~~~~^^^^^^^^^^^^^^^^^^^^^^^^^^
  File "C:\Users\Vicente\Desktop\clinica_alba\venv\Lib\site-packages\django\views\generic\base.py", line 143, in 
dispatch
    return handler(request, *args, **kwargs)
  File "C:\Users\Vicente\Desktop\clinica_alba\apps\accounts\views.py", line 32, in get
    return render(request, self.template_name, {"form": form})
  File "C:\Users\Vicente\Desktop\clinica_alba\venv\Lib\site-packages\django\shortcuts.py", line 25, in render
    content = loader.render_to_string(template_name, context, request, using=using)
  File "C:\Users\Vicente\Desktop\clinica_alba\venv\Lib\site-packages\django\template\loader.py", line 62, in 
render_to_string
    return template.render(context, request)
           ~~~~~~~~~~~~~~~^^^^^^^^^^^^^^^^^^
  File "C:\Users\Vicente\Desktop\clinica_alba\venv\Lib\site-packages\django\template\backends\django.py", line 61, in 
render
    return self.template.render(context)
           ~~~~~~~~~~~~~~~~~~~~^^^^^^^^^
  File "C:\Users\Vicente\Desktop\clinica_alba\venv\Lib\site-packages\django\template\base.py", line 171, in render
    return self._render(context)
           ~~~~~~~~~~~~^^^^^^^^^
  File "C:\Users\Vicente\Desktop\clinica_alba\venv\Lib\site-packages\django\test\utils.py", line 110, in 
instrumented_test_render
    template_rendered.send(sender=self, template=self, context=context)
    ~~~~~~~~~~~~~~~~~~~~~~^^^^^^^^^^^^^^^^^^^^^^^^^^^^^^^^^^^^^^^^^^^^^
  File "C:\Users\Vicente\Desktop\clinica_alba\venv\Lib\site-packages\django\dispatch\dispatcher.py", line 189, in send
    response = receiver(signal=self, sender=sender, **named)
  File "C:\Users\Vicente\Desktop\clinica_alba\venv\Lib\site-packages\django\test\client.py", line 275, in 
store_rendered_templates
    store["context"].append(copy(context))
                            ~~~~^^^^^^^^^
  File "C:\Program Files (x86)\Python314-32\Lib\copy.py", line 82, in copy
    return copier(x)
  File "C:\Users\Vicente\Desktop\clinica_alba\venv\Lib\site-packages\django\template\context.py", line 158, in __copy__
    duplicate = super().__copy__()
  File "C:\Users\Vicente\Desktop\clinica_alba\venv\Lib\site-packages\django\template\context.py", line 39, in __copy__
    duplicate.dicts = self.dicts[:]
    ^^^^^^^^^^^^^^^
AttributeError: 'super' object has no attribute 'dicts' and no __dict__ for setting new attributes

During handling of the above exception, another exception occurred:

Traceback (most recent call last):
  File "C:\Users\Vicente\Desktop\clinica_alba\venv\Lib\site-packages\django\core\handlers\exception.py", line 55, in 
inner
    response = get_response(request)
  File "C:\Users\Vicente\Desktop\clinica_alba\venv\Lib\site-packages\django\utils\deprecation.py", line 134, in 
__call__
    response = response or self.get_response(request)
                           ~~~~~~~~~~~~~~~~~^^^^^^^^^
  File "C:\Users\Vicente\Desktop\clinica_alba\venv\Lib\site-packages\django\core\handlers\exception.py", line 57, in 
inner
    response = response_for_exception(request, exc)
  File "C:\Users\Vicente\Desktop\clinica_alba\venv\Lib\site-packages\django\core\handlers\exception.py", line 143, in 
response_for_exception
    log_response(
    ~~~~~~~~~~~~^
        "%s: %s",
        ^^^^^^^^^
    ...<4 lines>...
        exception=exc,
        ^^^^^^^^^^^^^^
    )
    ^
  File "C:\Users\Vicente\Desktop\clinica_alba\venv\Lib\site-packages\django\utils\log.py", line 241, in log_response
    getattr(logger, level)(
    ~~~~~~~~~~~~~~~~~~~~~~^
        message,
        ^^^^^^^^
    ...<5 lines>...
        exc_info=exception,
        ^^^^^^^^^^^^^^^^^^^
    )
    ^
  File "C:\Program Files (x86)\Python314-32\Lib\logging\__init__.py", line 1549, in error
    self._log(ERROR, msg, args, **kwargs)
    ~~~~~~~~~^^^^^^^^^^^^^^^^^^^^^^^^^^^^
  File "C:\Program Files (x86)\Python314-32\Lib\logging\__init__.py", line 1665, in _log
    self.handle(record)
    ~~~~~~~~~~~^^^^^^^^
  File "C:\Program Files (x86)\Python314-32\Lib\logging\__init__.py", line 1681, in handle
    self.callHandlers(record)
    ~~~~~~~~~~~~~~~~~^^^^^^^^
  File "C:\Program Files (x86)\Python314-32\Lib\logging\__init__.py", line 1737, in callHandlers
    hdlr.handle(record)
    ~~~~~~~~~~~^^^^^^^^
  File "C:\Program Files (x86)\Python314-32\Lib\logging\__init__.py", line 1027, in handle
    self.emit(record)
    ~~~~~~~~~^^^^^^^^
  File "C:\Users\Vicente\Desktop\clinica_alba\venv\Lib\site-packages\django\utils\log.py", line 125, in emit
    reporter.get_traceback_text(),
    ~~~~~~~~~~~~~~~~~~~~~~~~~~~^^
  File "C:\Users\Vicente\Desktop\clinica_alba\venv\Lib\site-packages\django\views\debug.py", line 436, in 
get_traceback_text
    return t.render(c)
           ~~~~~~~~^^^
  File "C:\Users\Vicente\Desktop\clinica_alba\venv\Lib\site-packages\django\template\base.py", line 171, in render
    return self._render(context)
           ~~~~~~~~~~~~^^^^^^^^^
  File "C:\Users\Vicente\Desktop\clinica_alba\venv\Lib\site-packages\django\test\utils.py", line 110, in 
instrumented_test_render
    template_rendered.send(sender=self, template=self, context=context)
    ~~~~~~~~~~~~~~~~~~~~~~^^^^^^^^^^^^^^^^^^^^^^^^^^^^^^^^^^^^^^^^^^^^^
  File "C:\Users\Vicente\Desktop\clinica_alba\venv\Lib\site-packages\django\dispatch\dispatcher.py", line 189, in send
    response = receiver(signal=self, sender=sender, **named)
  File "C:\Users\Vicente\Desktop\clinica_alba\venv\Lib\site-packages\django\test\client.py", line 275, in 
store_rendered_templates
    store["context"].append(copy(context))
                            ~~~~^^^^^^^^^
  File "C:\Program Files (x86)\Python314-32\Lib\copy.py", line 82, in copy
    return copier(x)
  File "C:\Users\Vicente\Desktop\clinica_alba\venv\Lib\site-packages\django\template\context.py", line 158, in __copy__
    duplicate = super().__copy__()
  File "C:\Users\Vicente\Desktop\clinica_alba\venv\Lib\site-packages\django\template\context.py", line 39, in __copy__
    duplicate.dicts = self.dicts[:]
    ^^^^^^^^^^^^^^^
AttributeError: 'super' object has no attribute 'dicts' and no __dict__ for setting new attributes

During handling of the above exception, another exception occurred:

Traceback (most recent call last):
  File "C:\Users\Vicente\Desktop\clinica_alba\venv\Lib\site-packages\django\core\handlers\exception.py", line 55, in 
inner
    response = get_response(request)
  File "C:\Users\Vicente\Desktop\clinica_alba\venv\Lib\site-packages\django\utils\deprecation.py", line 134, in 
__call__
    response = response or self.get_response(request)
                           ~~~~~~~~~~~~~~~~~^^^^^^^^^
  File "C:\Users\Vicente\Desktop\clinica_alba\venv\Lib\site-packages\django\core\handlers\exception.py", line 57, in 
inner
    response = response_for_exception(request, exc)
  File "C:\Users\Vicente\Desktop\clinica_alba\venv\Lib\site-packages\django\core\handlers\exception.py", line 143, in 
response_for_exception
    log_response(
    ~~~~~~~~~~~~^
        "%s: %s",
        ^^^^^^^^^
    ...<4 lines>...
        exception=exc,
        ^^^^^^^^^^^^^^
    )
    ^
  File "C:\Users\Vicente\Desktop\clinica_alba\venv\Lib\site-packages\django\utils\log.py", line 241, in log_response
    getattr(logger, level)(
    ~~~~~~~~~~~~~~~~~~~~~~^
        message,
        ^^^^^^^^
    ...<5 lines>...
        exc_info=exception,
        ^^^^^^^^^^^^^^^^^^^
    )
    ^
  File "C:\Program Files (x86)\Python314-32\Lib\logging\__init__.py", line 1549, in error
    self._log(ERROR, msg, args, **kwargs)
    ~~~~~~~~~^^^^^^^^^^^^^^^^^^^^^^^^^^^^
  File "C:\Program Files (x86)\Python314-32\Lib\logging\__init__.py", line 1665, in _log
    self.handle(record)
    ~~~~~~~~~~~^^^^^^^^
  File "C:\Program Files (x86)\Python314-32\Lib\logging\__init__.py", line 1681, in handle
    self.callHandlers(record)
    ~~~~~~~~~~~~~~~~~^^^^^^^^
  File "C:\Program Files (x86)\Python314-32\Lib\logging\__init__.py", line 1737, in callHandlers
    hdlr.handle(record)
    ~~~~~~~~~~~^^^^^^^^
  File "C:\Program Files (x86)\Python314-32\Lib\logging\__init__.py", line 1027, in handle
    self.emit(record)
    ~~~~~~~~~^^^^^^^^
  File "C:\Users\Vicente\Desktop\clinica_alba\venv\Lib\site-packages\django\utils\log.py", line 125, in emit
    reporter.get_traceback_text(),
    ~~~~~~~~~~~~~~~~~~~~~~~~~~~^^
  File "C:\Users\Vicente\Desktop\clinica_alba\venv\Lib\site-packages\django\views\debug.py", line 436, in 
get_traceback_text
    return t.render(c)
           ~~~~~~~~^^^
  File "C:\Users\Vicente\Desktop\clinica_alba\venv\Lib\site-packages\django\template\base.py", line 171, in render
    return self._render(context)
           ~~~~~~~~~~~~^^^^^^^^^
  File "C:\Users\Vicente\Desktop\clinica_alba\venv\Lib\site-packages\django\test\utils.py", line 110, in 
instrumented_test_render
    template_rendered.send(sender=self, template=self, context=context)
    ~~~~~~~~~~~~~~~~~~~~~~^^^^^^^^^^^^^^^^^^^^^^^^^^^^^^^^^^^^^^^^^^^^^
  File "C:\Users\Vicente\Desktop\clinica_alba\venv\Lib\site-packages\django\dispatch\dispatcher.py", line 189, in send
    response = receiver(signal=self, sender=sender, **named)
  File "C:\Users\Vicente\Desktop\clinica_alba\venv\Lib\site-packages\django\test\client.py", line 275, in 
store_rendered_templates
    store["context"].append(copy(context))
                            ~~~~^^^^^^^^^
  File "C:\Program Files (x86)\Python314-32\Lib\copy.py", line 82, in copy
    return copier(x)
  File "C:\Users\Vicente\Desktop\clinica_alba\venv\Lib\site-packages\django\template\context.py", line 158, in __copy__
    duplicate = super().__copy__()
  File "C:\Users\Vicente\Desktop\clinica_alba\venv\Lib\site-packages\django\template\context.py", line 39, in __copy__
    duplicate.dicts = self.dicts[:]
    ^^^^^^^^^^^^^^^
AttributeError: 'super' object has no attribute 'dicts' and no __dict__ for setting new attributes

During handling of the above exception, another exception occurred:

Traceback (most recent call last):
  File "C:\Users\Vicente\Desktop\clinica_alba\venv\Lib\site-packages\django\core\handlers\exception.py", line 55, in 
inner
    response = get_response(request)
  File "C:\Users\Vicente\Desktop\clinica_alba\venv\Lib\site-packages\django\utils\deprecation.py", line 134, in 
__call__
    response = response or self.get_response(request)
                           ~~~~~~~~~~~~~~~~~^^^^^^^^^
  File "C:\Users\Vicente\Desktop\clinica_alba\venv\Lib\site-packages\django\core\handlers\exception.py", line 57, in 
inner
    response = response_for_exception(request, exc)
  File "C:\Users\Vicente\Desktop\clinica_alba\venv\Lib\site-packages\django\core\handlers\exception.py", line 143, in 
response_for_exception
    log_response(
    ~~~~~~~~~~~~^
        "%s: %s",
        ^^^^^^^^^
    ...<4 lines>...
        exception=exc,
        ^^^^^^^^^^^^^^
    )
    ^
  File "C:\Users\Vicente\Desktop\clinica_alba\venv\Lib\site-packages\django\utils\log.py", line 241, in log_response
    getattr(logger, level)(
    ~~~~~~~~~~~~~~~~~~~~~~^
        message,
        ^^^^^^^^
    ...<5 lines>...
        exc_info=exception,
        ^^^^^^^^^^^^^^^^^^^
    )
    ^
  File "C:\Program Files (x86)\Python314-32\Lib\logging\__init__.py", line 1549, in error
    self._log(ERROR, msg, args, **kwargs)
    ~~~~~~~~~^^^^^^^^^^^^^^^^^^^^^^^^^^^^
  File "C:\Program Files (x86)\Python314-32\Lib\logging\__init__.py", line 1665, in _log
    self.handle(record)
    ~~~~~~~~~~~^^^^^^^^
  File "C:\Program Files (x86)\Python314-32\Lib\logging\__init__.py", line 1681, in handle
    self.callHandlers(record)
    ~~~~~~~~~~~~~~~~~^^^^^^^^
  File "C:\Program Files (x86)\Python314-32\Lib\logging\__init__.py", line 1737, in callHandlers
    hdlr.handle(record)
    ~~~~~~~~~~~^^^^^^^^
  File "C:\Program Files (x86)\Python314-32\Lib\logging\__init__.py", line 1027, in handle
    self.emit(record)
    ~~~~~~~~~^^^^^^^^
  File "C:\Users\Vicente\Desktop\clinica_alba\venv\Lib\site-packages\django\utils\log.py", line 125, in emit
    reporter.get_traceback_text(),
    ~~~~~~~~~~~~~~~~~~~~~~~~~~~^^
  File "C:\Users\Vicente\Desktop\clinica_alba\venv\Lib\site-packages\django\views\debug.py", line 436, in 
get_traceback_text
    return t.render(c)
           ~~~~~~~~^^^
  File "C:\Users\Vicente\Desktop\clinica_alba\venv\Lib\site-packages\django\template\base.py", line 171, in render
    return self._render(context)
           ~~~~~~~~~~~~^^^^^^^^^
  File "C:\Users\Vicente\Desktop\clinica_alba\venv\Lib\site-packages\django\test\utils.py", line 110, in 
instrumented_test_render
    template_rendered.send(sender=self, template=self, context=context)
    ~~~~~~~~~~~~~~~~~~~~~~^^^^^^^^^^^^^^^^^^^^^^^^^^^^^^^^^^^^^^^^^^^^^
  File "C:\Users\Vicente\Desktop\clinica_alba\venv\Lib\site-packages\django\dispatch\dispatcher.py", line 189, in send
    response = receiver(signal=self, sender=sender, **named)
  File "C:\Users\Vicente\Desktop\clinica_alba\venv\Lib\site-packages\django\test\client.py", line 275, in 
store_rendered_templates
    store["context"].append(copy(context))
                            ~~~~^^^^^^^^^
  File "C:\Program Files (x86)\Python314-32\Lib\copy.py", line 82, in copy
    return copier(x)
  File "C:\Users\Vicente\Desktop\clinica_alba\venv\Lib\site-packages\django\template\context.py", line 158, in __copy__
    duplicate = super().__copy__()
  File "C:\Users\Vicente\Desktop\clinica_alba\venv\Lib\site-packages\django\template\context.py", line 39, in __copy__
    duplicate.dicts = self.dicts[:]
    ^^^^^^^^^^^^^^^
AttributeError: 'super' object has no attribute 'dicts' and no __dict__ for setting new attributes

During handling of the above exception, another exception occurred:

Traceback (most recent call last):
  File "C:\Users\Vicente\Desktop\clinica_alba\venv\Lib\site-packages\django\core\handlers\exception.py", line 55, in 
inner
    response = get_response(request)
  File "C:\Users\Vicente\Desktop\clinica_alba\venv\Lib\site-packages\django\utils\deprecation.py", line 134, in 
__call__
    response = response or self.get_response(request)
                           ~~~~~~~~~~~~~~~~~^^^^^^^^^
  File "C:\Users\Vicente\Desktop\clinica_alba\venv\Lib\site-packages\django\core\handlers\exception.py", line 57, in 
inner
    response = response_for_exception(request, exc)
  File "C:\Users\Vicente\Desktop\clinica_alba\venv\Lib\site-packages\django\core\handlers\exception.py", line 143, in 
response_for_exception
    log_response(
    ~~~~~~~~~~~~^
        "%s: %s",
        ^^^^^^^^^
    ...<4 lines>...
        exception=exc,
        ^^^^^^^^^^^^^^
    )
    ^
  File "C:\Users\Vicente\Desktop\clinica_alba\venv\Lib\site-packages\django\utils\log.py", line 241, in log_response
    getattr(logger, level)(
    ~~~~~~~~~~~~~~~~~~~~~~^
        message,
        ^^^^^^^^
    ...<5 lines>...
        exc_info=exception,
        ^^^^^^^^^^^^^^^^^^^
    )
    ^
  File "C:\Program Files (x86)\Python314-32\Lib\logging\__init__.py", line 1549, in error
    self._log(ERROR, msg, args, **kwargs)
    ~~~~~~~~~^^^^^^^^^^^^^^^^^^^^^^^^^^^^
  File "C:\Program Files (x86)\Python314-32\Lib\logging\__init__.py", line 1665, in _log
    self.handle(record)
    ~~~~~~~~~~~^^^^^^^^
  File "C:\Program Files (x86)\Python314-32\Lib\logging\__init__.py", line 1681, in handle
    self.callHandlers(record)
    ~~~~~~~~~~~~~~~~~^^^^^^^^
  File "C:\Program Files (x86)\Python314-32\Lib\logging\__init__.py", line 1737, in callHandlers
    hdlr.handle(record)
    ~~~~~~~~~~~^^^^^^^^
  File "C:\Program Files (x86)\Python314-32\Lib\logging\__init__.py", line 1027, in handle
    self.emit(record)
    ~~~~~~~~~^^^^^^^^
  File "C:\Users\Vicente\Desktop\clinica_alba\venv\Lib\site-packages\django\utils\log.py", line 125, in emit
    reporter.get_traceback_text(),
    ~~~~~~~~~~~~~~~~~~~~~~~~~~~^^
  File "C:\Users\Vicente\Desktop\clinica_alba\venv\Lib\site-packages\django\views\debug.py", line 436, in 
get_traceback_text
    return t.render(c)
           ~~~~~~~~^^^
  File "C:\Users\Vicente\Desktop\clinica_alba\venv\Lib\site-packages\django\template\base.py", line 171, in render
    return self._render(context)
           ~~~~~~~~~~~~^^^^^^^^^
  File "C:\Users\Vicente\Desktop\clinica_alba\venv\Lib\site-packages\django\test\utils.py", line 110, in 
instrumented_test_render
    template_rendered.send(sender=self, template=self, context=context)
    ~~~~~~~~~~~~~~~~~~~~~~^^^^^^^^^^^^^^^^^^^^^^^^^^^^^^^^^^^^^^^^^^^^^
  File "C:\Users\Vicente\Desktop\clinica_alba\venv\Lib\site-packages\django\dispatch\dispatcher.py", line 189, in send
    response = receiver(signal=self, sender=sender, **named)
  File "C:\Users\Vicente\Desktop\clinica_alba\venv\Lib\site-packages\django\test\client.py", line 275, in 
store_rendered_templates
    store["context"].append(copy(context))
                            ~~~~^^^^^^^^^
  File "C:\Program Files (x86)\Python314-32\Lib\copy.py", line 82, in copy
    return copier(x)
  File "C:\Users\Vicente\Desktop\clinica_alba\venv\Lib\site-packages\django\template\context.py", line 158, in __copy__
    duplicate = super().__copy__()
  File "C:\Users\Vicente\Desktop\clinica_alba\venv\Lib\site-packages\django\template\context.py", line 39, in __copy__
    duplicate.dicts = self.dicts[:]
    ^^^^^^^^^^^^^^^
AttributeError: 'super' object has no attribute 'dicts' and no __dict__ for setting new attributes

During handling of the above exception, another exception occurred:

Traceback (most recent call last):
  File "C:\Users\Vicente\Desktop\clinica_alba\venv\Lib\site-packages\django\core\handlers\exception.py", line 55, in 
inner
    response = get_response(request)
  File "C:\Users\Vicente\Desktop\clinica_alba\venv\Lib\site-packages\django\utils\deprecation.py", line 134, in 
__call__
    response = response or self.get_response(request)
                           ~~~~~~~~~~~~~~~~~^^^^^^^^^
  File "C:\Users\Vicente\Desktop\clinica_alba\venv\Lib\site-packages\django\core\handlers\exception.py", line 57, in 
inner
    response = response_for_exception(request, exc)
  File "C:\Users\Vicente\Desktop\clinica_alba\venv\Lib\site-packages\django\core\handlers\exception.py", line 143, in 
response_for_exception
    log_response(
    ~~~~~~~~~~~~^
        "%s: %s",
        ^^^^^^^^^
    ...<4 lines>...
        exception=exc,
        ^^^^^^^^^^^^^^
    )
    ^
  File "C:\Users\Vicente\Desktop\clinica_alba\venv\Lib\site-packages\django\utils\log.py", line 241, in log_response
    getattr(logger, level)(
    ~~~~~~~~~~~~~~~~~~~~~~^
        message,
        ^^^^^^^^
    ...<5 lines>...
        exc_info=exception,
        ^^^^^^^^^^^^^^^^^^^
    )
    ^
  File "C:\Program Files (x86)\Python314-32\Lib\logging\__init__.py", line 1549, in error
    self._log(ERROR, msg, args, **kwargs)
    ~~~~~~~~~^^^^^^^^^^^^^^^^^^^^^^^^^^^^
  File "C:\Program Files (x86)\Python314-32\Lib\logging\__init__.py", line 1665, in _log
    self.handle(record)
    ~~~~~~~~~~~^^^^^^^^
  File "C:\Program Files (x86)\Python314-32\Lib\logging\__init__.py", line 1681, in handle
    self.callHandlers(record)
    ~~~~~~~~~~~~~~~~~^^^^^^^^
  File "C:\Program Files (x86)\Python314-32\Lib\logging\__init__.py", line 1737, in callHandlers
    hdlr.handle(record)
    ~~~~~~~~~~~^^^^^^^^
  File "C:\Program Files (x86)\Python314-32\Lib\logging\__init__.py", line 1027, in handle
    self.emit(record)
    ~~~~~~~~~^^^^^^^^
  File "C:\Users\Vicente\Desktop\clinica_alba\venv\Lib\site-packages\django\utils\log.py", line 125, in emit
    reporter.get_traceback_text(),
    ~~~~~~~~~~~~~~~~~~~~~~~~~~~^^
  File "C:\Users\Vicente\Desktop\clinica_alba\venv\Lib\site-packages\django\views\debug.py", line 436, in 
get_traceback_text
    return t.render(c)
           ~~~~~~~~^^^
  File "C:\Users\Vicente\Desktop\clinica_alba\venv\Lib\site-packages\django\template\base.py", line 171, in render
    return self._render(context)
           ~~~~~~~~~~~~^^^^^^^^^
  File "C:\Users\Vicente\Desktop\clinica_alba\venv\Lib\site-packages\django\test\utils.py", line 110, in 
instrumented_test_render
    template_rendered.send(sender=self, template=self, context=context)
    ~~~~~~~~~~~~~~~~~~~~~~^^^^^^^^^^^^^^^^^^^^^^^^^^^^^^^^^^^^^^^^^^^^^
  File "C:\Users\Vicente\Desktop\clinica_alba\venv\Lib\site-packages\django\dispatch\dispatcher.py", line 189, in send
    response = receiver(signal=self, sender=sender, **named)
  File "C:\Users\Vicente\Desktop\clinica_alba\venv\Lib\site-packages\django\test\client.py", line 275, in 
store_rendered_templates
    store["context"].append(copy(context))
                            ~~~~^^^^^^^^^
  File "C:\Program Files (x86)\Python314-32\Lib\copy.py", line 82, in copy
    return copier(x)
  File "C:\Users\Vicente\Desktop\clinica_alba\venv\Lib\site-packages\django\template\context.py", line 158, in __copy__
    duplicate = super().__copy__()
  File "C:\Users\Vicente\Desktop\clinica_alba\venv\Lib\site-packages\django\template\context.py", line 39, in __copy__
    duplicate.dicts = self.dicts[:]
    ^^^^^^^^^^^^^^^
AttributeError: 'super' object has no attribute 'dicts' and no __dict__ for setting new attributes

During handling of the above exception, another exception occurred:

Traceback (most recent call last):
  File "C:\Users\Vicente\Desktop\clinica_alba\venv\Lib\site-packages\django\core\handlers\exception.py", line 55, in 
inner
    response = get_response(request)
  File "C:\Users\Vicente\Desktop\clinica_alba\venv\Lib\site-packages\django\utils\deprecation.py", line 134, in 
__call__
    response = response or self.get_response(request)
                           ~~~~~~~~~~~~~~~~~^^^^^^^^^
  File "C:\Users\Vicente\Desktop\clinica_alba\venv\Lib\site-packages\django\core\handlers\exception.py", line 57, in 
inner
    response = response_for_exception(request, exc)
  File "C:\Users\Vicente\Desktop\clinica_alba\venv\Lib\site-packages\django\core\handlers\exception.py", line 143, in 
response_for_exception
    log_response(
    ~~~~~~~~~~~~^
        "%s: %s",
        ^^^^^^^^^
    ...<4 lines>...
        exception=exc,
        ^^^^^^^^^^^^^^
    )
    ^
  File "C:\Users\Vicente\Desktop\clinica_alba\venv\Lib\site-packages\django\utils\log.py", line 241, in log_response
    getattr(logger, level)(
    ~~~~~~~~~~~~~~~~~~~~~~^
        message,
        ^^^^^^^^
    ...<5 lines>...
        exc_info=exception,
        ^^^^^^^^^^^^^^^^^^^
    )
    ^
  File "C:\Program Files (x86)\Python314-32\Lib\logging\__init__.py", line 1549, in error
    self._log(ERROR, msg, args, **kwargs)
    ~~~~~~~~~^^^^^^^^^^^^^^^^^^^^^^^^^^^^
  File "C:\Program Files (x86)\Python314-32\Lib\logging\__init__.py", line 1665, in _log
    self.handle(record)
    ~~~~~~~~~~~^^^^^^^^
  File "C:\Program Files (x86)\Python314-32\Lib\logging\__init__.py", line 1681, in handle
    self.callHandlers(record)
    ~~~~~~~~~~~~~~~~~^^^^^^^^
  File "C:\Program Files (x86)\Python314-32\Lib\logging\__init__.py", line 1737, in callHandlers
    hdlr.handle(record)
    ~~~~~~~~~~~^^^^^^^^
  File "C:\Program Files (x86)\Python314-32\Lib\logging\__init__.py", line 1027, in handle
    self.emit(record)
    ~~~~~~~~~^^^^^^^^
  File "C:\Users\Vicente\Desktop\clinica_alba\venv\Lib\site-packages\django\utils\log.py", line 125, in emit
    reporter.get_traceback_text(),
    ~~~~~~~~~~~~~~~~~~~~~~~~~~~^^
  File "C:\Users\Vicente\Desktop\clinica_alba\venv\Lib\site-packages\django\views\debug.py", line 436, in 
get_traceback_text
    return t.render(c)
           ~~~~~~~~^^^
  File "C:\Users\Vicente\Desktop\clinica_alba\venv\Lib\site-packages\django\template\base.py", line 171, in render
    return self._render(context)
           ~~~~~~~~~~~~^^^^^^^^^
  File "C:\Users\Vicente\Desktop\clinica_alba\venv\Lib\site-packages\django\test\utils.py", line 110, in 
instrumented_test_render
    template_rendered.send(sender=self, template=self, context=context)
    ~~~~~~~~~~~~~~~~~~~~~~^^^^^^^^^^^^^^^^^^^^^^^^^^^^^^^^^^^^^^^^^^^^^
  File "C:\Users\Vicente\Desktop\clinica_alba\venv\Lib\site-packages\django\dispatch\dispatcher.py", line 189, in send
    response = receiver(signal=self, sender=sender, **named)
  File "C:\Users\Vicente\Desktop\clinica_alba\venv\Lib\site-packages\django\test\client.py", line 275, in 
store_rendered_templates
    store["context"].append(copy(context))
                            ~~~~^^^^^^^^^
  File "C:\Program Files (x86)\Python314-32\Lib\copy.py", line 82, in copy
    return copier(x)
  File "C:\Users\Vicente\Desktop\clinica_alba\venv\Lib\site-packages\django\template\context.py", line 158, in __copy__
    duplicate = super().__copy__()
  File "C:\Users\Vicente\Desktop\clinica_alba\venv\Lib\site-packages\django\template\context.py", line 39, in __copy__
    duplicate.dicts = self.dicts[:]
    ^^^^^^^^^^^^^^^
AttributeError: 'super' object has no attribute 'dicts' and no __dict__ for setting new attributes

During handling of the above exception, another exception occurred:

Traceback (most recent call last):
  File "C:\Users\Vicente\Desktop\clinica_alba\venv\Lib\site-packages\django\core\handlers\exception.py", line 55, in 
inner
    response = get_response(request)
  File "C:\Users\Vicente\Desktop\clinica_alba\venv\Lib\site-packages\django\utils\deprecation.py", line 134, in 
__call__
    response = response or self.get_response(request)
                           ~~~~~~~~~~~~~~~~~^^^^^^^^^
  File "C:\Users\Vicente\Desktop\clinica_alba\venv\Lib\site-packages\django\core\handlers\exception.py", line 57, in 
inner
    response = response_for_exception(request, exc)
  File "C:\Users\Vicente\Desktop\clinica_alba\venv\Lib\site-packages\django\core\handlers\exception.py", line 143, in 
response_for_exception
    log_response(
    ~~~~~~~~~~~~^
        "%s: %s",
        ^^^^^^^^^
    ...<4 lines>...
        exception=exc,
        ^^^^^^^^^^^^^^
    )
    ^
  File "C:\Users\Vicente\Desktop\clinica_alba\venv\Lib\site-packages\django\utils\log.py", line 241, in log_response
    getattr(logger, level)(
    ~~~~~~~~~~~~~~~~~~~~~~^
        message,
        ^^^^^^^^
    ...<5 lines>...
        exc_info=exception,
        ^^^^^^^^^^^^^^^^^^^
    )
    ^
  File "C:\Program Files (x86)\Python314-32\Lib\logging\__init__.py", line 1549, in error
    self._log(ERROR, msg, args, **kwargs)
    ~~~~~~~~~^^^^^^^^^^^^^^^^^^^^^^^^^^^^
  File "C:\Program Files (x86)\Python314-32\Lib\logging\__init__.py", line 1665, in _log
    self.handle(record)
    ~~~~~~~~~~~^^^^^^^^
  File "C:\Program Files (x86)\Python314-32\Lib\logging\__init__.py", line 1681, in handle
    self.callHandlers(record)
    ~~~~~~~~~~~~~~~~~^^^^^^^^
  File "C:\Program Files (x86)\Python314-32\Lib\logging\__init__.py", line 1737, in callHandlers
    hdlr.handle(record)
    ~~~~~~~~~~~^^^^^^^^
  File "C:\Program Files (x86)\Python314-32\Lib\logging\__init__.py", line 1027, in handle
    self.emit(record)
    ~~~~~~~~~^^^^^^^^
  File "C:\Users\Vicente\Desktop\clinica_alba\venv\Lib\site-packages\django\utils\log.py", line 125, in emit
    reporter.get_traceback_text(),
    ~~~~~~~~~~~~~~~~~~~~~~~~~~~^^
  File "C:\Users\Vicente\Desktop\clinica_alba\venv\Lib\site-packages\django\views\debug.py", line 436, in 
get_traceback_text
    return t.render(c)
           ~~~~~~~~^^^
  File "C:\Users\Vicente\Desktop\clinica_alba\venv\Lib\site-packages\django\template\base.py", line 171, in render
    return self._render(context)
           ~~~~~~~~~~~~^^^^^^^^^
  File "C:\Users\Vicente\Desktop\clinica_alba\venv\Lib\site-packages\django\test\utils.py", line 110, in 
instrumented_test_render
    template_rendered.send(sender=self, template=self, context=context)
    ~~~~~~~~~~~~~~~~~~~~~~^^^^^^^^^^^^^^^^^^^^^^^^^^^^^^^^^^^^^^^^^^^^^
  File "C:\Users\Vicente\Desktop\clinica_alba\venv\Lib\site-packages\django\dispatch\dispatcher.py", line 189, in send
    response = receiver(signal=self, sender=sender, **named)
  File "C:\Users\Vicente\Desktop\clinica_alba\venv\Lib\site-packages\django\test\client.py", line 275, in 
store_rendered_templates
    store["context"].append(copy(context))
                            ~~~~^^^^^^^^^
  File "C:\Program Files (x86)\Python314-32\Lib\copy.py", line 82, in copy
    return copier(x)
  File "C:\Users\Vicente\Desktop\clinica_alba\venv\Lib\site-packages\django\template\context.py", line 158, in __copy__
    duplicate = super().__copy__()
  File "C:\Users\Vicente\Desktop\clinica_alba\venv\Lib\site-packages\django\template\context.py", line 39, in __copy__
    duplicate.dicts = self.dicts[:]
    ^^^^^^^^^^^^^^^
AttributeError: 'super' object has no attribute 'dicts' and no __dict__ for setting new attributes

During handling of the above exception, another exception occurred:

Traceback (most recent call last):
  File "C:\Users\Vicente\Desktop\clinica_alba\venv\Lib\site-packages\django\core\handlers\exception.py", line 55, in 
inner
    response = get_response(request)
  File "C:\Users\Vicente\Desktop\clinica_alba\venv\Lib\site-packages\whitenoise\middleware.py", line 124, in __call__
    return self.get_response(request)
           ~~~~~~~~~~~~~~~~~^^^^^^^^^
  File "C:\Users\Vicente\Desktop\clinica_alba\venv\Lib\site-packages\django\core\handlers\exception.py", line 57, in 
inner
    response = response_for_exception(request, exc)
  File "C:\Users\Vicente\Desktop\clinica_alba\venv\Lib\site-packages\django\core\handlers\exception.py", line 143, in 
response_for_exception
    log_response(
    ~~~~~~~~~~~~^
        "%s: %s",
        ^^^^^^^^^
    ...<4 lines>...
        exception=exc,
        ^^^^^^^^^^^^^^
    )
    ^
  File "C:\Users\Vicente\Desktop\clinica_alba\venv\Lib\site-packages\django\utils\log.py", line 241, in log_response
    getattr(logger, level)(
    ~~~~~~~~~~~~~~~~~~~~~~^
        message,
        ^^^^^^^^
    ...<5 lines>...
        exc_info=exception,
        ^^^^^^^^^^^^^^^^^^^
    )
    ^
  File "C:\Program Files (x86)\Python314-32\Lib\logging\__init__.py", line 1549, in error
    self._log(ERROR, msg, args, **kwargs)
    ~~~~~~~~~^^^^^^^^^^^^^^^^^^^^^^^^^^^^
  File "C:\Program Files (x86)\Python314-32\Lib\logging\__init__.py", line 1665, in _log
    self.handle(record)
    ~~~~~~~~~~~^^^^^^^^
  File "C:\Program Files (x86)\Python314-32\Lib\logging\__init__.py", line 1681, in handle
    self.callHandlers(record)
    ~~~~~~~~~~~~~~~~~^^^^^^^^
  File "C:\Program Files (x86)\Python314-32\Lib\logging\__init__.py", line 1737, in callHandlers
    hdlr.handle(record)
    ~~~~~~~~~~~^^^^^^^^
  File "C:\Program Files (x86)\Python314-32\Lib\logging\__init__.py", line 1027, in handle
    self.emit(record)
    ~~~~~~~~~^^^^^^^^
  File "C:\Users\Vicente\Desktop\clinica_alba\venv\Lib\site-packages\django\utils\log.py", line 125, in emit
    reporter.get_traceback_text(),
    ~~~~~~~~~~~~~~~~~~~~~~~~~~~^^
  File "C:\Users\Vicente\Desktop\clinica_alba\venv\Lib\site-packages\django\views\debug.py", line 436, in 
get_traceback_text
    return t.render(c)
           ~~~~~~~~^^^
  File "C:\Users\Vicente\Desktop\clinica_alba\venv\Lib\site-packages\django\template\base.py", line 171, in render
    return self._render(context)
           ~~~~~~~~~~~~^^^^^^^^^
  File "C:\Users\Vicente\Desktop\clinica_alba\venv\Lib\site-packages\django\test\utils.py", line 110, in 
instrumented_test_render
    template_rendered.send(sender=self, template=self, context=context)
    ~~~~~~~~~~~~~~~~~~~~~~^^^^^^^^^^^^^^^^^^^^^^^^^^^^^^^^^^^^^^^^^^^^^
  File "C:\Users\Vicente\Desktop\clinica_alba\venv\Lib\site-packages\django\dispatch\dispatcher.py", line 189, in send
    response = receiver(signal=self, sender=sender, **named)
  File "C:\Users\Vicente\Desktop\clinica_alba\venv\Lib\site-packages\django\test\client.py", line 275, in 
store_rendered_templates
    store["context"].append(copy(context))
                            ~~~~^^^^^^^^^
  File "C:\Program Files (x86)\Python314-32\Lib\copy.py", line 82, in copy
    return copier(x)
  File "C:\Users\Vicente\Desktop\clinica_alba\venv\Lib\site-packages\django\template\context.py", line 158, in __copy__
    duplicate = super().__copy__()
  File "C:\Users\Vicente\Desktop\clinica_alba\venv\Lib\site-packages\django\template\context.py", line 39, in __copy__
    duplicate.dicts = self.dicts[:]
    ^^^^^^^^^^^^^^^
AttributeError: 'super' object has no attribute 'dicts' and no __dict__ for setting new attributes

During handling of the above exception, another exception occurred:

Traceback (most recent call last):
  File "C:\Users\Vicente\Desktop\clinica_alba\venv\Lib\site-packages\django\core\handlers\exception.py", line 55, in 
inner
    response = get_response(request)
  File "C:\Users\Vicente\Desktop\clinica_alba\venv\Lib\site-packages\django\utils\deprecation.py", line 134, in 
__call__
    response = response or self.get_response(request)
                           ~~~~~~~~~~~~~~~~~^^^^^^^^^
  File "C:\Users\Vicente\Desktop\clinica_alba\venv\Lib\site-packages\django\core\handlers\exception.py", line 57, in 
inner
    response = response_for_exception(request, exc)
  File "C:\Users\Vicente\Desktop\clinica_alba\venv\Lib\site-packages\django\core\handlers\exception.py", line 143, in 
response_for_exception
    log_response(
    ~~~~~~~~~~~~^
        "%s: %s",
        ^^^^^^^^^
    ...<4 lines>...
        exception=exc,
        ^^^^^^^^^^^^^^
    )
    ^
  File "C:\Users\Vicente\Desktop\clinica_alba\venv\Lib\site-packages\django\utils\log.py", line 241, in log_response
    getattr(logger, level)(
    ~~~~~~~~~~~~~~~~~~~~~~^
        message,
        ^^^^^^^^
    ...<5 lines>...
        exc_info=exception,
        ^^^^^^^^^^^^^^^^^^^
    )
    ^
  File "C:\Program Files (x86)\Python314-32\Lib\logging\__init__.py", line 1549, in error
    self._log(ERROR, msg, args, **kwargs)
    ~~~~~~~~~^^^^^^^^^^^^^^^^^^^^^^^^^^^^
  File "C:\Program Files (x86)\Python314-32\Lib\logging\__init__.py", line 1665, in _log
    self.handle(record)
    ~~~~~~~~~~~^^^^^^^^
  File "C:\Program Files (x86)\Python314-32\Lib\logging\__init__.py", line 1681, in handle
    self.callHandlers(record)
    ~~~~~~~~~~~~~~~~~^^^^^^^^
  File "C:\Program Files (x86)\Python314-32\Lib\logging\__init__.py", line 1737, in callHandlers
    hdlr.handle(record)
    ~~~~~~~~~~~^^^^^^^^
  File "C:\Program Files (x86)\Python314-32\Lib\logging\__init__.py", line 1027, in handle
    self.emit(record)
    ~~~~~~~~~^^^^^^^^
  File "C:\Users\Vicente\Desktop\clinica_alba\venv\Lib\site-packages\django\utils\log.py", line 125, in emit
    reporter.get_traceback_text(),
    ~~~~~~~~~~~~~~~~~~~~~~~~~~~^^
  File "C:\Users\Vicente\Desktop\clinica_alba\venv\Lib\site-packages\django\views\debug.py", line 436, in 
get_traceback_text
    return t.render(c)
           ~~~~~~~~^^^
  File "C:\Users\Vicente\Desktop\clinica_alba\venv\Lib\site-packages\django\template\base.py", line 171, in render
    return self._render(context)
           ~~~~~~~~~~~~^^^^^^^^^
  File "C:\Users\Vicente\Desktop\clinica_alba\venv\Lib\site-packages\django\test\utils.py", line 110, in 
instrumented_test_render
    template_rendered.send(sender=self, template=self, context=context)
    ~~~~~~~~~~~~~~~~~~~~~~^^^^^^^^^^^^^^^^^^^^^^^^^^^^^^^^^^^^^^^^^^^^^
  File "C:\Users\Vicente\Desktop\clinica_alba\venv\Lib\site-packages\django\dispatch\dispatcher.py", line 189, in send
    response = receiver(signal=self, sender=sender, **named)
  File "C:\Users\Vicente\Desktop\clinica_alba\venv\Lib\site-packages\django\test\client.py", line 275, in 
store_rendered_templates
    store["context"].append(copy(context))
                            ~~~~^^^^^^^^^
  File "C:\Program Files (x86)\Python314-32\Lib\copy.py", line 82, in copy
    return copier(x)
  File "C:\Users\Vicente\Desktop\clinica_alba\venv\Lib\site-packages\django\template\context.py", line 158, in __copy__
    duplicate = super().__copy__()
  File "C:\Users\Vicente\Desktop\clinica_alba\venv\Lib\site-packages\django\template\context.py", line 39, in __copy__
    duplicate.dicts = self.dicts[:]
    ^^^^^^^^^^^^^^^
AttributeError: 'super' object has no attribute 'dicts' and no __dict__ for setting new attributes

During handling of the above exception, another exception occurred:

Traceback (most recent call last):
  File "C:\Users\Vicente\Desktop\clinica_alba\tests\test_auth.py", line 54, in test_redireccion_sin_login
    self.assertRedirects(resp, f"{self.url_login}?next=/")
    ~~~~~~~~~~~~~~~~~~~~^^^^^^^^^^^^^^^^^^^^^^^^^^^^^^^^^^
  File "C:\Users\Vicente\Desktop\clinica_alba\venv\Lib\site-packages\django\test\testcases.py", line 425, in 
assertRedirects
    redirect_response = response.client.get(
        path,
    ...<3 lines>...
        **extra,
    )
  File "C:\Users\Vicente\Desktop\clinica_alba\venv\Lib\site-packages\django\test\client.py", line 1049, in get
    response = super().get(path, data=data, secure=secure, headers=headers, **extra)
  File "C:\Users\Vicente\Desktop\clinica_alba\venv\Lib\site-packages\django\test\client.py", line 465, in get
    return self.generic(
           ~~~~~~~~~~~~^
        "GET",
        ^^^^^^
    ...<6 lines>...
        },
        ^^
    )
    ^
  File "C:\Users\Vicente\Desktop\clinica_alba\venv\Lib\site-packages\django\test\client.py", line 617, in generic
    return self.request(**r)
           ~~~~~~~~~~~~^^^^^
  File "C:\Users\Vicente\Desktop\clinica_alba\venv\Lib\site-packages\django\test\client.py", line 1008, in request
    response = self.handler(environ)
  File "C:\Users\Vicente\Desktop\clinica_alba\venv\Lib\site-packages\django\test\client.py", line 186, in __call__
    response = self.get_response(request)
  File "C:\Users\Vicente\Desktop\clinica_alba\venv\Lib\site-packages\django\core\handlers\base.py", line 140, in 
get_response
    response = self._middleware_chain(request)
  File "C:\Users\Vicente\Desktop\clinica_alba\venv\Lib\site-packages\django\core\handlers\exception.py", line 57, in 
inner
    response = response_for_exception(request, exc)
  File "C:\Users\Vicente\Desktop\clinica_alba\venv\Lib\site-packages\django\core\handlers\exception.py", line 143, in 
response_for_exception
    log_response(
    ~~~~~~~~~~~~^
        "%s: %s",
        ^^^^^^^^^
    ...<4 lines>...
        exception=exc,
        ^^^^^^^^^^^^^^
    )
    ^
  File "C:\Users\Vicente\Desktop\clinica_alba\venv\Lib\site-packages\django\utils\log.py", line 241, in log_response
    getattr(logger, level)(
    ~~~~~~~~~~~~~~~~~~~~~~^
        message,
        ^^^^^^^^
    ...<5 lines>...
        exc_info=exception,
        ^^^^^^^^^^^^^^^^^^^
    )
    ^
  File "C:\Program Files (x86)\Python314-32\Lib\logging\__init__.py", line 1549, in error
    self._log(ERROR, msg, args, **kwargs)
    ~~~~~~~~~^^^^^^^^^^^^^^^^^^^^^^^^^^^^
  File "C:\Program Files (x86)\Python314-32\Lib\logging\__init__.py", line 1665, in _log
    self.handle(record)
    ~~~~~~~~~~~^^^^^^^^
  File "C:\Program Files (x86)\Python314-32\Lib\logging\__init__.py", line 1681, in handle
    self.callHandlers(record)
    ~~~~~~~~~~~~~~~~~^^^^^^^^
  File "C:\Program Files (x86)\Python314-32\Lib\logging\__init__.py", line 1737, in callHandlers
    hdlr.handle(record)
    ~~~~~~~~~~~^^^^^^^^
  File "C:\Program Files (x86)\Python314-32\Lib\logging\__init__.py", line 1027, in handle
    self.emit(record)
    ~~~~~~~~~^^^^^^^^
  File "C:\Users\Vicente\Desktop\clinica_alba\venv\Lib\site-packages\django\utils\log.py", line 125, in emit
    reporter.get_traceback_text(),
    ~~~~~~~~~~~~~~~~~~~~~~~~~~~^^
  File "C:\Users\Vicente\Desktop\clinica_alba\venv\Lib\site-packages\django\views\debug.py", line 436, in 
get_traceback_text
    return t.render(c)
           ~~~~~~~~^^^
  File "C:\Users\Vicente\Desktop\clinica_alba\venv\Lib\site-packages\django\template\base.py", line 171, in render
    return self._render(context)
           ~~~~~~~~~~~~^^^^^^^^^
  File "C:\Users\Vicente\Desktop\clinica_alba\venv\Lib\site-packages\django\test\utils.py", line 110, in 
instrumented_test_render
    template_rendered.send(sender=self, template=self, context=context)
    ~~~~~~~~~~~~~~~~~~~~~~^^^^^^^^^^^^^^^^^^^^^^^^^^^^^^^^^^^^^^^^^^^^^
  File "C:\Users\Vicente\Desktop\clinica_alba\venv\Lib\site-packages\django\dispatch\dispatcher.py", line 189, in send
    response = receiver(signal=self, sender=sender, **named)
  File "C:\Users\Vicente\Desktop\clinica_alba\venv\Lib\site-packages\django\test\client.py", line 275, in 
store_rendered_templates
    store["context"].append(copy(context))
                            ~~~~^^^^^^^^^
  File "C:\Program Files (x86)\Python314-32\Lib\copy.py", line 82, in copy
    return copier(x)
  File "C:\Users\Vicente\Desktop\clinica_alba\venv\Lib\site-packages\django\template\context.py", line 158, in __copy__
    duplicate = super().__copy__()
  File "C:\Users\Vicente\Desktop\clinica_alba\venv\Lib\site-packages\django\template\context.py", line 39, in __copy__
    duplicate.dicts = self.dicts[:]
    ^^^^^^^^^^^^^^^
AttributeError: 'super' object has no attribute 'dicts' and no __dict__ for setting new attributes

----------------------------------------------------------------------
Ran 5 tests in 9.448s

FAILED (errors=5)
Destroying test database for alias 'default'...

